35.238.173.177 - - [25/Oct/2018:01:14:39 +0000]  "GET /widget/search HTTP/1.1" 200 1826 "https://www.agweb.com/" "Mozilla/5.0 (Macintosh; Intel Mac OS X 10_10_1) AppleWebKit/537.36 (KHTML, like Gecko) Chrome/40.0.2214.111 Safari/537.36 moatbot" 0.156 "154.50.139.157, 154.50.139.157"
35.226.235.22 - - [25/Oct/2018:01:14:54 +0000]  "GET /label-comparison/label_compare/33687?destination=/product-type/crop-oil HTTP/1.1" 200 1351 "-" "Mozilla/5.0 (compatible; AhrefsBot/5.2; +http://ahrefs.com/robot/)" 0.176 "54.36.148.188, 54.36.148.188"
35.238.173.177 - - [25/Oct/2018:01:14:58 +0000]  "GET /label-comparison/label_compare/289325?destination=/ingredients/total-nitrogen%3Fsort_by%3Darticle_title%26sort_order%3DASC%26page%3D13 HTTP/1.1" 200 1384 "-" "Mozilla/5.0 (compatible; AhrefsBot/5.2; +http://ahrefs.com/robot/)" 0.199 "54.36.148.142, 54.36.148.142"
35.226.235.22 - - [25/Oct/2018:01:15:03 +0000]  "GET /widget/search HTTP/1.1" 200 1825 "https://www.agweb.com/" "Mozilla/5.0 (Windows NT 10.0; Win64; x64) AppleWebKit/537.36 (KHTML, like Gecko) Chrome/64.0.3282.140 Safari/537.36 Edge/17.17134" 0.216 "65.131.181.211, 65.131.181.211"
35.238.80.36 - - [25/Oct/2018:01:15:14 +0000]  "GET /article/2018/10/18/bird-repelling-corn-seed-treatment-available?mkt_tok=eyJpIjoiTkdZMU5qUmpZVE0yTURoaiIsInQiOiJhYWZCdFBSdW5JOEduTHlYTjRTa29YbUk5VnYxRWtJXC9DV3BwS1AzaXFrN3hYWFwvUUthYUQ5NmlaOUkxZVZCTFhJOU5jSlQxVTViQjNyRXBmVGd0ek0rNnhUOWFPSDFXdmZDS0dFVjI2K3BIUjN0M2FmcVwvWHhWVkhCTUVJcjhsMCJ9 HTTP/1.1" 200 200880 "http://info.farmjournal.com/dc/rkEZfow449TboG4KtFsIMzmy5VWX2ErX9INLaG_Ovd-4ILcIfHQBGQfmWPgUO_ya-QBEGxONwGSz4lJDWoCOuwdbH5ORDgDCjwCynDZzJ87ux3e_-4LV2f7nCj5JXLtq/ZGvDT0BTx0700n0C730zBYG" "Mozilla/5.0 (Linux; Android 7.0; SM-G930V) AppleWebKit/537.36 (KHTML, like Gecko) Chrome/70.0.3538.64 Mobile Safari/537.36" 0.720 "208.123.236.227, 208.123.236.227"
104.198.217.33 - - [25/Oct/2018:01:15:17 +0000]  "GET /ajax/continent HTTP/1.1" 200 60 "https://www.greenbook.net/article/2018/10/18/bird-repelling-corn-seed-treatment-available?mkt_tok=eyJpIjoiTkdZMU5qUmpZVE0yTURoaiIsInQiOiJhYWZCdFBSdW5JOEduTHlYTjRTa29YbUk5VnYxRWtJXC9DV3BwS1AzaXFrN3hYWFwvUUthYUQ5NmlaOUkxZVZCTFhJOU5jSlQxVTViQjNyRXBmVGd0ek0rNnhUOWFPSDFXdmZDS0dFVjI2K3BIUjN0M2FmcVwvWHhWVkhCTUVJcjhsMCJ9" "Mozilla/5.0 (Linux; Android 7.0; SM-G930V) AppleWebKit/537.36 (KHTML, like Gecko) Chrome/70.0.3538.64 Mobile Safari/537.36" 0.243 "208.123.236.227, 208.123.236.227"
104.198.217.33 - - [25/Oct/2018:01:15:24 +0000]  "GET /widget/search HTTP/1.1" 200 1826 "https://www.agweb.com/" "Mozilla/5.0 (Windows NT 10.0; Win64; x64) AppleWebKit/537.36 (KHTML, like Gecko) Chrome/64.0.3282.140 Safari/537.36 Edge/17.17134" 0.165 "75.117.219.134, 75.117.219.134"
35.226.235.22 - - [25/Oct/2018:01:15:26 +0000]  "GET /widget/search HTTP/1.1" 200 1818 "https://www.agweb.com/" "Mozilla/5.0 (Linux; Android 5.1.1; KFSUWI Build/LVY48F) AppleWebKit/537.36 (KHTML, like Gecko) Silk/69.4.17 like Chrome/69.0.3497.100 Safari/537.36" 0.156 "71.213.67.143, 71.213.67.143"
35.238.80.36 - - [25/Oct/2018:01:15:30 +0000]  "GET /widget/search HTTP/1.1" 200 1820 "https://www.agprofessional.com/" "Mozilla/5.0 (Windows NT 6.1; WOW64; rv:33.0) Gecko/20100101 Firefox/33.0" 0.171 "54.172.206.162, 54.172.206.162"
35.238.80.36 - - [25/Oct/2018:01:15:31 +0000]  "GET /widget/search HTTP/1.1" 200 1818 "https://www.agweb.com/" "Mozilla/5.0 (Linux; Android 5.1.1; KFSUWI Build/LVY48F) AppleWebKit/537.36 (KHTML, like Gecko) Silk/69.4.17 like Chrome/69.0.3497.100 Safari/537.36" 0.117 "71.213.67.143, 71.213.67.143"
35.226.235.22 - - [25/Oct/2018:01:15:33 +0000]  "GET /widget/search HTTP/1.1" 200 1820 "https://www.agweb.com/" "Mozilla/5.0 (Windows NT 6.1; Win64; x64; rv:62.0) Gecko/20100101 Firefox/62.0" 0.117 "50.32.211.146, 50.32.211.146"
35.226.235.22 - - [25/Oct/2018:01:15:34 +0000]  "GET /widget/search HTTP/1.1" 200 1821 "https://www.agweb.com/" "Mozilla/5.0 (iPad; CPU OS 12_0 like Mac OS X) AppleWebKit/605.1.15 (KHTML, like Gecko) Version/12.0 Mobile/15E148 Safari/604.1" 0.117 "96.31.28.82, 96.31.28.82"
35.238.80.36 - - [25/Oct/2018:01:15:47 +0000]  "GET /article/2018/10/17/killer-robots-weeds-wont-know-what-hit-em?mkt_tok=eyJpIjoiTkRjek56VmtORFUzTjJRMSIsInQiOiJ1K05nRHhkNlAzV0FYbFlPQTBOK3hVUlBXS1R2ZnVNVFwvNkdGSnRjUXNIbnM0M0xqdnRcL2k5XC9DbEp2UXYzM2R1ZlhcL3M0YStVeUFOQUZDZVBcLzFoQlR1MHVHY2o2TTJlYjRuaW55ZXE3XC9tUE9ibytranZncTUrV1h2Zm44UGducCJ9 HTTP/1.1" 301 5 "http://info.farmjournal.com/dc/rkEZfow449TboG4KtFsIMzmy5VWX2ErX9INLaG_Ovd9wkG1K1-PNZ9QJq5fVu3AbcBjUBwYWeoF9ABlWIAortfYOIWRNdo6hCMgk_rThD5hlKvLr_qOmWbUZmH-OTBPQ/JG3zYp07BB0vbGn7xZ00020" "Mozilla/5.0 (iPhone; CPU iPhone OS 11_4_1 like Mac OS X) AppleWebKit/605.1.15 (KHTML, like Gecko) Version/11.0 Mobile/15E148 Safari/604.1" 0.015 "97.34.133.74"
35.238.173.177 - - [25/Oct/2018:01:15:51 +0000]  "GET /article/2018/10/17/killer-robots-weeds-wont-know-what-hit-em?mkt_tok=eyJpIjoiTkRjek56VmtORFUzTjJRMSIsInQiOiJ1K05nRHhkNlAzV0FYbFlPQTBOK3hVUlBXS1R2ZnVNVFwvNkdGSnRjUXNIbnM0M0xqdnRcL2k5XC9DbEp2UXYzM2R1ZlhcL3M0YStVeUFOQUZDZVBcLzFoQlR1MHVHY2o2TTJlYjRuaW55ZXE3XC9tUE9ibytranZncTUrV1h2Zm44UGducCJ9 HTTP/1.1" 200 201707 "http://info.farmjournal.com/dc/rkEZfow449TboG4KtFsIMzmy5VWX2ErX9INLaG_Ovd9wkG1K1-PNZ9QJq5fVu3AbcBjUBwYWeoF9ABlWIAortfYOIWRNdo6hCMgk_rThD5hlKvLr_qOmWbUZmH-OTBPQ/JG3zYp07BB0vbGn7xZ00020" "Mozilla/5.0 (iPhone; CPU iPhone OS 11_4_1 like Mac OS X) AppleWebKit/605.1.15 (KHTML, like Gecko) Version/11.0 Mobile/15E148 Safari/604.1" 0.916 "97.34.133.74, 97.34.133.74"
35.238.173.177 - - [25/Oct/2018:01:15:55 +0000]  "GET //?network=d&matchtype=&keyword=fertilizer&creative=251784795359&device=m&devicemodel=apple%2Biphone&placement=homeguides.sfgate.com&position=none&campaignid=1051500148&adgroupid=47067694690&loc_physical_ms=1026339&loc_interest_ms=&gclid=EAIaIQobChMIgoHUt7Wg3gIVgSWtBh3DpQUuEAEYASAAEgI8UfD_BwE HTTP/1.1" 302 7123 "https://googleads.g.doubleclick.net/pagead/ads?client=ca-pub-3235755782694080&output=html&h=190&w=375&bih=635&biw=375&slotname=1483013110&adk=2272820458&url=https://homeguides.sfgate.com/jalapeno-seeds-supposed-brown-103549.html&ref=https://www.google.com/&frm=20&guci=2.2.0.0.2.2.0&eid=10593695,21060853,21070025&loeid=10583695&u_his=2&brdim=0,0,0,0,375,0,0,0,375,635&prev_fmts=375x190_0ads_al&format=fpkc_al_lp&kw_type=radlink&hl=en&rt=ChBb0RkcAAfa6QatF5ssBCdlEgEgGgg0A7uvOGlAiygBUhMIoZOiq7Wg3gIVC8tkCh3IrgxceAGCARgKFEJyb3duIEphbGFwZW5vIFNlZWRzEgCCAR0KGUdyb3dpbmcgUGxhbnRzIGZyb20gU2VlZHMSAIIBHAoYTmF0dXJhbCBSZW1lZHkgVHJlYXRtZW50EgCCASAKHExpc3Qgb2YgSGVhbHRoeSBGb29kcyB0byBFYXQSAIgBAA&ad_type=text" "Mozilla/5.0 (iPhone; CPU iPhone OS 11_4 like Mac OS X) AppleWebKit/605.1.15 (KHTML, like Gecko) Version/11.0 Mobile/15E148 Safari/604.1" 0.055 "2600:387:1:811::94, 2600:387:1:811::94"
35.239.122.215 - - [25/Oct/2018:01:14:35 +0000]  "GET /widget/search HTTP/1.1" 200 1818 "https://www.agweb.com/" "Mozilla/5.0 (Windows NT 6.1; Win64; x64) AppleWebKit/537.36 (KHTML, like Gecko) Chrome/69.0.3497.100 Safari/537.36" 0.181 "209.188.64.249, 209.188.64.249"
35.239.122.215 - - [25/Oct/2018:01:14:47 +0000]  "GET /label-comparison/label_compare/32649?destination=/winfield-united/yuma-4e%3Fref%3Dlabel_search%26page%3D2 HTTP/1.1" 200 1348 "-" "Mozilla/5.0 (compatible; AhrefsBot/5.2; +http://ahrefs.com/robot/)" 0.232 "54.36.149.13, 54.36.149.13"
35.239.122.215 - - [25/Oct/2018:01:14:51 +0000]  "GET /widget/search HTTP/1.1" 200 1819 "https://www.agweb.com/" "Mozilla/5.0 (iPad; CPU OS 10_1_1 like Mac OS X) AppleWebKit/602.2.14 (KHTML, like Gecko) Version/10.0 Mobile/14B100 Safari/602.1" 0.136 "50.40.67.150, 50.40.67.150"
35.239.122.215 - - [25/Oct/2018:01:15:07 +0000]  "GET /crops/trees-deep-feeding HTTP/1.1" 200 379837 "-" "Mozilla/5.0 (compatible; YandexBot/3.0; +http://yandex.com/bots)" 2.165 "5.45.207.56, 5.45.207.56"
35.239.122.215 - - [25/Oct/2018:01:15:08 +0000]  "GET / HTTP/1.1" 200 201744 "-" "Pingdom.com_bot_version_1.4_(http://www.pingdom.com/)" 0.042 "209.126.120.29, 209.126.120.29"
35.239.122.215 - - [25/Oct/2018:01:15:21 +0000]  "GET /label-comparison/label_compare/32119?destination=/helena-agri-enterprises-llc/tracite-lfzinc-10-8-0-0%3Fpage%3D1%26ref%3Dlabel_search HTTP/1.1" 200 1393 "-" "Mozilla/5.0 (compatible; AhrefsBot/5.2; +http://ahrefs.com/robot/)" 0.174 "54.36.148.89, 54.36.148.89"
35.239.122.215 - - [25/Oct/2018:01:16:03 +0000]  "GET /fmc-corporation/stanza HTTP/1.1" 200 208465 "-" "Mozilla/5.0 (iPhone; CPU iPhone OS 7_0 like Mac OS X) AppleWebKit/537.51.1 (KHTML, like Gecko) Version/7.0 Mobile/11A465 Safari/9537.53 (compatible; bingbot/2.0; +http://www.bing.com/bingbot.htm)" 3.930 "157.55.39.145, 157.55.39.145"
35.238.173.177 - - [25/Oct/2018:01:15:56 +0000]  "GET /ajax/continent HTTP/1.1" 200 60 "https://www.greenbook.net/article/2018/10/17/killer-robots-weeds-wont-know-what-hit-em?mkt_tok=eyJpIjoiTkRjek56VmtORFUzTjJRMSIsInQiOiJ1K05nRHhkNlAzV0FYbFlPQTBOK3hVUlBXS1R2ZnVNVFwvNkdGSnRjUXNIbnM0M0xqdnRcL2k5XC9DbEp2UXYzM2R1ZlhcL3M0YStVeUFOQUZDZVBcLzFoQlR1MHVHY2o2TTJlYjRuaW55ZXE3XC9tUE9ibytranZncTUrV1h2Zm44UGducCJ9" "Mozilla/5.0 (iPhone; CPU iPhone OS 11_4_1 like Mac OS X) AppleWebKit/605.1.15 (KHTML, like Gecko) Version/11.0 Mobile/15E148 Safari/604.1" 0.271 "97.34.133.74, 97.34.133.74"
35.238.80.36 - - [25/Oct/2018:01:16:00 +0000]  "GET /widget/search HTTP/1.1" 200 1817 "https://www.agweb.com/" "Mozilla/5.0 (Linux; Android 5.1.1; KFSUWI Build/LVY48F) AppleWebKit/537.36 (KHTML, like Gecko) Silk/69.4.17 like Chrome/69.0.3497.100 Safari/537.36" 0.161 "71.213.67.143, 71.213.67.143"
35.238.80.36 - - [25/Oct/2018:01:16:06 +0000]  "GET /ajax/continent HTTP/1.1" 200 60 "https://www.greenbook.net/loveland-products-inc/holster" "Mozilla/5.0 (iPhone; CPU iPhone OS 11_4_1 like Mac OS X) AppleWebKit/605.1.15 (KHTML, like Gecko) Version/11.0 Mobile/15E148 Safari/604.1" 0.384 "24.162.169.155, 24.162.169.155"
35.226.235.22 - - [25/Oct/2018:01:16:11 +0000]  "GET /ajax/continent HTTP/1.1" 200 60 "https://www.greenbook.net/article/2018/10/23/roundup-lawsuit-judge-trims-200-million-jury-award?mkt_tok=eyJpIjoiTVRFM1pEVTVNVFk1TkRWaiIsInQiOiJ4OUpTMW5pZCtqTnY3UGRHNnh3WEVOUFFUTVBWZFdJd3RhTEhkdlFBdjVPS0Z3RGxCRjNKSjQzZzlsaW03K3FzMU9nOGVwUWFqMnJja3JIcDdTU2Q5UDZSR21vNTlpdm1CYnhkeU9aSlFKOWlFYUJRZ1pVQUhpc3h3SU1XSHFvdSJ9" "Mozilla/5.0 (Linux; Android 7.0; SM-G950U Build/NRD90M) AppleWebKit/537.36 (KHTML, like Gecko) Chrome/67.0.3396.87 Mobile Safari/537.36" 0.240 "2600:1009:b142:e2f2:596c:4423:9d4d:e22f, 2600:1009:b142:e2f2:596c:4423:9d4d:e22f"
35.238.173.177 - - [25/Oct/2018:01:14:04 +0000]  "GET /ajax/continent HTTP/1.1" 200 60 "https://www.greenbook.net/article/2018/10/17/killer-robots-weeds-wont-know-what-hit-em?mkt_tok=eyJpIjoiWmpCaU9XRTRPV1JtWWpSaSIsInQiOiJSdk41TGliWkdoWEUrNUtweWhVMWkwN0ZtRXlSbGJ3RnRUa05rcG1pamtPWm8zeGRpMjdQcFpKUlNER1pNZW9zMEpzbGIwTjQ1TERsRU9DTTVnZXROM1JuaTV0MDJWNEZKcVNpNDhYNHYxYk9FVWRzdldtK1djeE12OGp6QU1sTSJ9" "Mozilla/5.0 (Linux; Android 8.0.0; SM-J737V) AppleWebKit/537.36 (KHTML, like Gecko) Chrome/70.0.3538.64 Mobile Safari/537.36" 0.331 "69.194.218.118, 69.194.218.118"
35.239.52.76 - - [25/Oct/2018:01:14:14 +0000]  "GET /widget/search HTTP/1.1" 200 1820 "https://www.agweb.com/" "Mozilla/5.0 (Macintosh; Intel Mac OS X 10_10_1) AppleWebKit/537.36 (KHTML, like Gecko) Chrome/40.0.2214.111 Safari/537.36 moatbot" 0.169 "154.50.139.157, 154.50.139.157"
35.239.52.76 - - [25/Oct/2018:01:14:16 +0000]  "GET /great-lakes/terr-o-gas-67 HTTP/1.1" 200 205112 "-" "Mozilla/5.0 (iPhone; CPU iPhone OS 7_0 like Mac OS X) AppleWebKit/537.51.1 (KHTML, like Gecko) Version/7.0 Mobile/11A465 Safari/9537.53 (compatible; bingbot/2.0; +http://www.bing.com/bingbot.htm)" 1.655 "157.55.39.193, 157.55.39.193"
35.239.52.76 - - [25/Oct/2018:01:14:22 +0000]  "GET /widget/search HTTP/1.1" 200 1820 "https://www.agweb.com/" "Mozilla/5.0 (Windows NT 10.0; Win64; x64) AppleWebKit/537.36 (KHTML, like Gecko) Chrome/69.0.3497.100 Safari/537.36" 0.108 "207.177.37.206, 207.177.37.206"
35.239.52.76 - - [25/Oct/2018:01:16:04 +0000]  "GET /loveland-products-inc/holster HTTP/1.1" 200 210051 "https://www.google.com/" "Mozilla/5.0 (iPhone; CPU iPhone OS 11_4_1 like Mac OS X) AppleWebKit/605.1.15 (KHTML, like Gecko) Version/11.0 Mobile/15E148 Safari/604.1" 3.289 "24.162.169.155, 24.162.169.155"
104.198.217.33 - - [25/Oct/2018:01:16:18 +0000]  "GET /nufarm-americas-inc/credit-41 HTTP/1.1" 200 220737 "-" "Mozilla/5.0 (iPhone; CPU iPhone OS 9_1 like Mac OS X) AppleWebKit/601.1.46 (KHTML, like Gecko) Version/9.0 Mobile/13B143 Safari/601.1 (compatible; AdsBot-Google-Mobile; +http://www.google.com/mobile/adsbot.html)" 3.335 "209.85.238.55, 209.85.238.55"
35.238.173.177 - - [25/Oct/2018:01:16:18 +0000]  "GET /sigma-organics/aminosol-10-4-10 HTTP/1.1" 200 201108 "https://greenbook.net/sigma-organics/aminosol-10-4-10" "VelenPublicWebCrawler (velen.io)" 1.154 "51.75.14.187, 51.75.14.187"
35.238.173.177 - - [25/Oct/2018:01:16:25 +0000]  "GET /node/137963 HTTP/1.1" 200 196741 "-" "Mozilla/5.0 (compatible; AhrefsBot/5.2; +http://ahrefs.com/robot/)" 0.825 "54.36.149.89, 54.36.149.89"
35.226.235.22 - - [25/Oct/2018:01:16:33 +0000]  "GET /nufarm-americas-inc/credit-41?network=&matchtype=b&keyword=&creative=246572359607&device=m&devicemodel=&placement=&position=none&campaignid=1043027944&adgroupid=47939174581&loc_physical_ms=&loc_interest_ms= HTTP/1.1" 200 221710 "-" "Mozilla/5.0 (iPhone; CPU iPhone OS 9_1 like Mac OS X) AppleWebKit/601.1.46 (KHTML, like Gecko) Version/9.0 Mobile/13B143 Safari/601.1 (compatible; AdsBot-Google-Mobile; +http://www.google.com/mobile/adsbot.html)" 2.533 "209.85.238.55, 209.85.238.55"
35.238.173.177 - - [25/Oct/2018:01:16:37 +0000]  "GET /article/2016/11/21/duck-dynasty-may-have-triggered-weed-dynasty HTTP/1.1" 301 5 "-" "Mozilla/5.0 (compatible; DotBot/1.1; http://www.opensiteexplorer.org/dotbot, help@moz.com)" 0.015 "216.244.66.236"
35.238.80.36 - - [25/Oct/2018:01:16:40 +0000]  "GET /widget/search HTTP/1.1" 200 1825 "https://www.agweb.com/" "Mozilla/5.0 (Windows NT 6.1; WOW64; Trident/7.0; rv:11.0) like Gecko" 0.152 "69.54.121.38, 69.54.121.38"
35.239.122.215 - - [25/Oct/2018:01:16:08 +0000]  "GET / HTTP/1.1" 200 201744 "-" "Pingdom.com_bot_version_1.4_(http://www.pingdom.com/)" 0.036 "72.46.153.26, 72.46.153.26"
35.239.122.215 - - [25/Oct/2018:01:16:15 +0000]  "GET /widget/search HTTP/1.1" 200 1823 "https://www.agweb.com/" "Mozilla/5.0 (Windows NT 10.0; Win64; x64) AppleWebKit/537.36 (KHTML, like Gecko) Chrome/70.0.3538.77 Safari/537.36" 0.163 "99.44.28.114, 99.44.28.114"
35.239.122.215 - - [25/Oct/2018:01:16:23 +0000]  "GET /widget/search HTTP/1.1" 200 1829 "https://www.agweb.com/" "Mozilla/5.0 (Macintosh; Intel Mac OS X 10_11_6) AppleWebKit/537.36 (KHTML, like Gecko) Chrome/69.0.3497.100 Safari/537.36" 0.169 "199.38.170.123, 199.38.170.123"
35.239.122.215 - - [25/Oct/2018:01:16:30 +0000]  "GET /nufarm-americas-inc/credit-41/?network=&matchtype=b&keyword=&creative=246572359607&device=m&devicemodel=&placement=&position=none&campaignid=1043027944&adgroupid=47939174581&loc_physical_ms=&loc_interest_ms= HTTP/1.1" 301 6767 "-" "Mozilla/5.0 (iPhone; CPU iPhone OS 9_1 like Mac OS X) AppleWebKit/601.1.46 (KHTML, like Gecko) Version/9.0 Mobile/13B143 Safari/601.1 (compatible; AdsBot-Google-Mobile; +http://www.google.com/mobile/adsbot.html)" 0.071 "209.85.238.55, 209.85.238.55"
35.239.122.215 - - [25/Oct/2018:01:16:42 +0000]  "GET /widget/search HTTP/1.1" 200 1818 "https://www.agweb.com/" "Mozilla/5.0 (Windows NT 10.0; Win64; x64) AppleWebKit/537.36 (KHTML, like Gecko) Chrome/70.0.3538.77 Safari/537.36" 0.111 "99.44.28.114, 99.44.28.114"
35.239.122.215 - - [25/Oct/2018:01:17:00 +0000]  "GET /widget/search HTTP/1.1" 200 1827 "https://www.agweb.com/" "Mozilla/5.0 (Windows NT 10.0; Win64; x64) AppleWebKit/537.36 (KHTML, like Gecko) Chrome/64.0.3282.140 Safari/537.36 Edge/17.17134" 0.170 "65.131.181.211, 65.131.181.211"
35.238.173.177 - - [25/Oct/2018:01:16:48 +0000]  "GET /label-comparison/label_compare/291406?destination=/albaugh-llc/thunder%3Fpage%3D2%26ref%3Dlabel_search HTTP/1.1" 200 1339 "-" "Mozilla/5.0 (compatible; AhrefsBot/5.2; +http://ahrefs.com/robot/)" 0.191 "54.36.148.10, 54.36.148.10"
35.226.235.22 - - [25/Oct/2018:01:17:00 +0000]  "GET /label-comparison/label_compare/29431?destination=/helena-agri-enterprises-llc/rattler-plus%3Fpage%3D21 HTTP/1.1" 200 1331 "-" "Mozilla/5.0 (compatible; AhrefsBot/5.2; +http://ahrefs.com/robot/)" 0.225 "54.36.148.193, 54.36.148.193"
104.198.217.33 - - [25/Oct/2018:01:17:02 +0000]  "GET /label-comparison/label_compare/29532?destination=/fmc-corporation/hero-ew%3Fpage%3D4 HTTP/1.1" 200 1321 "-" "Mozilla/5.0 (compatible; AhrefsBot/5.2; +http://ahrefs.com/robot/)" 0.165 "54.36.148.87, 54.36.148.87"
104.198.217.33 - - [25/Oct/2018:01:17:04 +0000]  "GET /widget/search HTTP/1.1" 200 1820 "https://www.agweb.com/" "Mozilla/5.0 (iPad; CPU OS 12_0 like Mac OS X) AppleWebKit/605.1.15 (KHTML, like Gecko) Version/12.0 Mobile/15E148 Safari/604.1" 0.184 "173.215.122.16, 173.215.122.16"
35.226.235.22 - - [25/Oct/2018:01:17:06 +0000]  "GET /label-comparison/label_compare/29424?destination=/albaugh-llc/impulse-16-fl%3Fpage%3D4%26ref%3Dlabel_search HTTP/1.1" 200 1358 "-" "Mozilla/5.0 (compatible; AhrefsBot/5.2; +http://ahrefs.com/robot/)" 0.207 "54.36.148.242, 54.36.148.242"
35.226.235.22 - - [25/Oct/2018:01:17:10 +0000]  "GET /bayer-cropscience/sevin-80s-ca HTTP/1.1" 200 213439 "-" "Mozilla/5.0 (compatible; GrapeshotCrawler/2.0; +http://www.grapeshot.co.uk/crawler.php)" 3.388 "148.64.56.74, 148.64.56.74"
35.226.235.22 - - [25/Oct/2018:01:17:16 +0000]  "GET /widget/search HTTP/1.1" 200 1813 "https://www.agweb.com/" "Mozilla/5.0 (iPad; CPU OS 10_3_3 like Mac OS X) AppleWebKit/603.3.8 (KHTML, like Gecko) Version/10.0 Mobile/14G60 Safari/602.1" 0.175 "68.103.16.84, 68.103.16.84"
35.226.235.22 - - [25/Oct/2018:01:17:18 +0000]  "GET /manufacturers/microsource-llc HTTP/1.1" 200 41802 "-" "Mozilla/5.0 (compatible; GrapeshotCrawler/2.0; +http://www.grapeshot.co.uk/crawler.php)" 1.306 "148.64.56.67, 148.64.56.67"
35.238.173.177 - - [25/Oct/2018:01:17:35 +0000]  "GET /pantheon_healthcheck HTTP/1.1" 200 34 "-" "Pingdom.com_bot_version_1.4_(http://www.pingdom.com/)" 0.013 "85.93.93.123"
35.238.173.177 - - [25/Oct/2018:01:17:37 +0000]  "GET /bio-gro-llc/nue-nitro-cal-11 HTTP/1.1" 200 202862 "-" "Mozilla/5.0 (compatible; bingbot/2.0; +http://www.bing.com/bingbot.htm)" 1.348 "157.55.39.50, 157.55.39.50"
35.238.80.36 - - [25/Oct/2018:01:17:38 +0000]  "GET /widget/search HTTP/1.1" 200 1819 "https://www.agweb.com/" "Mozilla/5.0 (Windows NT 6.1; Win64; x64) AppleWebKit/537.36 (KHTML, like Gecko) Chrome/70.0.3538.67 Safari/537.36" 0.099 "110.54.198.47, 110.54.198.47"
35.238.80.36 - - [25/Oct/2018:01:17:50 +0000]  "GET /widget/search HTTP/1.1" 200 1816 "https://www.agweb.com/" "Mozilla/5.0 (Macintosh; Intel Mac OS X 10.13; rv:62.0) Gecko/20100101 Firefox/62.0" 0.176 "96.248.101.236, 96.248.101.236"
35.238.173.177 - - [25/Oct/2018:01:17:51 +0000]  "GET /widget/search HTTP/1.1" 200 1817 "https://www.agweb.com/" "Mozilla/5.0 (Windows NT 10.0; Win64; x64) AppleWebKit/537.36 (KHTML, like Gecko) Chrome/42.0.2311.135 Safari/537.36 Edge/12.10240" 0.105 "67.4.54.94, 67.4.54.94"
35.226.235.22 - - [25/Oct/2018:01:17:54 +0000]  "GET /index.php/article/2016/12/02/ducks-trigger-weed-dynasty HTTP/1.1" 301 5 "-" "Mozilla/5.0 (compatible; DotBot/1.1; http://www.opensiteexplorer.org/dotbot, help@moz.com)" 0.005 "216.244.66.236"
104.198.217.33 - - [25/Oct/2018:01:17:55 +0000]  "GET /ortho-group/ortho-weed-b-gon-max-plus-crabgrass-control-concentrate HTTP/1.1" 200 208713 "https://www.google.com/" "Mozilla/5.0 (Windows NT 10.0; Win64; x64) AppleWebKit/537.36 (KHTML, like Gecko) Chrome/70.0.3538.67 Safari/537.36" 3.113 "209.145.79.14, 209.145.79.14"
104.198.217.33 - - [25/Oct/2018:01:17:59 +0000]  "GET /modules/custom/gb_external_search_widget/js/farmjournal-search-widget.js HTTP/1.1" 200 2704 "http://www.agweb.com/" "Mozilla/5.0 (Windows NT 6.1; WOW64; rv:40.0) Gecko/20100101 Firefox/59.1" 0.000 "104.248.190.233"
104.198.217.33 - - [25/Oct/2018:01:17:59 +0000]  "GET /modules/custom/gb_external_search_widget/js/select2.js HTTP/1.1" 200 39149 "http://www.agweb.com/" "Mozilla/5.0 (Windows NT 6.1; WOW64; rv:40.0) Gecko/20100101 Firefox/59.1" 0.000 "104.248.190.233"
35.238.80.36 - - [25/Oct/2018:01:18:02 +0000]  "GET /widget/search HTTP/1.1" 200 1821 "http://www.agweb.com/" "Mozilla/5.0 (Windows NT 6.1; WOW64; rv:40.0) Gecko/20100101 Firefox/59.1" 0.202 "104.248.190.233, 104.248.190.233"
35.238.173.177 - - [25/Oct/2018:01:18:10 +0000]  "GET /field_collection_item/2395162 HTTP/1.1" 404 196418 "-" "Mozilla/5.0 (compatible; AhrefsBot/5.2; +http://ahrefs.com/robot/)" 0.790 "54.36.148.189, 54.36.148.189"
35.238.80.36 - - [25/Oct/2018:01:18:12 +0000]  "GET /widget/search HTTP/1.1" 200 1823 "https://www.agweb.com/" "Mozilla/5.0 (iPad; CPU OS 11_3 like Mac OS X) AppleWebKit/605.1.15 (KHTML, like Gecko) Version/11.0 Mobile/15E148 Safari/604.1" 0.169 "207.177.46.114, 207.177.46.114"
35.226.235.22 - - [25/Oct/2018:01:18:25 +0000]  "GET /ajax/continent HTTP/1.1" 200 60 "https://www.greenbook.net/article/2018/10/23/roundup-lawsuit-judge-trims-200-million-jury-award?mkt_tok=eyJpIjoiTjJaa01qTXdOR1JtWmpkaCIsInQiOiJzZnRCZjZjNmErdXkydTJnQk1jQ1dYRzVTNHlFeVYrK29ETUROdG1QamhEUmZyUXhwQzExeTBxYXlmenJVN3pHTkdpaTNQTFEwQ2dQckRrWnNKMytueE40NzVZMlBGa0wxb1VkQzdaT3dnME9hTWFOT1g4TGJ0XC9qclNLbmF0S3cifQ%3D%3D" "Mozilla/5.0 (Windows NT 10.0; Win64; x64) AppleWebKit/537.36 (KHTML, like Gecko) Chrome/57.0.2987.133 Safari/537.36" 0.235 "40.107.234.78, 40.107.234.78"
35.239.52.76 - - [25/Oct/2018:01:16:47 +0000]  "GET /label-comparison/label_compare/34565?destination=/albaugh-llc/oxystar-2e%3Fpage%3D3%26ref%3Dlabel_search HTTP/1.1" 200 1340 "-" "Mozilla/5.0 (compatible; AhrefsBot/5.2; +http://ahrefs.com/robot/)" 0.211 "54.36.148.85, 54.36.148.85"
35.239.52.76 - - [25/Oct/2018:01:18:09 +0000]  "GET /ajax/continent HTTP/1.1" 200 60 "https://www.greenbook.net/article/2018/10/23/roundup-lawsuit-judge-trims-200-million-jury-award?mkt_tok=eyJpIjoiTjJaa01qTXdOR1JtWmpkaCIsInQiOiJzZnRCZjZjNmErdXkydTJnQk1jQ1dYRzVTNHlFeVYrK29ETUROdG1QamhEUmZyUXhwQzExeTBxYXlmenJVN3pHTkdpaTNQTFEwQ2dQckRrWnNKMytueE40NzVZMlBGa0wxb1VkQzdaT3dnME9hTWFOT1g4TGJ0XC9qclNLbmF0S3cifQ%3D%3D" "Mozilla/5.0 (iPhone; CPU iPhone OS 12_0_1 like Mac OS X) AppleWebKit/605.1.15 (KHTML, like Gecko) Version/12.0 Mobile/15E148 Safari/604.1" 0.288 "72.69.0.48, 72.69.0.48"
35.239.52.76 - - [25/Oct/2018:01:18:19 +0000]  "GET /label-comparison/label_compare/32354?destination=/basf-ag-products/stamina%3Fpage%3D1%26ref%3Dlabel_search HTTP/1.1" 200 1352 "-" "Mozilla/5.0 (compatible; AhrefsBot/5.2; +http://ahrefs.com/robot/)" 0.202 "54.36.148.212, 54.36.148.212"
35.239.52.76 - - [25/Oct/2018:01:18:22 +0000]  "GET /label-comparison/label_compare/29431?destination=/helena-agri-enterprises-llc/rattler-plus%3Fpage%3D11 HTTP/1.1" 200 1331 "-" "Mozilla/5.0 (compatible; AhrefsBot/5.2; +http://ahrefs.com/robot/)" 0.095 "54.36.148.74, 54.36.148.74"
35.239.52.76 - - [25/Oct/2018:01:18:25 +0000]  "GET /node/112346 HTTP/1.1" 200 200014 "-" "Mozilla/5.0 (compatible; AhrefsBot/5.2; +http://ahrefs.com/robot/)" 0.917 "54.36.148.104, 54.36.148.104"
35.239.52.76 - - [25/Oct/2018:01:18:33 +0000]  "GET /ingredients/dicamba HTTP/1.1" 301 5 "-" "Mozilla/5.0 (compatible; DotBot/1.1; http://www.opensiteexplorer.org/dotbot, help@moz.com)" 0.003 "216.244.66.236"
35.226.235.22 - - [25/Oct/2018:01:18:28 +0000]  "GET /widget/search HTTP/1.1" 200 1821 "https://www.agweb.com/" "Mozilla/5.0 (iPad; CPU OS 12_0 like Mac OS X) AppleWebKit/605.1.15 (KHTML, like Gecko) Version/12.0 Mobile/15E148 Safari/604.1" 0.116 "173.215.122.16, 173.215.122.16"
104.198.217.33 - - [25/Oct/2018:01:18:28 +0000]  "GET /ag-spray-inc/99-crop-oil-concentrate HTTP/1.1" 301 5 "-" "Mozilla/5.0 (compatible; DotBot/1.1; http://www.opensiteexplorer.org/dotbot, help@moz.com)" 0.004 "216.244.66.236"
35.238.173.177 - - [25/Oct/2018:01:18:29 +0000]  "GET /node/32392 HTTP/1.1" 301 5 "-" "Mozilla/5.0 (compatible; DotBot/1.1; http://www.opensiteexplorer.org/dotbot, help@moz.com)" 0.004 "216.244.66.236"
35.226.235.22 - - [25/Oct/2018:01:18:30 +0000]  "GET /widget/search HTTP/1.1" 200 1818 "https://www.agweb.com/" "Mozilla/5.0 (iPad; CPU OS 12_0 like Mac OS X) AppleWebKit/605.1.15 (KHTML, like Gecko) Version/12.0 Mobile/15E148 Safari/604.1" 0.134 "173.215.122.16, 173.215.122.16"
35.238.173.177 - - [25/Oct/2018:01:18:33 +0000]  "GET /index.php/user/register?destination=/index.php/article/2017/04/21/could-be-game-changer-phosphorus%23comment-form HTTP/1.1" 301 5 "-" "Mozilla/5.0 (compatible; DotBot/1.1; http://www.opensiteexplorer.org/dotbot, help@moz.com)" 0.003 "216.244.66.236"
35.226.235.22 - - [25/Oct/2018:01:18:33 +0000]  "GET /product/26156 HTTP/1.1" 301 5 "-" "Mozilla/5.0 (compatible; DotBot/1.1; http://www.opensiteexplorer.org/dotbot, help@moz.com)" 0.004 "216.244.66.236"
35.226.235.22 - - [25/Oct/2018:01:18:35 +0000]  "GET /node/26060 HTTP/1.1" 301 5 "-" "Mozilla/5.0 (compatible; DotBot/1.1; http://www.opensiteexplorer.org/dotbot, help@moz.com)" 0.004 "216.244.66.236"
35.238.173.177 - - [25/Oct/2018:01:18:37 +0000]  "GET /basf-corporation/freehand-ca-175g HTTP/1.1" 301 5 "-" "Mozilla/5.0 (compatible; DotBot/1.1; http://www.opensiteexplorer.org/dotbot, help@moz.com)" 0.004 "216.244.66.236"
35.239.122.215 - - [25/Oct/2018:01:17:03 +0000]  "GET /widget/search HTTP/1.1" 200 1811 "https://www.agweb.com/" "Mozilla/5.0 (Windows NT 6.1; Win64; x64) AppleWebKit/537.36 (KHTML, like Gecko) Chrome/69.0.3497.100 Safari/537.36" 0.157 "69.50.42.231, 69.50.42.231"
35.239.122.215 - - [25/Oct/2018:01:17:05 +0000]  "GET /article/2018/10/17/killer-robots-weeds-wont-know-what-hit-em?mkt_tok=eyJpIjoiWkdFM04ySTVOekl6WlRjdyIsInQiOiJZWE56UXl1dGZ6U2lrS2VVb0pxNlFWQWhmNkVtZDlQZUZwS0hScWpwUDAwWHo0WkVxZHV2SWZxNWNVNkxCaVY1MXdBOExvM2VPdkczXC9kR1dWRUlOWmJZYzZYSG9VbWFDMnFoMHRpT1J2eVo4ZzdXZ2VmSUdlamZQT2YzbEY5MjkifQ%3D%3D HTTP/1.1" 200 201700 "-" "Mozilla/5.0 (compatible; GrapeshotCrawler/2.0; +http://www.grapeshot.co.uk/crawler.php)" 0.885 "148.64.56.72, 148.64.56.72"
35.239.122.215 - - [25/Oct/2018:01:17:36 +0000]  "GET /widget/search HTTP/1.1" 200 1817 "https://www.agweb.com/" "Mozilla/5.0 (Windows NT 10.0; Win64; x64) AppleWebKit/537.36 (KHTML, like Gecko) Chrome/64.0.3282.140 Safari/537.36 Edge/17.17134" 0.143 "24.9.180.46, 24.9.180.46"
35.239.122.215 - - [25/Oct/2018:01:18:08 +0000]  "GET / HTTP/1.1" 200 201744 "-" "Pingdom.com_bot_version_1.4_(http://www.pingdom.com/)" 0.037 "184.75.214.66, 184.75.214.66"
35.239.122.215 - - [25/Oct/2018:01:18:15 +0000]  "GET /widget/search HTTP/1.1" 200 1810 "https://www.agweb.com/" "Mozilla/5.0 (Windows NT 6.3; Win64; x64) AppleWebKit/537.36 (KHTML, like Gecko) Chrome/69.0.3497.100 Safari/537.36" 0.192 "184.100.72.40, 184.100.72.40"
35.239.122.215 - - [25/Oct/2018:01:18:36 +0000]  "GET /node/31368 HTTP/1.1" 301 5 "-" "Mozilla/5.0 (compatible; DotBot/1.1; http://www.opensiteexplorer.org/dotbot, help@moz.com)" 0.004 "216.244.66.236"
35.239.122.215 - - [25/Oct/2018:01:18:36 +0000]  "GET /node/32018 HTTP/1.1" 301 5 "-" "Mozilla/5.0 (compatible; DotBot/1.1; http://www.opensiteexplorer.org/dotbot, help@moz.com)" 0.004 "216.244.66.236"
35.226.235.22 - - [25/Oct/2018:01:18:38 +0000]  "GET /ingredients/pyraclostrobin HTTP/1.1" 301 5 "-" "Mozilla/5.0 (compatible; DotBot/1.1; http://www.opensiteexplorer.org/dotbot, help@moz.com)" 0.004 "216.244.66.236"
35.238.80.36 - - [25/Oct/2018:01:18:38 +0000]  "GET /label-comparison/label_compare/33149?destination=/winfield-united/strike-three-ultra-2%3Fref%3Dlabel_search%26page%3D8 HTTP/1.1" 200 1370 "-" "Mozilla/5.0 (compatible; AhrefsBot/5.2; +http://ahrefs.com/robot/)" 0.133 "54.36.148.92, 54.36.148.92"
35.238.80.36 - - [25/Oct/2018:01:18:39 +0000]  "GET /nufarm-americas-inc/credit-41 HTTP/1.1" 200 220667 "https://greenbook.net/nufarm-americas-inc/credit-41" "VelenPublicWebCrawler (velen.io)" 0.047 "54.38.253.233, 54.38.253.233"
35.238.80.36 - - [25/Oct/2018:01:18:45 +0000]  "GET /widget/search HTTP/1.1" 200 1820 "https://www.agweb.com/" "Mozilla/5.0 (Windows NT 10.0; Win64; x64) AppleWebKit/537.36 (KHTML, like Gecko) Chrome/70.0.3538.77 Safari/537.36" 0.175 "99.44.28.114, 99.44.28.114"
104.198.217.33 - - [25/Oct/2018:01:18:58 +0000]  "GET /label-comparison/label_compare/30009?destination=/helena-agri-enterprises-llc/kickstand-pgr%3Fref%3Dlabel_search%26page%3D3 HTTP/1.1" 200 1383 "-" "Mozilla/5.0 (compatible; AhrefsBot/5.2; +http://ahrefs.com/robot/)" 0.200 "54.36.149.13, 54.36.149.13"
35.238.173.177 - - [25/Oct/2018:01:19:02 +0000]  "GET /eau-claire-cooperative-oil/maxlawn-crabgrass-preventer HTTP/1.1" 200 209315 "-" "Mozilla/5.0 (compatible; bingbot/2.0; +http://www.bing.com/bingbot.htm)" 3.586 "157.55.39.50, 157.55.39.50"
35.238.173.177 - - [25/Oct/2018:01:19:18 +0000]  "GET /widget/search HTTP/1.1" 200 1818 "https://www.agweb.com/" "Mozilla/5.0 (iPad; CPU OS 12_0 like Mac OS X) AppleWebKit/605.1.15 (KHTML, like Gecko) Version/12.0 Mobile/15E148 Safari/604.1" 0.191 "96.31.28.82, 96.31.28.82"
35.239.52.76 - - [25/Oct/2018:01:18:36 +0000]  "GET /node/28594 HTTP/1.1" 301 5 "-" "Mozilla/5.0 (compatible; DotBot/1.1; http://www.opensiteexplorer.org/dotbot, help@moz.com)" 0.014 "216.244.66.236"
35.239.52.76 - - [25/Oct/2018:01:18:38 +0000]  "GET /product/26126 HTTP/1.1" 301 5 "-" "Mozilla/5.0 (compatible; DotBot/1.1; http://www.opensiteexplorer.org/dotbot, help@moz.com)" 0.004 "216.244.66.236"
35.239.52.76 - - [25/Oct/2018:01:18:39 +0000]  "GET /ajax/continent HTTP/1.1" 200 60 "https://www.greenbook.net/?adgroupid=47067694690&campaignid=1051500148&creative=251784795482&device=m&devicemodel=apple%2Biphone&gclid=EAIaIQobChMI6_3_i7ag3gIVEzZ_Ch0UBwmnEAEYASAAEgKZLfD_BwE&keyword=fertilizer&loc_interest_ms=&loc_physical_ms=1021278&matchtype=&network=d&placement=homeguides.sfgate.com&position=none" "Mozilla/5.0 (iPhone; CPU iPhone OS 12_0 like Mac OS X) AppleWebKit/605.1.15 (KHTML, like Gecko) Version/12.0 Mobile/15E148 Safari/604.1" 0.211 "2600:1004:b02b:9cb7:c9ce:cf50:fe8d:4cb0, 2600:1004:b02b:9cb7:c9ce:cf50:fe8d:4cb0"
35.239.52.76 - - [25/Oct/2018:01:18:57 +0000]  "GET /node/34188 HTTP/1.1" 301 5 "-" "Mozilla/5.0 (compatible; DotBot/1.1; http://www.opensiteexplorer.org/dotbot, help@moz.com)" 0.018 "216.244.66.236"
35.239.52.76 - - [25/Oct/2018:01:19:29 +0000]  "GET /label-comparison/label_compare/31962?destination=/loveland-products-inc/reaper-clearform HTTP/1.1" 200 1332 "-" "Mozilla/5.0 (compatible; AhrefsBot/5.2; +http://ahrefs.com/robot/)" 0.219 "54.36.148.127, 54.36.148.127"
35.226.235.22 - - [25/Oct/2018:01:19:19 +0000]  "GET /https://greenbook.net/ HTTP/1.1" 301 5 "-" "Test Certificate Info" 0.004 "184.105.43.137, 184.105.43.137"
35.238.173.177 - - [25/Oct/2018:01:19:25 +0000]  "GET /label-comparison/label_compare/30341?destination=/product-type/detergent HTTP/1.1" 200 1328 "-" "Mozilla/5.0 (compatible; AhrefsBot/5.2; +http://ahrefs.com/robot/)" 0.227 "54.36.149.39, 54.36.149.39"
35.226.235.22 - - [25/Oct/2018:01:19:40 +0000]  "GET /ajax/continent HTTP/1.1" 200 60 "https://www.greenbook.net/article/2018/10/17/killer-robots-weeds-wont-know-what-hit-em?mkt_tok=eyJpIjoiTkRFd04yTXdZbUUzWkRneCIsInQiOiJVXC9aR0xCMU5iUU5hckZYcmZIRUJ0TTNERHluQjhzUlwvMVBYQTNjcEdYcEJcL3huNVFWRWlxS2RoeStEMEdkTmlKcnAzK3pTY09nYVoxUTBSWnp2RXNKdXRnR0FoRjBoSXNFXC9rQjBlUTBtQmk5T29JYmdhc3RIaXVsQjR2ZWVXd1kifQ%3D%3D" "Mozilla/5.0 (Windows NT 10.0; Win64; x64) AppleWebKit/537.36 (KHTML, like Gecko) Chrome/69.0.3497.100 Safari/537.36" 0.251 "72.26.56.190, 72.26.56.190"
104.198.217.33 - - [25/Oct/2018:01:19:42 +0000]  "GET /widget/search HTTP/1.1" 200 1819 "https://www.agweb.com/" "Mozilla/5.0 (iPad; CPU OS 11_3 like Mac OS X) AppleWebKit/605.1.15 (KHTML, like Gecko) Version/11.0 Mobile/15E148 Safari/604.1" 0.153 "2601:543:4000:2738:8dcb:9b3a:ad3a:e8f5, 2601:543:4000:2738:8dcb:9b3a:ad3a:e8f5"
35.238.173.177 - - [25/Oct/2018:01:19:43 +0000]  "GET /widget/search HTTP/1.1" 200 1820 "https://www.agweb.com/" "Mozilla/5.0 (Windows NT 10.0; Win64; x64) AppleWebKit/537.36 (KHTML, like Gecko) Chrome/69.0.3497.100 Safari/537.36" 0.131 "192.149.231.223, 192.149.231.223"
104.198.217.33 - - [25/Oct/2018:01:19:44 +0000]  "GET /product/25288 HTTP/1.1" 301 5 "-" "Mozilla/5.0 (compatible; AhrefsBot/5.2; +http://ahrefs.com/robot/)" 0.004 "54.36.148.137, 54.36.148.137"
104.198.217.33 - - [25/Oct/2018:01:19:44 +0000]  "GET /label-comparison/label_compare/31991?destination=/certis-usa-llc/rendition%3Fref%3Dlabel_search HTTP/1.1" 200 1326 "-" "Mozilla/5.0 (compatible; AhrefsBot/5.2; +http://ahrefs.com/robot/)" 0.118 "54.36.148.230, 54.36.148.230"
104.198.217.33 - - [25/Oct/2018:01:19:46 +0000]  "GET /widget/search HTTP/1.1" 200 1824 "https://www.agweb.com/" "Mozilla/5.0 (iPad; CPU OS 12_0_1 like Mac OS X) AppleWebKit/605.1.15 (KHTML, like Gecko) Version/12.0 Mobile/15E148 Safari/604.1" 0.163 "68.65.97.99, 68.65.97.99"
104.198.217.33 - - [25/Oct/2018:01:19:50 +0000]  "GET /widget/search HTTP/1.1" 200 1817 "https://www.agweb.com/" "Mozilla/5.0 (iPad; CPU OS 9_2_1 like Mac OS X) AppleWebKit/601.1.46 (KHTML, like Gecko) Version/9.0 Mobile/13D15 Safari/601.1" 0.192 "208.38.246.33, 208.38.246.33"
35.238.173.177 - - [25/Oct/2018:01:19:50 +0000]  "GET /product/25046 HTTP/1.1" 301 5 "-" "Mozilla/5.0 (compatible; AhrefsBot/5.2; +http://ahrefs.com/robot/)" 0.004 "54.36.149.7, 54.36.149.7"
35.226.235.22 - - [25/Oct/2018:01:19:52 +0000]  "GET /node/31328 HTTP/1.1" 301 5 "-" "Mozilla/5.0 (compatible; DotBot/1.1; http://www.opensiteexplorer.org/dotbot, help@moz.com)" 0.005 "216.244.66.236"
35.226.235.22 - - [25/Oct/2018:01:19:53 +0000]  "GET /node/290842 HTTP/1.1" 200 198288 "-" "Mozilla/5.0 (compatible; bingbot/2.0; +http://www.bing.com/bingbot.htm)" 0.883 "157.55.39.225, 157.55.39.225"
104.198.217.33 - - [25/Oct/2018:01:19:56 +0000]  "GET /node/145248 HTTP/1.1" 200 197846 "-" "Mozilla/5.0 (compatible; AhrefsBot/5.2; +http://ahrefs.com/robot/)" 0.726 "54.36.149.66, 54.36.149.66"
35.238.173.177 - - [25/Oct/2018:01:20:01 +0000]  "GET /ajax/continent HTTP/1.1" 200 60 "https://www.greenbook.net/?adgroupid=47067694450&campaignid=1051500139&creative=251784795320&device=m&devicemodel=apple%2Biphone&gclid=EAIaIQobChMIiMPhrrag3gIVTihpCh1cxggXEAEYASAAEgLxdfD_BwE&keyword=insecticide&loc_interest_ms=&loc_physical_ms=9029014&matchtype=&network=d&placement=www.insectidentification.org&position=none" "Mozilla/5.0 (iPhone; CPU iPhone OS 11_4_1 like Mac OS X) AppleWebKit/605.1.15 (KHTML, like Gecko) Version/11.0 Mobile/15E148 Safari/604.1" 0.372 "2601:281:c802:15b0:908d:8e6d:2c69:7312, 2601:281:c802:15b0:908d:8e6d:2c69:7312"
35.238.173.177 - - [25/Oct/2018:01:20:09 +0000]  "GET / HTTP/1.1" 200 201785 "-" "Pingdom.com_bot_version_1.4_(http://www.pingdom.com/)" 0.844 "209.58.139.193, 209.58.139.193"
104.198.217.33 - - [25/Oct/2018:01:20:17 +0000]  "GET /widget/search HTTP/1.1" 200 1813 "https://www.agweb.com/" "Mozilla/5.0 (Windows NT 10.0; Win64; x64) AppleWebKit/537.36 (KHTML, like Gecko) Chrome/70.0.3538.67 Safari/537.36" 0.181 "2607:fcc8:e7e1:1e00:bd75:ecd3:bf14:a156, 2607:fcc8:e7e1:1e00:bd75:ecd3:bf14:a156"
35.238.173.177 - - [25/Oct/2018:01:20:17 +0000]  "GET /widget/search HTTP/1.1" 200 1813 "https://www.agweb.com/" "Mozilla/5.0 (Windows NT 10.0; Win64; x64) AppleWebKit/537.36 (KHTML, like Gecko) Chrome/70.0.3538.67 Safari/537.36" 0.137 "74.51.122.42, 74.51.122.42"
35.238.173.177 - - [25/Oct/2018:01:20:17 +0000]  "GET /widget/search HTTP/1.1" 200 1826 "https://www.agweb.com/" "Mozilla/5.0 (Windows NT 6.1; WOW64) AppleWebKit/537.36 (KHTML, like Gecko) Chrome/69.0.3497.100 Safari/537.36" 0.133 "45.37.131.16, 45.37.131.16"
104.198.217.33 - - [25/Oct/2018:01:20:19 +0000]  "GET /label-comparison/label_compare/29986?destination=/winfield-united/max-manganese-nf HTTP/1.1" 200 1343 "-" "Mozilla/5.0 (compatible; AhrefsBot/5.2; +http://ahrefs.com/robot/)" 0.211 "54.36.149.31, 54.36.149.31"
35.239.52.76 - - [25/Oct/2018:01:19:37 +0000]  "GET /article/2018/10/17/killer-robots-weeds-wont-know-what-hit-em?mkt_tok=eyJpIjoiTkRFd04yTXdZbUUzWkRneCIsInQiOiJVXC9aR0xCMU5iUU5hckZYcmZIRUJ0TTNERHluQjhzUlwvMVBYQTNjcEdYcEJcL3huNVFWRWlxS2RoeStEMEdkTmlKcnAzK3pTY09nYVoxUTBSWnp2RXNKdXRnR0FoRjBoSXNFXC9rQjBlUTBtQmk5T29JYmdhc3RIaXVsQjR2ZWVXd1kifQ%3D%3D HTTP/1.1" 301 5 "http://info.farmjournal.com/dc/rkEZfow449TboG4KtFsIMzmy5VWX2ErX9INLaG_Ovd9wkG1K1-PNZ9QJq5fVu3AbcBjUBwYWeoF9ABlWIAortfYOIWRNdo6hCMgk_rThD5hlKvLr_qOmWbUZmH-OTBPQ/v06Q0vG70xzBY2iBG03W007" "Mozilla/5.0 (Windows NT 10.0; Win64; x64) AppleWebKit/537.36 (KHTML, like Gecko) Chrome/69.0.3497.100 Safari/537.36" 0.005 "72.26.56.190"
35.239.52.76 - - [25/Oct/2018:01:19:43 +0000]  "GET /widget/search HTTP/1.1" 200 1818 "https://www.agweb.com/" "Mozilla/5.0 (Windows NT 10.0; Win64; x64) AppleWebKit/537.36 (KHTML, like Gecko) Chrome/64.0.3282.140 Safari/537.36 Edge/17.17134" 0.118 "38.131.232.223, 38.131.232.223"
35.239.52.76 - - [25/Oct/2018:01:20:08 +0000]  "GET /label-comparison/label_compare/32119?destination=/bio-gro-llc/nue-stimulate%3Fpage%3D1 HTTP/1.1" 200 1359 "-" "Mozilla/5.0 (compatible; AhrefsBot/5.2; +http://ahrefs.com/robot/)" 0.151 "54.36.148.215, 54.36.148.215"
35.239.52.76 - - [25/Oct/2018:01:20:10 +0000]  "GET /demosearch/showPDF.aspx?id=41242&type=m HTTP/1.1" 404 196458 "-" "Mozilla/5.0 (iPhone; CPU iPhone OS 7_0 like Mac OS X) AppleWebKit/537.51.1 (KHTML, like Gecko) Version/7.0 Mobile/11A465 Safari/9537.53 (compatible; bingbot/2.0; +http://www.bing.com/bingbot.htm)" 0.471 "157.55.39.225, 157.55.39.225"
35.238.80.36 - - [25/Oct/2018:01:20:20 +0000]  "GET /widget/search HTTP/1.1" 200 1822 "https://www.agweb.com/" "Mozilla/5.0 (Windows NT 10.0; Win64; x64) AppleWebKit/537.36 (KHTML, like Gecko) Chrome/64.0.3282.140 Safari/537.36 Edge/17.17134" 0.148 "75.117.219.134, 75.117.219.134"
35.239.52.76 - - [25/Oct/2018:01:20:25 +0000]  "GET /widget/search HTTP/1.1" 200 1817 "https://www.agweb.com/" "Mozilla/5.0 (Windows NT 10.0; Win64; x64) AppleWebKit/537.36 (KHTML, like Gecko) Chrome/69.0.3497.100 Safari/537.36" 0.130 "72.86.138.42, 72.86.138.42"
35.238.80.36 - - [25/Oct/2018:01:20:27 +0000]  "GET //?network=d&matchtype=&keyword=fertilizer&creative=251784795356&device=m&devicemodel=apple%2Biphone&placement=homeguides.sfgate.com&position=none&campaignid=1051500148&adgroupid=47067694690&loc_physical_ms=9013323&loc_interest_ms=&gclid=EAIaIQobChMIpKf9v7ag3gIVnLVRCh1xzQpaEAEYASAAEgKhmPD_BwE HTTP/1.1" 302 7123 "https://googleads.g.doubleclick.net/" "Mozilla/5.0 (iPhone; CPU iPhone OS 12_0_1 like Mac OS X) AppleWebKit/605.1.15 (KHTML, like Gecko) Version/12.0 Mobile/15E148 Safari/604.1" 0.057 "162.104.8.213, 162.104.8.213"
35.239.52.76 - - [25/Oct/2018:01:20:28 +0000]  "GET /?adgroupid=47067694690&campaignid=1051500148&creative=251784795356&device=m&devicemodel=apple%2Biphone&gclid=EAIaIQobChMIpKf9v7ag3gIVnLVRCh1xzQpaEAEYASAAEgKhmPD_BwE&keyword=fertilizer&loc_interest_ms=&loc_physical_ms=9013323&matchtype=&network=d&placement=homeguides.sfgate.com&position=none HTTP/1.1" 200 202389 "https://googleads.g.doubleclick.net/" "Mozilla/5.0 (iPhone; CPU iPhone OS 12_0_1 like Mac OS X) AppleWebKit/605.1.15 (KHTML, like Gecko) Version/12.0 Mobile/15E148 Safari/604.1" 1.371 "162.104.8.213, 162.104.8.213"
35.238.173.177 - - [25/Oct/2018:01:20:30 +0000]  "GET /ajax/continent HTTP/1.1" 200 60 "https://www.greenbook.net/" "Mozilla/5.0 (iPhone; CPU iPhone OS 12_0_1 like Mac OS X) AppleWebKit/605.1.15 (KHTML, like Gecko) Version/12.0 Mobile/15E148 Safari/604.1" 0.255 "162.104.8.213, 162.104.8.213"
35.238.173.177 - - [25/Oct/2018:01:20:31 +0000]  "GET /helena-agri-enterprises-llc/ground-zero HTTP/1.1" 200 203798 "-" "Mozilla/5.0 (compatible; YandexBot/3.0; +http://yandex.com/bots)" 1.581 "178.154.200.26, 178.154.200.26"
35.238.173.177 - - [25/Oct/2018:01:20:35 +0000]  "GET /widget/search HTTP/1.1" 200 1819 "https://www.agweb.com/" "Mozilla/5.0 (Macintosh; Intel Mac OS X 10_12_6) AppleWebKit/605.1.15 (KHTML, like Gecko) Version/11.1.2 Safari/605.1.15" 0.183 "162.104.98.219, 162.104.98.219"
104.198.217.33 - - [25/Oct/2018:01:20:35 +0000]  "GET /widget/search HTTP/1.1" 200 1823 "https://www.agweb.com/" "Mozilla/5.0 (Windows NT 10.0; Win64; x64) AppleWebKit/537.36 (KHTML, like Gecko) Chrome/64.0.3282.140 Safari/537.36 Edge/17.17134" 0.091 "50.109.214.63, 50.109.214.63"
35.238.80.36 - - [25/Oct/2018:01:20:44 +0000]  "GET /widget/search HTTP/1.1" 200 1822 "https://www.agweb.com/" "Mozilla/5.0 (iPad; CPU OS 10_3_3 like Mac OS X) AppleWebKit/603.3.8 (KHTML, like Gecko) Version/10.0 Mobile/14G60 Safari/602.1" 0.147 "68.103.16.84, 68.103.16.84"
35.238.173.177 - - [25/Oct/2018:01:20:49 +0000]  "GET /widget/search HTTP/1.1" 200 1820 "https://www.agweb.com/" "Mozilla/5.0 (Windows NT 10.0; Win64; x64) AppleWebKit/537.36 (KHTML, like Gecko) Chrome/70.0.3538.67 Safari/537.36" 0.155 "2607:fcc8:e7e1:1e00:bd75:ecd3:bf14:a156, 2607:fcc8:e7e1:1e00:bd75:ecd3:bf14:a156"
35.238.80.36 - - [25/Oct/2018:01:20:50 +0000]  "GET /label-comparison/label_compare/33638?destination=/basf-professional-and-specialty-solutions/pendulum-aquacap%3Fref%3Dlabel_search%26page%3D2 HTTP/1.1" 200 1386 "-" "Mozilla/5.0 (compatible; AhrefsBot/5.2; +http://ahrefs.com/robot/)" 0.173 "54.36.149.102, 54.36.149.102"
35.239.52.76 - - [25/Oct/2018:01:20:51 +0000]  "GET /product/27317 HTTP/1.1" 301 5 "-" "Mozilla/5.0 (compatible; DotBot/1.1; http://www.opensiteexplorer.org/dotbot, help@moz.com)" 0.015 "216.244.66.236"
35.238.173.177 - - [25/Oct/2018:01:20:54 +0000]  "GET /widget/search HTTP/1.1" 200 1824 "https://www.agweb.com/" "Mozilla/5.0 (Windows NT 6.1; Win64; x64) AppleWebKit/537.36 (KHTML, like Gecko) Chrome/69.0.3497.100 Safari/537.36" 0.126 "208.98.147.135, 208.98.147.135"
35.238.173.177 - - [25/Oct/2018:01:20:19 +0000]  "GET /widget/search HTTP/1.1" 200 1824 "https://www.agweb.com/" "Mozilla/5.0 (Macintosh; Intel Mac OS X 10_13_6) AppleWebKit/605.1.15 (KHTML, like Gecko) Version/12.0 Safari/605.1.15" 0.128 "69.178.193.238, 69.178.193.238"
35.226.235.22 - - [25/Oct/2018:01:20:26 +0000]  "GET /label-comparison/label_compare/27582?destination=/ingredients/manganese%3Fsort_by%3Darticle_title%26sort_order%3DASC%26page%3D10 HTTP/1.1" 200 1354 "-" "Mozilla/5.0 (compatible; AhrefsBot/5.2; +http://ahrefs.com/robot/)" 0.194 "54.36.148.45, 54.36.148.45"
35.226.235.22 - - [25/Oct/2018:01:20:31 +0000]  "GET /widget/search HTTP/1.1" 200 1823 "https://www.agweb.com/" "Mozilla/5.0 (Windows NT 6.1; Win64; x64) AppleWebKit/537.36 (KHTML, like Gecko) Chrome/69.0.3497.100 Safari/537.36" 0.167 "208.98.147.135, 208.98.147.135"
35.238.173.177 - - [25/Oct/2018:01:20:32 +0000]  "GET /jr-simplot-company/load-except-ca?ref=label_search HTTP/1.1" 200 207078 "-" "Mozilla/5.0 (compatible; AhrefsBot/5.2; +http://ahrefs.com/robot/)" 3.406 "54.36.149.44, 54.36.149.44"
35.226.235.22 - - [25/Oct/2018:01:20:35 +0000]  "GET /pantheon_healthcheck HTTP/1.1" 200 34 "-" "Pingdom.com_bot_version_1.4_(http://www.pingdom.com/)" 0.004 "184.75.214.66"
104.198.217.33 - - [25/Oct/2018:01:20:35 +0000]  "GET /widget/search HTTP/1.1" 200 1827 "https://www.agweb.com/" "Mozilla/5.0 (Windows NT 10.0; Win64; x64) AppleWebKit/537.36 (KHTML, like Gecko) Chrome/69.0.3497.100 Safari/537.36" 0.121 "75.102.167.53, 75.102.167.53"
35.226.235.22 - - [25/Oct/2018:01:20:56 +0000]  "GET /node/105431 HTTP/1.1" 200 201033 "-" "Mozilla/5.0 (compatible; AhrefsBot/5.2; +http://ahrefs.com/robot/)" 0.920 "54.36.148.108, 54.36.148.108"
35.226.235.22 - - [25/Oct/2018:01:20:57 +0000]  "GET /loveland-industries-inc/oryzalin-coated-granules HTTP/1.1" 301 5 "-" "Mozilla/5.0 (compatible; DotBot/1.1; http://www.opensiteexplorer.org/dotbot, help@moz.com)" 0.004 "216.244.66.236"
35.238.80.36 - - [25/Oct/2018:01:20:55 +0000]  "GET /label-comparison/label_compare/289480?destination=/chemurgic-agricultural-chemicals-inc/chelstar-liquid-25-magnesium-chelate-edta%3Fpage%3D1%26ref%3Dlabel_search HTTP/1.1" 200 1391 "-" "Mozilla/5.0 (compatible; AhrefsBot/5.2; +http://ahrefs.com/robot/)" 0.137 "54.36.148.132, 54.36.148.132"
35.239.52.76 - - [25/Oct/2018:01:20:57 +0000]  "GET /label-comparison/label_compare/31863?destination=/nufarm-specialty-products/diquat-spc-2-l%3Fref%3Dlabel_search%26page%3D1 HTTP/1.1" 200 1345 "-" "Mozilla/5.0 (compatible; AhrefsBot/5.2; +http://ahrefs.com/robot/)" 0.137 "54.36.148.223, 54.36.148.223"
35.239.52.76 - - [25/Oct/2018:01:21:04 +0000]  "GET /widget/search HTTP/1.1" 200 1829 "https://www.agweb.com/" "Mozilla/5.0 (iPad; CPU OS 10_0_2 like Mac OS X) AppleWebKit/602.1.50 (KHTML, like Gecko) Version/10.0 Mobile/14A456 Safari/602.1" 0.201 "173.215.5.87, 173.215.5.87"
104.198.217.33 - - [25/Oct/2018:01:21:17 +0000]  "GET /node/33989 HTTP/1.1" 301 5 "-" "Mozilla/5.0 (compatible; DotBot/1.1; http://www.opensiteexplorer.org/dotbot, help@moz.com)" 0.004 "216.244.66.236"
104.198.217.33 - - [25/Oct/2018:01:21:23 +0000]  "GET /widget/search HTTP/1.1" 200 1814 "https://www.agweb.com/" "Mozilla/5.0 (Windows NT 10.0; Win64; x64) AppleWebKit/537.36 (KHTML, like Gecko) Chrome/64.0.3282.140 Safari/537.36 Edge/17.17134" 0.153 "2001:5b0:51cc:90d8:84a5:9053:37c3:8add, 2001:5b0:51cc:90d8:84a5:9053:37c3:8add"
35.238.173.177 - - [25/Oct/2018:01:21:25 +0000]  "GET /label-comparison/label_compare/32963?destination=/product-type/water-treatment-additive HTTP/1.1" 200 1323 "-" "Mozilla/5.0 (compatible; AhrefsBot/5.2; +http://ahrefs.com/robot/)" 0.132 "54.36.149.75, 54.36.149.75"
35.238.80.36 - - [25/Oct/2018:01:21:36 +0000]  "GET /jr-simplot-company/pht-415-supreme-spray-oil?page=1 HTTP/1.1" 200 208312 "-" "Mozilla/5.0 (compatible; bingbot/2.0; +http://www.bing.com/bingbot.htm)" 2.648 "157.55.39.145, 157.55.39.145"
35.239.122.215 - - [25/Oct/2018:01:18:38 +0000]  "GET /label-comparison/label_compare/34618?destination=/product-type/protective-coating HTTP/1.1" 200 1311 "-" "Mozilla/5.0 (compatible; AhrefsBot/5.2; +http://ahrefs.com/robot/)" 0.165 "54.36.149.61, 54.36.149.61"
35.239.122.215 - - [25/Oct/2018:01:19:47 +0000]  "GET /widget/search HTTP/1.1" 200 1817 "https://www.agweb.com/" "Mozilla/5.0 (Windows NT 10.0; Win64; x64) AppleWebKit/537.36 (KHTML, like Gecko) Chrome/70.0.3538.67 Safari/537.36" 0.116 "65.190.156.8, 65.190.156.8"
35.239.122.215 - - [25/Oct/2018:01:19:52 +0000]  "GET /label-comparison/label_compare/33049?destination=/loveland-products-inc/dyna-shield-metalaxyl-318-fs%3Fref%3Dlabel_search%26page%3D3 HTTP/1.1" 200 1386 "-" "Mozilla/5.0 (compatible; AhrefsBot/5.2; +http://ahrefs.com/robot/)" 0.226 "54.36.148.15, 54.36.148.15"
35.239.122.215 - - [25/Oct/2018:01:20:07 +0000]  "GET /earth-science-laboratories/copcheck HTTP/1.1" 200 206411 "-" "Mozilla/5.0 (compatible; bingbot/2.0; +http://www.bing.com/bingbot.htm)" 3.091 "157.55.39.225, 157.55.39.225"
35.239.122.215 - - [25/Oct/2018:01:20:45 +0000]  "GET /ingredients/chelated-iron?sort_by=article_title&sort_order=ASC&page=0 HTTP/1.1" 200 382909 "-" "Mozilla/5.0 (compatible; AhrefsBot/5.2; +http://ahrefs.com/robot/)" 5.311 "54.36.148.65, 54.36.148.65"
35.239.122.215 - - [25/Oct/2018:01:20:59 +0000]  "GET /widget/search HTTP/1.1" 200 1826 "https://www.agweb.com/" "Mozilla/5.0 (Windows NT 10.0; Win64; x64) AppleWebKit/537.36 (KHTML, like Gecko) Chrome/64.0.3282.140 Safari/537.36 Edge/17.17134" 0.140 "162.252.145.121, 162.252.145.121"
35.239.122.215 - - [25/Oct/2018:01:21:16 +0000]  "GET /node/29224 HTTP/1.1" 301 5 "-" "Mozilla/5.0 (compatible; DotBot/1.1; http://www.opensiteexplorer.org/dotbot, help@moz.com)" 0.015 "216.244.66.236"
35.239.122.215 - - [25/Oct/2018:01:21:35 +0000]  "GET /pantheon_healthcheck HTTP/1.1" 200 34 "-" "Pingdom.com_bot_version_1.4_(http://www.pingdom.com/)" 0.003 "23.111.159.174"
104.198.217.33 - - [25/Oct/2018:01:21:39 +0000]  "GET /fmc-corporation/talstar-xtra-gc-granular HTTP/1.1" 403 195856 "-" "Mozilla/5.0 (compatible; bingbot/2.0; +http://www.bing.com/bingbot.htm)" 0.881 "157.55.39.145, 157.55.39.145"
35.238.173.177 - - [25/Oct/2018:01:21:46 +0000]  "GET /widget/search HTTP/1.1" 200 1819 "https://www.agweb.com/" "Mozilla/5.0 (Windows NT 10.0; Win64; x64) AppleWebKit/537.36 (KHTML, like Gecko) Chrome/64.0.3282.140 Safari/537.36 Edge/17.17134" 0.172 "184.16.205.225, 184.16.205.225"
35.238.173.177 - - [25/Oct/2018:01:21:57 +0000]  "GET /manufacturers/arborsystems HTTP/1.1" 301 5 "-" "Mozilla/5.0 (compatible; DotBot/1.1; http://www.opensiteexplorer.org/dotbot, help@moz.com)" 0.014 "216.244.66.236"
35.238.173.177 - - [25/Oct/2018:01:21:57 +0000]  "GET /widget/search HTTP/1.1" 200 1823 "https://www.agweb.com/" "Mozilla/5.0 (Windows NT 6.1; Win64; x64) AppleWebKit/537.36 (KHTML, like Gecko) Chrome/69.0.3497.100 Safari/537.36" 0.200 "74.122.0.14, 74.122.0.14"
35.238.173.177 - - [25/Oct/2018:01:21:58 +0000]  "GET /node/32372 HTTP/1.1" 301 5 "-" "Mozilla/5.0 (compatible; DotBot/1.1; http://www.opensiteexplorer.org/dotbot, help@moz.com)" 0.005 "216.244.66.236"
35.238.80.36 - - [25/Oct/2018:01:22:07 +0000]  "GET /widget/search HTTP/1.1" 200 1823 "https://www.agweb.com/" "Mozilla/5.0 (iPad; CPU OS 9_2_1 like Mac OS X) AppleWebKit/601.1.46 (KHTML, like Gecko) Version/9.0 Mobile/13D15 Safari/601.1" 0.146 "208.38.246.33, 208.38.246.33"
35.238.80.36 - - [25/Oct/2018:01:22:07 +0000]  "GET /widget/search HTTP/1.1" 200 1818 "https://www.agweb.com/" "Mozilla/5.0 (Windows NT 10.0; Win64; x64) AppleWebKit/537.36 (KHTML, like Gecko) Chrome/69.0.3497.100 Safari/537.36" 0.098 "204.15.158.219, 204.15.158.219"
35.239.52.76 - - [25/Oct/2018:01:22:08 +0000]  "GET /node/225502 HTTP/1.1" 200 203936 "-" "Mozilla/5.0 (compatible; AhrefsBot/5.2; +http://ahrefs.com/robot/)" 1.313 "54.36.148.193, 54.36.148.193"
35.238.80.36 - - [25/Oct/2018:01:22:11 +0000]  "GET / HTTP/1.1" 200 201709 "https://www.greenbook.net/" "Mozilla/5.0+(compatible; UptimeRobot/2.0; http://www.uptimerobot.com/)" 0.044 "63.143.42.245, 63.143.42.245"
35.238.80.36 - - [25/Oct/2018:01:22:15 +0000]  "GET /label-comparison/label_compare/29884?destination=/helena-chemical-company/lambda-t%3Fref%3Dlabel_search%26page%3D3 HTTP/1.1" 200 1346 "-" "Mozilla/5.0 (compatible; AhrefsBot/5.2; +http://ahrefs.com/robot/)" 0.212 "54.36.148.206, 54.36.148.206"
