35.239.52.76 - - [25/Oct/2018:00:54:06 +0000]  "GET /widget/search HTTP/1.1" 200 1822 "https://www.agweb.com/" "Mozilla/5.0 (Windows NT 10.0; Win64; x64) AppleWebKit/537.36 (KHTML, like Gecko) Chrome/69.0.3497.100 Safari/537.36" 0.163 "71.222.131.52, 71.222.131.52"
35.238.173.177 - - [25/Oct/2018:00:54:28 +0000]  "GET /widget/search HTTP/1.1" 200 1825 "https://www.agweb.com/" "Mozilla/5.0 (iPad; CPU OS 10_1_1 like Mac OS X) AppleWebKit/602.2.14 (KHTML, like Gecko) Version/10.0 Mobile/14B100 Safari/602.1" 0.192 "67.22.18.137, 67.22.18.137"
35.239.122.215 - - [25/Oct/2018:00:52:04 +0000]  "GET /article/2018/10/23/roundup-lawsuit-judge-trims-200-million-jury-award?mkt_tok=eyJpIjoiWm1FME9EUTBZbVEyT0RNMyIsInQiOiJVV1R2SWFUTE9FTEtRXC9aejllaWdsK0hlTEcwc0Q3aTU5REh6NkllK2hKSzRUd2UzMGZ4eGpKZ29GTFJJS0wwMG5XbkV2Z1JmVUFQSUNaOW0zZ2RZWWpsc2s0ekV2dVBqMk9LZEZ0WHBHQmx6SWVzN3FPREVZVjU5OGxtTHkyVEUifQ%3D%3D HTTP/1.1" 200 202209 "http://info.farmjournal.com/dc/rkEZfow449TboG4KtFsIMzmy5VWX2ErX9INLaG_Ovd-Batx56S9NlBL1BKPpBJpOxqBmpwA-ubaJ8C4n5UnmXqIgqcGVw_EUJSvGuyEJzMWwMRNM2PrOEt1CBZ2SqRQn/SG0B3x0fz010vY77B00Gqb7" "Mozilla/5.0 (iPhone; CPU iPhone OS 7_1_2 like Mac OS X) AppleWebKit/537.51.2 (KHTML, like Gecko) Version/7.0 Mobile/11D257 Safari/9537.53" 0.870 "50.86.52.170, 50.86.52.170"
35.239.122.215 - - [25/Oct/2018:00:52:10 +0000]  "GET /product-type-list HTTP/1.1" 200 193866 "-" "Mozilla/4.0 (compatible; MSIE 6.0; Windows NT 5.1)" 1.362 "79.171.81.87, 79.171.81.87"
104.198.217.33 - - [25/Oct/2018:00:54:31 +0000]  "GET /label-comparison/label_compare/33302?destination=/product-type/biological-control-diseases HTTP/1.1" 200 1317 "-" "Mozilla/5.0 (compatible; AhrefsBot/5.2; +http://ahrefs.com/robot/)" 0.182 "54.36.148.153, 54.36.148.153"
104.198.217.33 - - [25/Oct/2018:00:54:35 +0000]  "GET /pantheon_healthcheck HTTP/1.1" 200 34 "-" "Pingdom.com_bot_version_1.4_(http://www.pingdom.com/)" 0.004 "185.93.3.92"
35.226.235.22 - - [25/Oct/2018:00:53:34 +0000]  "GET /article/2018/10/22/inputs-forecast-fertilizer-prices-increase-first-time-years HTTP/1.1" 200 201110 "-" "Mozilla/5.0 (Windows NT 10.0; Win64; x64) AppleWebKit/537.36 (KHTML, like Gecko) Chrome/64.0.3282.140 Safari/537.36 Edge/17.17134" 0.036 "67.22.151.19, 67.22.151.19"
35.226.235.22 - - [25/Oct/2018:00:53:58 +0000]  "GET /dow-agrosciences/snapshot-25-tg?ref=label_search&page=3 HTTP/1.1" 200 212087 "-" "Mozilla/5.0 (compatible; AhrefsBot/5.2; +http://ahrefs.com/robot/)" 3.504 "54.36.148.98, 54.36.148.98"
35.226.235.22 - - [25/Oct/2018:00:54:08 +0000]  "GET / HTTP/1.1" 200 201713 "-" "Pingdom.com_bot_version_1.4_(http://www.pingdom.com/)" 0.033 "207.244.80.239, 207.244.80.239"
35.226.235.22 - - [25/Oct/2018:00:54:34 +0000]  "GET /search-results?q=&text= HTTP/1.1" 200 384691 "https://www.greenbook.net/article/2018/10/23/roundup-lawsuit-judge-trims-200-million-jury-award?mkt_tok=eyJpIjoiWm1FME9EUTBZbVEyT0RNMyIsInQiOiJVV1R2SWFUTE9FTEtRXC9aejllaWdsK0hlTEcwc0Q3aTU5REh6NkllK2hKSzRUd2UzMGZ4eGpKZ29GTFJJS0wwMG5XbkV2Z1JmVUFQSUNaOW0zZ2RZWWpsc2s0ekV2dVBqMk9LZEZ0WHBHQmx6SWVzN3FPREVZVjU5OGxtTHkyVEUifQ%3D%3D" "Mozilla/5.0 (iPhone; CPU iPhone OS 7_1_2 like Mac OS X) AppleWebKit/537.51.2 (KHTML, like Gecko) Version/7.0 Mobile/11D257 Safari/9537.53" 3.070 "50.86.52.170, 50.86.52.170"
35.226.235.22 - - [25/Oct/2018:00:55:04 +0000]  "GET / HTTP/1.1" 200 201713 "-" "Mozilla/5.0 (Windows NT 6.1) AppleWebKit/537.36 (KHTML, like Gecko) Chrome/41.0.2228.0 Safari/537.36" 0.037 "34.245.46.55, 34.245.46.55"
35.226.235.22 - - [25/Oct/2018:00:55:06 +0000]  "GET /Helena/Products.aspx?pid=45758&sec=tm HTTP/1.1" 404 196482 "-" "Mozilla/5.0 (iPhone; CPU iPhone OS 7_0 like Mac OS X) AppleWebKit/537.51.1 (KHTML, like Gecko) Version/7.0 Mobile/11A465 Safari/9537.53 (compatible; bingbot/2.0; +http://www.bing.com/bingbot.htm)" 0.477 "157.55.39.50, 157.55.39.50"
35.238.80.36 - - [25/Oct/2018:00:54:31 +0000]  "GET /widget/search HTTP/1.1" 200 1815 "https://www.agweb.com/" "Mozilla/5.0 (Windows NT 10.0; Win64; x64) AppleWebKit/537.36 (KHTML, like Gecko) Chrome/69.0.3497.100 Safari/537.36" 0.123 "209.206.87.163, 209.206.87.163"
35.239.52.76 - - [25/Oct/2018:00:54:35 +0000]  "GET /widget/search HTTP/1.1" 200 1819 "https://www.agweb.com/" "Mozilla/5.0 (Windows NT 10.0; Win64; x64) AppleWebKit/537.36 (KHTML, like Gecko) Chrome/69.0.3497.100 Safari/537.36" 0.144 "75.88.100.77, 75.88.100.77"
35.238.173.177 - - [25/Oct/2018:00:54:36 +0000]  "GET /label-comparison/label_compare/32864?destination=/makhteshim-agan-north-america-inc/defy-lv-4%3Fref%3Dlabel_search%26page%3D3 HTTP/1.1" 200 1362 "-" "Mozilla/5.0 (compatible; AhrefsBot/5.2; +http://ahrefs.com/robot/)" 0.187 "54.36.149.86, 54.36.149.86"
35.238.80.36 - - [25/Oct/2018:00:54:43 +0000]  "GET /widget/search HTTP/1.1" 200 1818 "https://www.agweb.com/" "Mozilla/5.0 (Windows NT 6.1; WOW64; Trident/7.0; MDDRJS; rv:11.0) like Gecko" 0.173 "50.102.77.32, 50.102.77.32"
35.238.80.36 - - [25/Oct/2018:00:54:59 +0000]  "GET /widget/search HTTP/1.1" 200 1816 "https://www.agweb.com/" "Mozilla/5.0 (Windows NT 6.3; Win64; x64; rv:62.0) Gecko/20100101 Firefox/62.0" 0.194 "104.249.224.13, 104.249.224.13"
35.239.52.76 - - [25/Oct/2018:00:55:07 +0000]  "GET /article/2018/10/17/killer-robots-weeds-wont-know-what-hit-em?mkt_tok=eyJpIjoiTURZME0yRm1ORFl5WXprMSIsInQiOiJmdzNMRlwvcXY3b1Q0MTJPdEZSUUw3SGFYWkZxYkQwV3hTYllQcWtPZ1Vocm5EVXJCRUwxZXNTYnNpK2pZQzNxYVlNTW04R3ZVRERUeXhnMlcxaXVJbjc1cHk0VWJKR3M5Q2Rxc2FoSWJkRjNqcTVDWmZ5Q0RrMlgwY2tLOHEzRlwvIn0%3D HTTP/1.1" 200 201824 "-" "Mozilla/5.0 (compatible; GrapeshotCrawler/2.0; +http://www.grapeshot.co.uk/crawler.php)" 0.761 "148.64.56.74, 148.64.56.74"
35.239.52.76 - - [25/Oct/2018:00:55:10 +0000]  "GET /widget/search HTTP/1.1" 200 1823 "https://www.agweb.com/" "Mozilla/5.0 (Windows NT 6.1; WOW64; Trident/7.0; rv:11.0) like Gecko" 0.159 "65.113.196.137, 65.113.196.137"
35.238.173.177 - - [25/Oct/2018:00:55:13 +0000]  "GET /widget/search HTTP/1.1" 200 1819 "https://www.agweb.com/" "Mozilla/5.0 (Windows NT 10.0; Win64; x64) AppleWebKit/537.36 (KHTML, like Gecko) Chrome/69.0.3497.100 Safari/537.36" 0.155 "74.206.58.235, 74.206.58.235"
35.238.173.177 - - [25/Oct/2018:00:55:14 +0000]  "GET /article/2018/10/23/roundup-lawsuit-judge-trims-200-million-jury-award?mkt_tok=eyJpIjoiWmpOa09EY3pPV1JoTjJFeCIsInQiOiI0dGFBRWxzVklxc2tmWGtZaWxKZFBUZHlhNlNXUUpTTmdQRXRlWWhaeklYaHdnM081ZzN3UnRcL3NcL2RaTFZsYzFVWDYrSzBlWXFQSjhBY1UwQ05MRlVCQTQrU2JpNVhuUmQ4dGk5VThuZFpZUnJ6YjRTa1FBSnVaWEFyVTBvbTlVIn0%3D HTTP/1.1" 200 202137 "http://info.farmjournal.com/dc/rkEZfow449TboG4KtFsIMzmy5VWX2ErX9INLaG_Ovd-Batx56S9NlBL1BKPpBJpOxqBmpwA-ubaJ8C4n5UnmXqIgqcGVw_EUJSvGuyEJzMWwMRNM2PrOEt1CBZ2SqRQn/iLGY0vGBJ7z00x007WI3B00" "Mozilla/5.0 (iPhone; CPU iPhone OS 12_0_1 like Mac OS X) AppleWebKit/605.1.15 (KHTML, like Gecko) Version/12.0 Mobile/15E148 Safari/604.1" 0.032 "2607:fb90:7c8b:d16b:f8a1:2348:6976:f32c, 2607:fb90:7c8b:d16b:f8a1:2348:6976:f32c"
35.239.52.76 - - [25/Oct/2018:00:55:23 +0000]  "GET /widget/search HTTP/1.1" 200 1817 "https://www.agweb.com/crops/" "Mozilla/5.0 (Windows NT 6.1; WOW64) AppleWebKit/537.36 (KHTML, like Gecko) Chrome/69.0.3497.100 Safari/537.36" 0.136 "192.230.202.76, 192.230.202.76"
35.239.52.76 - - [25/Oct/2018:00:55:24 +0000]  "GET /sites/default/files/css/css_j8-7_8d74Ao35Pn8uWTVdqhZIxjRlG3aO5l5vWeXbts.css?ph4gh2 HTTP/1.1" 200 89494 "-" "Mozilla/5.0 (Windows NT 6.1; WOW64) AppleWebKit/534+ (KHTML, like Gecko) BingPreview/1.0b" 0.000 "40.77.195.126, 40.77.195.126"
35.239.122.215 - - [25/Oct/2018:00:54:39 +0000]  "POST /article/2018/10/23/roundup-lawsuit-judge-trims-200-million-jury-award?mkt_tok=eyJpIjoiWm1FME9EUTBZbVEyT0RNMyIsInQiOiJVV1R2SWFUTE9FTEtRXC9aejllaWdsK0hlTEcwc0Q3aTU5REh6NkllK2hKSzRUd2UzMGZ4eGpKZ29GTFJJS0wwMG5XbkV2Z1JmVUFQSUNaOW0zZ2RZWWpsc2s0ekV2dVBqMk9LZEZ0WHBHQmx6SWVzN3FPREVZVjU5OGxtTHkyVEUifQ%3D%3D HTTP/1.1" 303 5908 "https://www.greenbook.net/article/2018/10/23/roundup-lawsuit-judge-trims-200-million-jury-award?mkt_tok=eyJpIjoiWm1FME9EUTBZbVEyT0RNMyIsInQiOiJVV1R2SWFUTE9FTEtRXC9aejllaWdsK0hlTEcwc0Q3aTU5REh6NkllK2hKSzRUd2UzMGZ4eGpKZ29GTFJJS0wwMG5XbkV2Z1JmVUFQSUNaOW0zZ2RZWWpsc2s0ekV2dVBqMk9LZEZ0WHBHQmx6SWVzN3FPREVZVjU5OGxtTHkyVEUifQ%3D%3D" "Mozilla/5.0 (iPhone; CPU iPhone OS 7_1_2 like Mac OS X) AppleWebKit/537.51.2 (KHTML, like Gecko) Version/7.0 Mobile/11D257 Safari/9537.53" 0.594 "50.86.52.170, 50.86.52.170"
104.198.217.33 - - [25/Oct/2018:00:54:47 +0000]  "GET /labels-list HTTP/1.1" 200 197342 "-" "Mozilla/4.0 (compatible; MSIE 6.0; Windows NT 5.1)" 0.992 "79.171.81.236, 79.171.81.236"
104.198.217.33 - - [25/Oct/2018:00:55:02 +0000]  "GET /label-comparison/label_compare/29899?destination=/dow-agrosciences/milestone-vm-plus%3Fref%3Dlabel_search%26page%3D4 HTTP/1.1" 200 1391 "-" "Mozilla/5.0 (compatible; AhrefsBot/5.2; +http://ahrefs.com/robot/)" 0.225 "54.36.149.95, 54.36.149.95"
35.239.122.215 - - [25/Oct/2018:00:55:04 +0000]  "GET /widget/search HTTP/1.1" 200 1817 "https://www.agweb.com/" "Mozilla/5.0 (Windows NT 10.0; Win64; x64) AppleWebKit/537.36 (KHTML, like Gecko) Chrome/64.0.3282.140 Safari/537.36 Edge/17.17134" 0.128 "216.249.249.202, 216.249.249.202"
104.198.217.33 - - [25/Oct/2018:00:55:32 +0000]  "GET /sulphur-mills/buzz-ultra-df HTTP/1.1" 200 208484 "-" "Mozilla/5.0 (compatible; GrapeshotCrawler/2.0; +http://www.grapeshot.co.uk/crawler.php)" 3.932 "148.64.56.76, 148.64.56.76"
35.239.52.76 - - [25/Oct/2018:00:55:31 +0000]  "GET /label-comparison/label_compare/32600?destination=/bayer-cropscience/sevin-80s-ca%3Fref%3Dlabel_search%26page%3D4 HTTP/1.1" 200 1355 "-" "Mozilla/5.0 (compatible; AhrefsBot/5.2; +http://ahrefs.com/robot/)" 0.160 "54.36.148.78, 54.36.148.78"
35.238.80.36 - - [25/Oct/2018:00:55:35 +0000]  "GET /pantheon_healthcheck HTTP/1.1" 200 34 "-" "Pingdom.com_bot_version_1.4_(http://www.pingdom.com/)" 0.013 "199.87.228.66"
35.239.52.76 - - [25/Oct/2018:00:55:37 +0000]  "GET /widget/search HTTP/1.1" 200 1818 "https://www.agweb.com/" "Mozilla/5.0 (Windows NT 10.0; Win64; x64) AppleWebKit/537.36 (KHTML, like Gecko) Chrome/64.0.3282.140 Safari/537.36 Edge/17.17134" 0.157 "68.69.75.207, 68.69.75.207"
35.238.173.177 - - [25/Oct/2018:00:55:40 +0000]  "GET /label-comparison/label_compare/33575?destination=/agronomy-group-llc/liqua-jip HTTP/1.1" 200 1331 "-" "Mozilla/5.0 (compatible; AhrefsBot/5.2; +http://ahrefs.com/robot/)" 0.161 "54.36.148.150, 54.36.148.150"
35.238.80.36 - - [25/Oct/2018:00:55:42 +0000]  "GET /widget/search HTTP/1.1" 200 1823 "https://www.agweb.com/" "Mozilla/5.0 (Windows NT 10.0; Win64; x64) AppleWebKit/537.36 (KHTML, like Gecko) Chrome/64.0.3282.140 Safari/537.36 Edge/17.17134" 0.180 "172.78.7.60, 172.78.7.60"
35.238.80.36 - - [25/Oct/2018:00:55:43 +0000]  "GET /albaughagri-star/solve-24-d HTTP/1.1" 301 5856 "-" "Mozilla/5.0 (compatible; bingbot/2.0; +http://www.bing.com/bingbot.htm)" 0.111 "157.55.39.225, 157.55.39.225"
35.238.80.36 - - [25/Oct/2018:00:55:47 +0000]  "GET /widget/search HTTP/1.1" 200 1823 "https://www.agweb.com/" "Mozilla/5.0 (Windows NT 10.0; Win64; x64) AppleWebKit/537.36 (KHTML, like Gecko) Chrome/69.0.3497.100 Safari/537.36" 0.158 "50.127.221.151, 50.127.221.151"
35.239.122.215 - - [25/Oct/2018:00:55:38 +0000]  "GET /print/pdf/node/173756 HTTP/1.1" 200 1614446 "-" "Mozilla/5.0 (compatible; bingbot/2.0; +http://www.bing.com/bingbot.htm)" 0.694 "157.55.39.225, 157.55.39.225"
104.198.217.33 - - [25/Oct/2018:00:55:42 +0000]  "GET /widget/search HTTP/1.1" 200 1820 "https://www.agweb.com/" "Mozilla/5.0 (iPad; CPU OS 12_0_1 like Mac OS X) AppleWebKit/605.1.15 (KHTML, like Gecko) Version/12.0 Mobile/15E148 Safari/604.1" 0.127 "107.77.237.174, 107.77.237.174"
104.198.217.33 - - [25/Oct/2018:00:55:43 +0000]  "GET /demosearch/showPDF.aspx?id=41585&type=m HTTP/1.1" 301 5 "-" "Mozilla/5.0 (iPhone; CPU iPhone OS 7_0 like Mac OS X) AppleWebKit/537.51.1 (KHTML, like Gecko) Version/7.0 Mobile/11A465 Safari/9537.53 (compatible; bingbot/2.0; +http://www.bing.com/bingbot.htm)" 0.005 "157.55.39.225"
104.198.217.33 - - [25/Oct/2018:00:55:44 +0000]  "GET /widget/search HTTP/1.1" 200 1819 "https://www.agweb.com/" "Mozilla/5.0 (Windows NT 10.0; Win64; x64) AppleWebKit/537.36 (KHTML, like Gecko) Chrome/69.0.3497.100 Safari/537.36" 0.123 "50.127.221.151, 50.127.221.151"
104.198.217.33 - - [25/Oct/2018:00:55:51 +0000]  "GET /widget/search HTTP/1.1" 200 1822 "https://www.agweb.com/" "Mozilla/5.0 (Windows NT 6.1; WOW64; Trident/7.0; rv:11.0) like Gecko" 0.182 "161.203.19.1, 161.203.19.1"
104.198.217.33 - - [25/Oct/2018:00:55:51 +0000]  "POST /search-results?q=&text= HTTP/1.1" 303 5909 "https://www.greenbook.net/search-results?q=&text=" "Mozilla/5.0 (iPhone; CPU iPhone OS 7_1_2 like Mac OS X) AppleWebKit/537.51.2 (KHTML, like Gecko) Version/7.0 Mobile/11D257 Safari/9537.53" 2.263 "50.86.52.170, 50.86.52.170"
35.239.122.215 - - [25/Oct/2018:00:55:56 +0000]  "GET /search-results?q=&text= HTTP/1.1" 200 384624 "https://www.greenbook.net/search-results?q=&text=" "Mozilla/5.0 (iPhone; CPU iPhone OS 7_1_2 like Mac OS X) AppleWebKit/537.51.2 (KHTML, like Gecko) Version/7.0 Mobile/11D257 Safari/9537.53" 0.058 "50.86.52.170, 50.86.52.170"
35.239.52.76 - - [25/Oct/2018:00:55:54 +0000]  "GET /widget/search HTTP/1.1" 200 1820 "https://www.agweb.com/" "Mozilla/5.0 (Windows NT 10.0; Win64; x64) AppleWebKit/537.36 (KHTML, like Gecko) Chrome/64.0.3282.140 Safari/537.36 Edge/17.17134" 0.132 "64.37.24.111, 64.37.24.111"
35.238.173.177 - - [25/Oct/2018:00:56:08 +0000]  "GET / HTTP/1.1" 200 201713 "-" "Pingdom.com_bot_version_1.4_(http://www.pingdom.com/)" 0.044 "72.46.153.26, 72.46.153.26"
35.238.80.36 - - [25/Oct/2018:00:56:11 +0000]  "GET /article/2018/10/17/killer-robots-weeds-wont-know-what-hit-em?mkt_tok=eyJpIjoiTnpJMU5UbG1NVEJpTURVNSIsInQiOiI1T1VqWnkwT0UyTFI4MlVFblJab0lWQWlSWU5CSW8zVkd2dnArYkwxcHp5UGIyZSs3V2dNelwvTys0OXBGY3lZZGdJYzVvc1Z4OTYzR3k0OFpvd1pmK2NXQWR4RVdHSUZDQVhpaFJGTFk0RXVtYkdSTnRVb0FKZXBwYXd4TEtBM3kifQ%3D%3D HTTP/1.1" 200 201804 "http://info.farmjournal.com/dc/rkEZfow449TboG4KtFsIMzmy5VWX2ErX9INLaG_Ovd9wkG1K1-PNZ9QJq5fVu3AbcBjUBwYWeoF9ABlWIAortfYOIWRNdo6hCMgk_rThD5hlKvLr_qOmWbUZmH-OTBPQ/v1zn0vG70xzBYzOBG03U007" "Mozilla/5.0 (Windows NT 6.1; Win64; x64) AppleWebKit/537.36 (KHTML, like Gecko) Chrome/69.0.3497.100 Safari/537.36" 0.841 "66.113.63.30, 216.166.140.42, 216.166.140.42"
35.238.173.177 - - [25/Oct/2018:00:56:21 +0000]  "GET /label-comparison/label_compare/32145?destination=/ingredients/sulfur%3Fsort_by%3Darticle_title%26sort_order%3DASC%26page%3D42 HTTP/1.1" 200 1368 "-" "Mozilla/5.0 (compatible; AhrefsBot/5.2; +http://ahrefs.com/robot/)" 0.174 "54.36.148.159, 54.36.148.159"
35.238.80.36 - - [25/Oct/2018:00:56:22 +0000]  "GET /label-comparison/label_compare/290003?destination=/manufacturers/syngenta-llc%3Fpage%3D15 HTTP/1.1" 200 1328 "-" "Mozilla/5.0 (compatible; AhrefsBot/5.2; +http://ahrefs.com/robot/)" 0.186 "54.36.149.87, 54.36.149.87"
35.226.235.22 - - [25/Oct/2018:00:55:08 +0000]  "GET / HTTP/1.1" 200 201713 "-" "Pingdom.com_bot_version_1.4_(http://www.pingdom.com/)" 0.036 "209.126.120.29, 209.126.120.29"
35.226.235.22 - awebb@farmjournal.com [25/Oct/2018:00:55:08 +0000]  "GET /sites/default/files/css/css__eZCPjdiwSqLTemfVCZfNRKwogvJU-Wf8Vor5nTli7g.css?ph4gh2 HTTP/1.1" 200 139 "-" "Go-http-client/1.1" 0.000 "104.198.200.186, 104.198.200.186"
35.226.235.22 - - [25/Oct/2018:00:55:30 +0000]  "GET /label-comparison/label_compare/24950?destination=/bayer-cropscience/poncho-600%3Fref%3Dlabel_search HTTP/1.1" 200 1358 "-" "Mozilla/5.0 (compatible; AhrefsBot/5.2; +http://ahrefs.com/robot/)" 0.123 "54.36.148.198, 54.36.148.198"
35.226.235.22 - - [25/Oct/2018:00:55:45 +0000]  "GET /node/283203 HTTP/1.1" 200 211754 "-" "Mozilla/5.0 (compatible; bingbot/2.0; +http://www.bing.com/bingbot.htm)" 0.968 "157.55.39.225, 157.55.39.225"
35.226.235.22 - - [25/Oct/2018:00:55:47 +0000]  "GET /widget/search HTTP/1.1" 200 1824 "https://www.agweb.com/" "Mozilla/5.0 (iPad; CPU OS 12_0_1 like Mac OS X) AppleWebKit/605.1.15 (KHTML, like Gecko) Version/12.0 Mobile/15E148 Safari/604.1" 0.128 "107.77.237.174, 107.77.237.174"
35.226.235.22 - - [25/Oct/2018:00:55:55 +0000]  "GET /basf-professional-and-specialty-solutions/lakepak HTTP/1.1" 301 5980 "-" "Mozilla/5.0 (compatible; YandexBot/3.0; +http://yandex.com/bots)" 0.108 "5.45.207.56, 5.45.207.56"
35.226.235.22 - - [25/Oct/2018:00:56:13 +0000]  "GET /favicon.ico HTTP/1.1" 404 2721 "https://www.greenbook.net/article/2018/10/17/killer-robots-weeds-wont-know-what-hit-em?mkt_tok=eyJpIjoiTnpJMU5UbG1NVEJpTURVNSIsInQiOiI1T1VqWnkwT0UyTFI4MlVFblJab0lWQWlSWU5CSW8zVkd2dnArYkwxcHp5UGIyZSs3V2dNelwvTys0OXBGY3lZZGdJYzVvc1Z4OTYzR3k0OFpvd1pmK2NXQWR4RVdHSUZDQVhpaFJGTFk0RXVtYkdSTnRVb0FKZXBwYXd4TEtBM3kifQ%3D%3D" "Mozilla/5.0 (Windows NT 6.1; Win64; x64) AppleWebKit/537.36 (KHTML, like Gecko) Chrome/69.0.3497.100 Safari/537.36" 0.041 "66.113.63.30, 216.166.140.42, 216.166.140.42"
104.198.217.33 - - [25/Oct/2018:00:56:04 +0000]  "GET /widget/search HTTP/1.1" 200 1826 "https://www.agweb.com/" "Mozilla/5.0 (Windows NT 10.0; Win64; x64) AppleWebKit/537.36 (KHTML, like Gecko) Chrome/64.0.3282.140 Safari/537.36 Edge/17.17134" 0.202 "2001:5b0:46df:a278:bd26:af25:1219:d567, 2001:5b0:46df:a278:bd26:af25:1219:d567"
104.198.217.33 - - [25/Oct/2018:00:56:26 +0000]  "GET /widget/search HTTP/1.1" 200 1824 "https://www.agweb.com/" "Mozilla/5.0 (iPad; CPU OS 10_1_1 like Mac OS X) AppleWebKit/602.2.14 (KHTML, like Gecko) Version/10.0 Mobile/14B100 Safari/602.1" 0.137 "67.22.18.137, 67.22.18.137"
35.239.122.215 - - [25/Oct/2018:00:56:26 +0000]  "GET /trical/tri-clor-fumigant HTTP/1.1" 200 207907 "-" "Mozilla/5.0 (compatible; GrapeshotCrawler/2.0; +http://www.grapeshot.co.uk/crawler.php)" 2.454 "148.64.56.73, 148.64.56.73"
104.198.217.33 - - [25/Oct/2018:00:56:29 +0000]  "GET /label-comparison/label_compare/32117?destination=/source-source/cb-gf-afs-phase-3-tank-b-conc HTTP/1.1" 200 1364 "-" "Mozilla/5.0 (compatible; AhrefsBot/5.2; +http://ahrefs.com/robot/)" 0.162 "54.36.149.106, 54.36.149.106"
104.198.217.33 - - [25/Oct/2018:00:56:30 +0000]  "GET /widget/search HTTP/1.1" 200 1829 "https://www.agweb.com/" "Mozilla/5.0 (Windows NT 6.1; Win64; x64) AppleWebKit/537.36 (KHTML, like Gecko) Chrome/70.0.3538.77 Safari/537.36" 0.127 "208.38.246.89, 208.38.246.89"
35.239.122.215 - - [25/Oct/2018:00:56:37 +0000]  "GET /contact HTTP/1.1" 200 196924 "-" "Mozilla/4.0 (compatible; MSIE 6.0; Windows NT 5.1)" 0.866 "79.171.81.236, 79.171.81.236"
35.239.122.215 - - [25/Oct/2018:00:56:40 +0000]  "GET /label-comparison/label_compare/32130?destination=/ingredients/chelated-manganese%3Fsort_by%3Darticle_title%26sort_order%3DASC%26page%3D8 HTTP/1.1" 200 1393 "-" "Mozilla/5.0 (compatible; AhrefsBot/5.2; +http://ahrefs.com/robot/)" 0.185 "54.36.149.63, 54.36.149.63"
35.239.52.76 - - [25/Oct/2018:00:56:26 +0000]  "GET /label-comparison/label_compare/29885?destination=/valent-usa-llc-agricultural-products/pyganic-crop-protection-ec-50-ii%3Fpage%3D10 HTTP/1.1" 200 1408 "-" "Mozilla/5.0 (compatible; AhrefsBot/5.2; +http://ahrefs.com/robot/)" 0.133 "54.36.149.103, 54.36.149.103"
35.238.173.177 - - [25/Oct/2018:00:56:35 +0000]  "GET /pantheon_healthcheck HTTP/1.1" 200 34 "-" "Pingdom.com_bot_version_1.4_(http://www.pingdom.com/)" 0.015 "72.46.140.106"
35.238.80.36 - - [25/Oct/2018:00:56:43 +0000]  "GET /widget/search HTTP/1.1" 200 1820 "https://www.agweb.com/" "Mozilla/5.0 (Windows NT 10.0; Win64; x64) AppleWebKit/537.36 (KHTML, like Gecko) Chrome/69.0.3497.100 Safari/537.36" 0.175 "75.88.100.77, 75.88.100.77"
35.239.52.76 - - [25/Oct/2018:00:56:46 +0000]  "GET /widget/search HTTP/1.1" 400 63 "https://www.agprofessional.com/" "Mozilla/5.0 (Windows NT 10.0; Win64; x64) AppleWebKit/537.36 (KHTML, like Gecko) Chrome/69.0.3497.100 Safari/537.36" 0.016 "190.247.252.99, 190.247.252.99"
35.238.80.36 - - [25/Oct/2018:00:56:48 +0000]  "GET /widget/search HTTP/1.1" 200 1812 "https://www.agweb.com/" "Mozilla/5.0 (iPad; CPU OS 7_1 like Mac OS X) AppleWebKit/537.51.2 (KHTML, like Gecko) Version/7.0 Mobile/11D167 Safari/9537.53" 0.190 "23.252.157.202, 23.252.157.202"
35.238.80.36 - - [25/Oct/2018:00:56:53 +0000]  "GET /winfield-united/shredder-mcpe HTTP/1.1" 200 206833 "-" "Mozilla/5.0 (compatible; GrapeshotCrawler/2.0; +http://www.grapeshot.co.uk/crawler.php)" 2.457 "148.64.56.74, 148.64.56.74"
35.238.80.36 - - [25/Oct/2018:00:57:03 +0000]  "GET /widget/search HTTP/1.1" 200 1820 "https://www.agweb.com/" "Mozilla/5.0 (Linux; Android 7.1.1; SAMSUNG SM-T560NU Build/NMF26X) AppleWebKit/537.36 (KHTML, like Gecko) SamsungBrowser/7.4 Chrome/59.0.3071.125 Safari/537.36" 0.150 "98.30.238.106, 98.30.238.106"
35.238.80.36 - - [25/Oct/2018:00:57:09 +0000]  "GET /dow-agrosciences/confront HTTP/1.1" 200 209731 "-" "Mozilla/5.0 (Linux; Android 6.0.1; Moto G (4) Build/MPJ24.139-64) AppleWebKit/537.36 (KHTML, like Gecko) Chrome/65.0.3325.146 Mobile Safari/537.36 PTST/181019.181040" 3.808 "104.198.101.116, 104.198.101.116"
35.238.80.36 - - [25/Oct/2018:00:57:27 +0000]  "GET /?adgroupid=47067694250&campaignid=1051500145&creative=251784795344&device=m&devicemodel=apple%2Biphone&gclid=EAIaIQobChMIndzDrrGg3gIVSM1kCh0NkQZWEAEYASAAEgL9pfD_BwE&keyword=fungicide&loc_interest_ms=&loc_physical_ms=9025271&matchtype=&network=d&placement=wellcures.info&position=none HTTP/1.1" 200 202388 "https://googleads.g.doubleclick.net/pagead/ads?client=ca-pub-7815316030744525&output=html&h=190&w=375&bih=526&biw=375&slotname=1934499943&adk=2194092715&url=http://wellcures.info/2018/04/24/5-easy-ways-to-get-rid-of-ants-in-the-kitchen/&frm=20&guci=2.2.0.0.2.2.0&eid=21060853,21070024&u_his=2&brdim=0,0,0,0,375,0,0,0,375,526&prev_fmts=375x190_0ads_al&format=fpkc_al_lp&kw_type=radlink&hl=en&rt=ChBb0RTLAAkvdAD5AMgFDzTIEgEgGgjbQklDd90igSgBUhMIoeu0nLGg3gIVT8C9Ch27NQfweAGCARQKEEtpdGNoZW4gQ291bnRlcnMSAIIBHAoYTmF0dXJhbCBSZW1lZHkgVHJlYXRtZW50EgCCAREKDUFudHMgaW4gSG91c2USAIIBFAoQS2l0Y2hlbiBDYWJpbmV0cxIAiAEC&ad_type=text" "Mozilla/5.0 (iPhone; CPU iPhone OS 11_4_1 like Mac OS X) AppleWebKit/605.1.15 (KHTML, like Gecko) Version/11.0 Mobile/15E148 Safari/604.1" 0.954 "99.195.43.172, 99.195.43.172"
35.239.52.76 - - [25/Oct/2018:00:57:32 +0000]  "GET /label-comparison/label_compare/33096?destination=/bioworks-inc/molt-x%3Fpage%3D4 HTTP/1.1" 200 1317 "-" "Mozilla/5.0 (compatible; AhrefsBot/5.2; +http://ahrefs.com/robot/)" 0.184 "54.36.148.167, 54.36.148.167"
35.238.173.177 - - [25/Oct/2018:00:57:37 +0000]  "GET /widget/search HTTP/1.1" 200 1827 "https://www.agweb.com/" "Mozilla/5.0 (Windows NT 6.3; Win64; x64; rv:62.0) Gecko/20100101 Firefox/62.0" 0.159 "104.249.224.13, 104.249.224.13"
35.239.122.215 - - [25/Oct/2018:00:56:44 +0000]  "GET /label-comparison/label_compare/34349?destination=/loveland-products-inc/magistrate HTTP/1.1" 200 1330 "-" "Mozilla/5.0 (compatible; AhrefsBot/5.2; +http://ahrefs.com/robot/)" 0.145 "54.36.149.40, 54.36.149.40"
104.198.217.33 - - [25/Oct/2018:00:57:08 +0000]  "GET /widget/search HTTP/1.1" 200 1823 "https://www.agweb.com/" "Mozilla/5.0 (iPad; CPU OS 11_3 like Mac OS X) AppleWebKit/605.1.15 (KHTML, like Gecko) Version/11.0 Mobile/15E148 Safari/604.1" 0.134 "2600:1002:b00d:23ce:3547:1d13:8d02:47b, 2600:1002:b00d:23ce:3547:1d13:8d02:47b"
35.239.122.215 - - [25/Oct/2018:00:57:11 +0000]  "GET / HTTP/1.1" 200 201713 "https://www.greenbook.net/" "Mozilla/5.0+(compatible; UptimeRobot/2.0; http://www.uptimerobot.com/)" 0.035 "63.143.42.245, 63.143.42.245"
104.198.217.33 - - [25/Oct/2018:00:57:14 +0000]  "GET /ajax/continent HTTP/1.1" 200 60 "https://www.greenbook.net/dow-agrosciences/confront" "Mozilla/5.0 (Linux; Android 6.0.1; Moto G (4) Build/MPJ24.139-64) AppleWebKit/537.36 (KHTML, like Gecko) Chrome/65.0.3325.146 Mobile Safari/537.36 PTST/181019.181040" 0.256 "104.198.101.116, 104.198.101.116"
35.239.122.215 - - [25/Oct/2018:00:57:27 +0000]  "GET /label-comparison/label_compare/32724?destination=/loveland-products-inc/brozine HTTP/1.1" 200 1318 "-" "Mozilla/5.0 (compatible; AhrefsBot/5.2; +http://ahrefs.com/robot/)" 0.182 "54.36.148.32, 54.36.148.32"
104.198.217.33 - - [25/Oct/2018:00:57:27 +0000]  "GET /article/2018/10/23/roundup-lawsuit-judge-trims-200-million-jury-award?mkt_tok=eyJpIjoiTVRWaE1qWTNNR1ZpTmpFMiIsInQiOiJaTVJMcWR3RWtZbWNTQVwvbFM3OHU1TDJJb3M4ekNZMjZPM09LdVwvRnJuWjd4Z2xzSk8ySFFVa09CbHBTelcyNTdxR2xtQ3U3Yit1bTZpUStMcmJKaUFKWUhWMmRWbU9cL2ZhN2N2eXhzWTVsTm1hUmZcL3ZaTFhVcGRBTzZPSjJZYVIifQ%3D%3D HTTP/1.1" 200 202203 "-" "Mozilla/5.0 (compatible; GrapeshotCrawler/2.0; +http://www.grapeshot.co.uk/crawler.php)" 0.928 "148.64.56.73, 148.64.56.73"
35.226.235.22 - - [25/Oct/2018:00:56:27 +0000]  "GET /widget/search HTTP/1.1" 200 1818 "https://www.agweb.com/" "Mozilla/5.0 (Macintosh; Intel Mac OS X 10.11; rv:62.0) Gecko/20100101 Firefox/62.0" 0.107 "192.230.140.229, 192.230.140.229"
35.226.235.22 - - [25/Oct/2018:00:56:41 +0000]  "GET /fmc-corporation/anthem-maxx HTTP/1.1" 200 206098 "-" "Mozilla/5.0 (compatible; AhrefsBot/5.2; +http://ahrefs.com/robot/)" 3.507 "54.36.149.46, 54.36.149.46"
35.226.235.22 - - [25/Oct/2018:00:57:11 +0000]  "GET /widget/search HTTP/1.1" 200 1821 "https://www.agweb.com/" "Mozilla/5.0 (Windows NT 10.0; WOW64; Trident/7.0; Touch; LCTE; rv:11.0) like Gecko" 0.132 "76.76.41.78, 76.76.41.78"
35.226.235.22 - - [25/Oct/2018:00:57:16 +0000]  "GET /widget/search HTTP/1.1" 200 1819 "https://www.agweb.com/" "Mozilla/5.0 (Windows NT 10.0; Win64; x64) AppleWebKit/537.36 (KHTML, like Gecko) Chrome/69.0.3497.100 Safari/537.36" 0.157 "184.100.138.76, 184.100.138.76"
35.226.235.22 - - [25/Oct/2018:00:57:36 +0000]  "GET /node/31672 HTTP/1.1" 301 5 "-" "Mozilla/5.0 (compatible; AhrefsBot/5.2; +http://ahrefs.com/robot/)" 0.005 "54.36.149.17, 54.36.149.17"
35.226.235.22 - - [25/Oct/2018:00:57:52 +0000]  "GET /article/2018/10/17/killer-robots-weeds-wont-know-what-hit-em?mkt_tok=eyJpIjoiWWpFeU1UaG1OVGN5WldFeSIsInQiOiJkNUxTdmVPWDdzWXJqWnMxSGNiYXZQRnl3T05EMmo0OXNyTEdnQnRiTjV1VnBEMkJnK0Nzc2dSNEZQb1lLRUdDOVU1VzBCeTR1NmtKakVHWjZ5bjBscEJ2SDB3cjlyRFVZT0lLSmNcL3FSWHZyNGRzbTVQSjRPUytickh2Sm9JNjYifQ%3D%3D HTTP/1.1" 200 201763 "http://info.farmjournal.com/dc/rkEZfow449TboG4KtFsIMzmy5VWX2ErX9INLaG_Ovd9wkG1K1-PNZ9QJq5fVu3AbcBjUBwYWeoF9ABlWIAortfYOIWRNdo6hCMgk_rThD5hlKvLr_qOmWbUZmH-OTBPQ/NG007Ymx000BeGB73v3023z" "Mozilla/5.0 (Linux; Android 6.0.1; SM-G900V) AppleWebKit/537.36 (KHTML, like Gecko) Chrome/70.0.3538.64 Mobile Safari/537.36" 0.044 "63.245.135.85, 63.245.135.85"
35.238.80.36 - - [25/Oct/2018:00:57:37 +0000]  "GET /widget/search HTTP/1.1" 200 1823 "https://www.agweb.com/" "Mozilla/5.0 (iPad; CPU OS 10_3_3 like Mac OS X) AppleWebKit/603.3.8 (KHTML, like Gecko) Version/10.0 Mobile/14G60 Safari/602.1" 0.123 "107.77.236.181, 107.77.236.181"
35.238.80.36 - - [25/Oct/2018:00:57:38 +0000]  "GET /ajax/continent HTTP/1.1" 200 60 "https://www.greenbook.net/search-results?q=Dicamba%2520Diglycolamine%2520Salt&f%255B4%255D=active_ingredients%253ADicamba%2520Diglycolamine%2520Salt" "Mozilla/5.0 (Windows NT 6.1; WOW64) AppleWebKit/538.1 (KHTML, like Gecko) PhantomJS/2.1.1 Safari/538.1" 0.247 "69.94.133.37, 69.94.133.37"
35.238.80.36 - - [25/Oct/2018:00:57:43 +0000]  "GET /widget/search HTTP/1.1" 200 1820 "https://www.agweb.com/" "Mozilla/5.0 (Windows NT 6.1; Win64; x64) AppleWebKit/537.36 (KHTML, like Gecko) Chrome/69.0.3497.100 Safari/537.36" 0.174 "64.20.72.12, 64.20.72.12"
35.239.52.76 - - [25/Oct/2018:00:57:57 +0000]  "GET /widget/search HTTP/1.1" 200 1822 "https://www.agweb.com/" "Mozilla/5.0 (Windows NT 10.0; Win64; x64) AppleWebKit/537.36 (KHTML, like Gecko) Chrome/64.0.3282.140 Safari/537.36 Edge/17.17134" 0.157 "173.89.145.221, 173.89.145.221"
35.238.80.36 - - [25/Oct/2018:00:58:01 +0000]  "GET /kalo-inc/organosilicone-mvo HTTP/1.1" 200 202037 "-" "Mozilla/5.0 (compatible; GrapeshotCrawler/2.0; +http://www.grapeshot.co.uk/crawler.php)" 1.290 "148.64.56.67, 148.64.56.67"
35.239.52.76 - - [25/Oct/2018:00:58:03 +0000]  "GET /sites/default/files/styles/article_img/public/helicopter.JPG?itok=ouWCRTLi HTTP/1.1" 200 23361 "https://www.greenbook.net/article/2018/05/17/helicopter-herbicides-attack-invasive-weeds-pastures" "Mozilla/5.0 (Macintosh; Intel Mac OS X 10_12_6) AppleWebKit/537.36 (KHTML, like Gecko) Chrome/69.0.3497.100 Safari/537.36" 0.000 "71.68.64.161, 71.68.64.161"
35.239.122.215 - - [25/Oct/2018:00:57:44 +0000]  "GET /widget/search HTTP/1.1" 200 1820 "https://www.agweb.com/crops/" "Mozilla/5.0 (Windows NT 10.0; WOW64; Trident/7.0; rv:11.0) like Gecko" 0.137 "108.160.59.99, 108.160.59.99"
35.239.122.215 - - [25/Oct/2018:00:57:53 +0000]  "GET /label-comparison/label_compare/289429?destination=/loveland-products-canada-inc/ferbam-76-wdg-fungicide HTTP/1.1" 200 1335 "-" "Mozilla/5.0 (compatible; AhrefsBot/5.2; +http://ahrefs.com/robot/)" 0.186 "54.36.149.37, 54.36.149.37"
104.198.217.33 - - [25/Oct/2018:00:57:54 +0000]  "GET /widget/search HTTP/1.1" 200 1822 "https://www.agweb.com/crops/" "Mozilla/5.0 (Windows NT 10.0; WOW64; Trident/7.0; rv:11.0) like Gecko" 0.152 "108.160.59.99, 108.160.59.99"
35.239.122.215 - - [25/Oct/2018:00:58:05 +0000]  "GET /label-comparison/label_compare/32385?destination=/loveland-products-inc/savage%3Fref%3Dlabel_search%26page%3D2 HTTP/1.1" 200 1340 "-" "Mozilla/5.0 (compatible; AhrefsBot/5.2; +http://ahrefs.com/robot/)" 0.199 "54.36.148.103, 54.36.148.103"
35.226.235.22 - - [25/Oct/2018:00:58:09 +0000]  "GET /widget/search HTTP/1.1" 200 1821 "https://www.agweb.com/" "Mozilla/5.0 (Windows NT 10.0; Win64; x64) AppleWebKit/537.36 (KHTML, like Gecko) Chrome/69.0.3497.100 Safari/537.36" 0.113 "207.61.178.229, 207.61.178.229"
35.239.122.215 - - [25/Oct/2018:00:58:09 +0000]  "GET /user/login HTTP/1.1" 200 195405 "-" "Mozilla/4.0 (compatible; MSIE 6.0; Windows NT 5.1)" 0.038 "79.171.81.86, 79.171.81.86"
35.238.173.177 - - [25/Oct/2018:00:58:04 +0000]  "GET /dow-agrosciences/confront HTTP/1.1" 200 209661 "-" "Mozilla/5.0 (Linux; Android 6.0.1; Moto G (4) Build/MPJ24.139-64) AppleWebKit/537.36 (KHTML, like Gecko) Chrome/65.0.3325.146 Mobile Safari/537.36 PTST/181019.181040" 0.055 "104.198.101.116, 104.198.101.116"
35.239.52.76 - - [25/Oct/2018:00:58:09 +0000]  "GET /ajax/continent HTTP/1.1" 200 60 "https://www.greenbook.net/dow-agrosciences/confront" "Mozilla/5.0 (Linux; Android 6.0.1; Moto G (4) Build/MPJ24.139-64) AppleWebKit/537.36 (KHTML, like Gecko) Chrome/65.0.3325.146 Mobile Safari/537.36 PTST/181019.181040" 0.213 "104.198.101.116, 104.198.101.116"
35.238.173.177 - - [25/Oct/2018:00:58:10 +0000]  "GET /category/seed?path=front HTTP/1.1" 200 201406 "-" "Mozilla/4.0 (compatible; MSIE 6.0; Windows NT 5.1)" 1.046 "79.171.81.63, 79.171.81.63"
35.238.80.36 - - [25/Oct/2018:00:58:13 +0000]  "GET /ajax/continent HTTP/1.1" 200 60 "https://www.greenbook.net/" "Mozilla/5.0 (Windows NT 6.1; rv:62.0) Gecko/20100101 Firefox/62.0" 0.222 "2602:306:cec2:d1e0:c150:a28d:752e:8a77, 2602:306:cec2:d1e0:c150:a28d:752e:8a77"
35.239.52.76 - - [25/Oct/2018:00:58:13 +0000]  "GET /widget/search HTTP/1.1" 200 1825 "https://www.agweb.com/" "Mozilla/5.0 (Windows NT 10.0; Win64; x64) AppleWebKit/537.36 (KHTML, like Gecko) Chrome/69.0.3497.100 Safari/537.36" 0.165 "50.127.221.151, 50.127.221.151"
35.238.173.177 - - [25/Oct/2018:00:58:14 +0000]  "GET /ajax/continent HTTP/1.1" 200 60 "https://www.greenbook.net/article/2018/05/17/helicopter-herbicides-attack-invasive-weeds-pastures" "Mozilla/5.0 (Linux; Android 8.0.0; SM-G611F Build/R16NW) AppleWebKit/537.36 (KHTML, like Gecko) Chrome/67.0.3396.87 Mobile Safari/537.36" 0.242 "2401:4900:2592:3ef2:0:4:c9a3:1301, 2401:4900:2592:3ef2:0:4:c9a3:1301"
104.198.217.33 - - [25/Oct/2018:00:58:17 +0000]  "GET /article/2018/10/23/roundup-lawsuit-judge-trims-200-million-jury-award?mkt_tok=eyJpIjoiTW1RNU1HUm1PVGxsTlRrMCIsInQiOiJOMjV2c3RvV2NPazhuXC9ESFdNeitpVkkya1YxWGhZeUl3MUZ3S3VJaDBJbVZmRDFVRjZRYzZVOE11cko1UWxyaDloNFlzOEYxemtBbUZWYUxKejZndk95emd5OUpRMnhCRmVzTHBqZXgxYWhmdXNEVElOSnpEdG9DcHloYTZMSkMifQ%3D%3D HTTP/1.1" 200 199430 "http://info.farmjournal.com/dc/rkEZfow449TboG4KtFsIMzmy5VWX2ErX9INLaG_Ovd-Batx56S9NlBL1BKPpBJpOxqBmpwA-ubaJ8C4n5UnmXqIgqcGVw_EUJSvGuyEJzMWwMRNM2PrOEt1CBZ2SqRQn/yBGYyRbv0x0zBG771Z00030" "Mozilla/5.0 (Linux; Android 8.0.0; SM-G950U Build/R16NW) AppleWebKit/537.36 (KHTML, like Gecko) Chrome/69.0.3497.100 Mobile Safari/537.36" 0.778 "2600:1014:b124:cce1:6878:fbc7:d8b:2b03, 2600:1014:b124:cce1:6878:fbc7:d8b:2b03"
35.238.173.177 - - [25/Oct/2018:00:58:24 +0000]  "GET /tide-international/tide-hexazinone-2sl HTTP/1.1" 200 214499 "-" "Mozilla/5.0 (compatible; Googlebot/2.1; +http://www.google.com/bot.html)" 3.489 "66.249.65.119, 66.249.65.119"
104.198.217.33 - - [25/Oct/2018:00:58:28 +0000]  "GET /loveland-industries-inc/leaf-life-sluggo-snail-and-slug-bait HTTP/1.1" 301 6000 "-" "Mozilla/5.0 (compatible; AhrefsBot/5.2; +http://ahrefs.com/robot/)" 0.130 "54.36.148.125, 54.36.148.125"
35.226.235.22 - - [25/Oct/2018:00:58:29 +0000]  "GET //?network=d&matchtype=&keyword=insecticide&creative=251784795317&device=m&devicemodel=apple%2Biphone&placement=homeguides.sfgate.com&position=none&campaignid=1051500139&adgroupid=47067694450&loc_physical_ms=1024543&loc_interest_ms=&gclid=EAIaIQobChMI0MnQybGg3gIVOgKtBh3FUQTZEAEYASAAEgL_vfD_BwE HTTP/1.1" 302 7127 "https://googleads.g.doubleclick.net/pagead/ads?client=ca-pub-3235755782694080&output=html&h=190&w=375&bih=553&biw=375&slotname=1483013110&adk=2272820458&url=https://homeguides.sfgate.com/ant-control-artichokes-70143.html&ref=https://www.google.com/&frm=20&guci=2.2.0.0.2.2.0&eid=21060853,21070014&u_his=2&brdim=0,0,0,0,375,0,0,0,375,553&prev_fmts=375x190_0ads_al&format=fpkc_al_lp&kw_type=radlink&hl=en&rt=ChBb0RUhAAgUlAatAooKC3LmEgEgGgjOfQAdSBFbgSgBUhMIityyxbGg3gIV3w2tBh3_PwFceAGCARwKGEFudHMgb24gQXJ0aWNob2tlIFBsYW50cxIAggEiCh5OYXR1cmFsIEluc2VjdGljaWRlIGZvciBQbGFudHMSAIIBFAoQSG93IHRvIEtpbGwgQW50cxIAggEQCgxNb2xkIEtpbGxlcnMSAIgBAQ&ad_type=text" "Mozilla/5.0 (iPhone; CPU iPhone OS 12_0_1 like Mac OS X) AppleWebKit/605.1.15 (KHTML, like Gecko) Version/12.0 Mobile/15E148 Safari/604.1" 0.032 "2600:100f:b106:dd1f:e40f:5afc:fb40:be46, 2600:100f:b106:dd1f:e40f:5afc:fb40:be46"
104.198.217.33 - - [25/Oct/2018:00:58:30 +0000]  "GET /?adgroupid=47067694450&campaignid=1051500139&creative=251784795317&device=m&devicemodel=apple%2Biphone&gclid=EAIaIQobChMI0MnQybGg3gIVOgKtBh3FUQTZEAEYASAAEgL_vfD_BwE&keyword=insecticide&loc_interest_ms=&loc_physical_ms=1024543&matchtype=&network=d&placement=homeguides.sfgate.com&position=none HTTP/1.1" 200 202366 "https://googleads.g.doubleclick.net/pagead/ads?client=ca-pub-3235755782694080&output=html&h=190&w=375&bih=553&biw=375&slotname=1483013110&adk=2272820458&url=https://homeguides.sfgate.com/ant-control-artichokes-70143.html&ref=https://www.google.com/&frm=20&guci=2.2.0.0.2.2.0&eid=21060853,21070014&u_his=2&brdim=0,0,0,0,375,0,0,0,375,553&prev_fmts=375x190_0ads_al&format=fpkc_al_lp&kw_type=radlink&hl=en&rt=ChBb0RUhAAgUlAatAooKC3LmEgEgGgjOfQAdSBFbgSgBUhMIityyxbGg3gIV3w2tBh3_PwFceAGCARwKGEFudHMgb24gQXJ0aWNob2tlIFBsYW50cxIAggEiCh5OYXR1cmFsIEluc2VjdGljaWRlIGZvciBQbGFudHMSAIIBFAoQSG93IHRvIEtpbGwgQW50cxIAggEQCgxNb2xkIEtpbGxlcnMSAIgBAQ&ad_type=text" "Mozilla/5.0 (iPhone; CPU iPhone OS 12_0_1 like Mac OS X) AppleWebKit/605.1.15 (KHTML, like Gecko) Version/12.0 Mobile/15E148 Safari/604.1" 0.877 "2600:100f:b106:dd1f:e40f:5afc:fb40:be46, 2600:100f:b106:dd1f:e40f:5afc:fb40:be46"
35.238.173.177 - - [25/Oct/2018:00:58:31 +0000]  "GET /label-comparison/label_compare/29892?destination=/loveland-products-inc/consero%3Fref%3Dlabel_search%26page%3D3 HTTP/1.1" 200 1371 "-" "Mozilla/5.0 (compatible; AhrefsBot/5.2; +http://ahrefs.com/robot/)" 0.214 "54.36.148.12, 54.36.148.12"
104.198.217.33 - - [25/Oct/2018:00:58:34 +0000]  "GET /widget/search HTTP/1.1" 200 1829 "https://www.agweb.com/" "Mozilla/5.0 (Windows NT 6.3; Win64; x64) AppleWebKit/537.36 (KHTML, like Gecko) Chrome/69.0.3497.100 Safari/537.36" 0.164 "72.255.140.104, 72.255.140.104"
35.226.235.22 - - [25/Oct/2018:00:58:35 +0000]  "GET /pantheon_healthcheck HTTP/1.1" 200 34 "-" "Pingdom.com_bot_version_1.4_(http://www.pingdom.com/)" 0.004 "173.248.147.18"
104.198.217.33 - - [25/Oct/2018:00:58:37 +0000]  "GET /?adgroupid=47067694450&campaignid=1051500139&creative=251784795317&device=m&devicemodel=apple%2Biphone&gclid=*&keyword=insecticide&loc_interest_ms=&loc_physical_ms=1024543&matchtype=&network=d&placement=homeguides.sfgate.com&position=none HTTP/1.1" 200 202255 "-" "Mediapartners-Google" 0.852 "209.85.238.55, 209.85.238.55"
35.238.173.177 - - [25/Oct/2018:00:58:37 +0000]  "GET /label-comparison/label_compare/33843?destination=/albaugh-llc/basic-copper-53%3Fref%3Dlabel_search%26page%3D1 HTTP/1.1" 200 1350 "-" "Mozilla/5.0 (compatible; AhrefsBot/5.2; +http://ahrefs.com/robot/)" 0.178 "54.36.148.215, 54.36.148.215"
35.238.173.177 - - [25/Oct/2018:00:58:42 +0000]  "GET / HTTP/1.1" 200 201713 "https://www.greenbook.net/" "Mozilla/5.0 (Windows NT 6.1) AppleWebKit/537.36 (KHTML, like Gecko) Chrome/68.0.3440.106 Safari/537.36" 0.054 "188.138.188.34, 188.138.188.34"
104.198.217.33 - - [25/Oct/2018:00:58:43 +0000]  "GET /widget/search HTTP/1.1" 200 1825 "https://www.agweb.com/" "Mozilla/5.0 (Windows NT 10.0; Win64; x64) AppleWebKit/537.36 (KHTML, like Gecko) Chrome/64.0.3282.140 Safari/537.36 Edge/17.17134" 0.113 "172.78.7.60, 172.78.7.60"
35.239.122.215 - - [25/Oct/2018:00:58:43 +0000]  "GET /register HTTP/1.1" 200 208816 "https://www.greenbook.net/register" "Mozilla/5.0 (Windows NT 6.1) AppleWebKit/537.36 (KHTML, like Gecko) Chrome/68.0.3440.106 Safari/537.36" 0.801 "188.138.188.34, 188.138.188.34"
104.198.217.33 - - [25/Oct/2018:00:58:45 +0000]  "POST /register HTTP/1.1" 200 209204 "https://www.greenbook.net/register" "Mozilla/5.0 (Windows NT 6.1) AppleWebKit/537.36 (KHTML, like Gecko) Chrome/68.0.3440.106 Safari/537.36" 0.793 "188.138.188.34, 188.138.188.34"
35.238.173.177 - - [25/Oct/2018:00:58:20 +0000]  "GET /widget/search HTTP/1.1" 200 1819 "https://www.agweb.com/" "Mozilla/5.0 (Windows NT 6.1; WOW64; Trident/7.0; rv:11.0) like Gecko" 0.147 "208.83.184.161, 208.83.184.161"
35.238.80.36 - - [25/Oct/2018:00:58:23 +0000]  "GET /label-comparison/label_compare/29408?destination=/product-type/activator%3Ftitle%3D%26sort_by%3Dtitle%26sort_order%3DASC%26page%3D7 HTTP/1.1" 200 1346 "-" "Mozilla/5.0 (compatible; AhrefsBot/5.2; +http://ahrefs.com/robot/)" 0.185 "54.36.148.108, 54.36.148.108"
35.238.173.177 - - [25/Oct/2018:00:58:23 +0000]  "GET /widget/search HTTP/1.1" 200 1820 "https://www.agweb.com/" "Mozilla/5.0 (X11; CrOS x86_64 10323.67.0) AppleWebKit/537.36 (KHTML, like Gecko) Chrome/65.0.3325.209 Safari/537.36" 0.133 "63.229.213.102, 63.229.213.102"
35.239.52.76 - - [25/Oct/2018:00:58:37 +0000]  "GET /ajax/continent HTTP/1.1" 200 60 "https://www.greenbook.net/dow-agrosciences/confront" "Mozilla/5.0 (Linux; Android 6.0.1; Moto G (4) Build/MPJ24.139-64) AppleWebKit/537.36 (KHTML, like Gecko) Chrome/65.0.3325.146 Mobile Safari/537.36 PTST/181019.181040" 0.237 "104.198.101.116, 104.198.101.116"
35.239.52.76 - - [25/Oct/2018:00:58:54 +0000]  "GET /node HTTP/1.1" 301 5767 "https://www.greenbook.net/" "Mozilla/5.0 (Windows NT 6.1; rv:62.0) Gecko/20100101 Firefox/62.0" 0.086 "2602:306:cec2:d1e0:c150:a28d:752e:8a77, 2602:306:cec2:d1e0:c150:a28d:752e:8a77"
35.239.52.76 - - [25/Oct/2018:00:59:00 +0000]  "GET / HTTP/1.1" 200 201243 "https://www.greenbook.net/" "Mozilla/5.0 (Windows NT 6.1; rv:62.0) Gecko/20100101 Firefox/62.0" 5.812 "2602:306:cec2:d1e0:c150:a28d:752e:8a77, 2602:306:cec2:d1e0:c150:a28d:752e:8a77"
35.226.235.22 - - [25/Oct/2018:00:58:47 +0000]  "GET /widget/search HTTP/1.1" 200 1818 "https://www.agweb.com/" "Mozilla/5.0 (iPad; CPU OS 9_3_5 like Mac OS X) AppleWebKit/601.1.46 (KHTML, like Gecko) Version/9.0 Mobile/13G36 Safari/601.1" 0.127 "98.21.199.60, 98.21.199.60"
104.198.217.33 - - [25/Oct/2018:00:59:02 +0000]  "GET /widget/search HTTP/1.1" 200 1822 "https://www.agprofessional.com/" "Mozilla/5.0 (Linux; Android 7.0) AppleWebKit/537.36 (KHTML, like Gecko) Version/4.0 Chrome/70.0.3538.64 Mobile Safari/537.36" 0.159 "198.98.212.139, 198.98.212.139"
35.226.235.22 - - [25/Oct/2018:00:59:04 +0000]  "GET / HTTP/1.1" 200 201779 "https://www.greenbook.net/" "Mozilla/5.0 (Windows NT 6.1) AppleWebKit/537.36 (KHTML, like Gecko) Chrome/68.0.3440.106 Safari/537.36" 0.790 "188.138.188.34, 188.138.188.34"
35.239.122.215 - - [25/Oct/2018:00:59:09 +0000]  "GET /label-comparison/label_compare/34509?destination=/product-type/antifoaming-agent%3Ftitle%3D%26sort_by%3Dtitle%26sort_order%3DASC%26page%3D1 HTTP/1.1" 200 1362 "-" "Mozilla/5.0 (compatible; AhrefsBot/5.2; +http://ahrefs.com/robot/)" 0.188 "54.36.148.133, 54.36.148.133"
35.238.173.177 - - [25/Oct/2018:00:59:10 +0000]  "POST /node?destination=/node HTTP/1.1" 200 202146 "https://www.greenbook.net/" "Mozilla/5.0 (Windows NT 6.1; Win64; x64) AppleWebKit/537.36 (KHTML, like Gecko) Chrome/67.0.3396.87 Safari/537.36" 4.581 "46.118.152.34, 46.118.152.34"
35.226.235.22 - - [25/Oct/2018:00:59:10 +0000]  "GET /widget/search HTTP/1.1" 200 1822 "https://www.agprofessional.com/" "Mozilla/5.0 (Macintosh; Intel Mac OS X 10_13_6) AppleWebKit/605.1.15 (KHTML, like Gecko) Version/12.0 Safari/605.1.15" 0.154 "76.3.34.51, 76.3.34.51"
104.198.217.33 - - [25/Oct/2018:00:59:12 +0000]  "GET /crops/sorghum-forage HTTP/1.1" 200 382236 "-" "Mozilla/5.0 (compatible; bingbot/2.0; +http://www.bing.com/bingbot.htm)" 3.118 "157.55.39.193, 157.55.39.193"
104.198.217.33 - - [25/Oct/2018:00:59:14 +0000]  "GET /label-comparison/label_compare/33075?destination=/drexel-chemical-company/pendiguard-turf-075%3Fref%3Dlabel_search%26page%3D4 HTTP/1.1" 200 1379 "-" "Mozilla/5.0 (compatible; AhrefsBot/5.2; +http://ahrefs.com/robot/)" 0.167 "54.36.148.159, 54.36.148.159"
104.198.217.33 - - [25/Oct/2018:00:59:14 +0000]  "GET /labels-list/?network=d&matchtype=&keyword=insecticide&creative=248574891556&device=m&devicemodel=samsung%2Bsm-s920l&placement=homeguides.sfgate.com&position=none&campaignid=1051500139&adgroupid=47067694450&loc_physical_ms=200807&loc_interest_ms=&gclid=EAIaIQobChMIuaam2LGg3gIVCRitBh0yJgZBEAEYASAAEgLaqfD_BwE HTTP/1.1" 301 7175 "https://googleads.g.doubleclick.net/pagead/ads?client=ca-pub-3235755782694080&output=html&h=190&w=360&bih=559&biw=360&slotname=1483013110&adk=2478640291&url=https://homeguides.sfgate.com/use-irish-spring-soap-repel-garden-pests-97701.html&ref=https://www.google.com/&frm=20&guci=2.2.0.0.2.2.0&eid=21060853,21062570,21070025,21061011&u_his=2&brdim=0,0,0,0,360,0,360,559,360,559&prev_fmts=360x190_0ads_al&format=fpkc_al_lp&kw_type=radlink&hl=en&rt=ChBb0RS7AAPsJAatAss1DvfEEgEgGghGm4SyE7SsSCgBUhMI58zNlLGg3gIVEhoBCh0nNANieAGCARgKFE1pY2UgYW5kIFJhdCBDb250cm9sEgCCARUKEUlyaXNoIFNwcmluZyBNaWNlEgCCARMKD0dldCBSaWQgb2YgTWljZRIAggERCg1Nb3VzZSBDb250cm9sEgCIAQI&ad_type=text" "Mozilla/5.0 (Linux; Android 5.0.2; SM-S920L) AppleWebKit/537.36 (KHTML, like Gecko) Chrome/70.0.3538.64 Mobile Safari/537.36" 0.055 "174.254.130.82, 174.254.130.82"
35.239.122.215 - - [25/Oct/2018:00:59:15 +0000]  "GET /labels-list?network=d&matchtype=&keyword=insecticide&creative=248574891556&device=m&devicemodel=samsung+sm-s920l&placement=homeguides.sfgate.com&position=none&campaignid=1051500139&adgroupid=47067694450&loc_physical_ms=200807&loc_interest_ms=&gclid=EAIaIQobChMIuaam2LGg3gIVCRitBh0yJgZBEAEYASAAEgLaqfD_BwE HTTP/1.1" 200 197994 "https://googleads.g.doubleclick.net/pagead/ads?client=ca-pub-3235755782694080&output=html&h=190&w=360&bih=559&biw=360&slotname=1483013110&adk=2478640291&url=https://homeguides.sfgate.com/use-irish-spring-soap-repel-garden-pests-97701.html&ref=https://www.google.com/&frm=20&guci=2.2.0.0.2.2.0&eid=21060853,21062570,21070025,21061011&u_his=2&brdim=0,0,0,0,360,0,360,559,360,559&prev_fmts=360x190_0ads_al&format=fpkc_al_lp&kw_type=radlink&hl=en&rt=ChBb0RS7AAPsJAatAss1DvfEEgEgGghGm4SyE7SsSCgBUhMI58zNlLGg3gIVEhoBCh0nNANieAGCARgKFE1pY2UgYW5kIFJhdCBDb250cm9sEgCCARUKEUlyaXNoIFNwcmluZyBNaWNlEgCCARMKD0dldCBSaWQgb2YgTWljZRIAggERCg1Nb3VzZSBDb250cm9sEgCIAQI&ad_type=text" "Mozilla/5.0 (Linux; Android 5.0.2; SM-S920L) AppleWebKit/537.36 (KHTML, like Gecko) Chrome/70.0.3538.64 Mobile Safari/537.36" 0.979 "174.254.130.82, 174.254.130.82"
104.198.217.33 - - [25/Oct/2018:00:59:18 +0000]  "GET /sites/default/files/css/css_zzBhRy8dboPobXjTQZpEWqhlBFqNTByTNEVce_muSEo.css?pdx4ps HTTP/1.1" 404 2781 "https://www.greenbook.net/taxonomy/term/46048" "Mozilla/5.0 AppleWebKit/537.36 (KHTML, like Gecko; compatible; Googlebot/2.1; +http://www.google.com/bot.html) Safari/537.36" 0.103 "66.249.65.119, 66.249.65.119"
35.226.235.22 - - [25/Oct/2018:00:59:19 +0000]  "GET /field_collection_item/2186297 HTTP/1.1" 404 196430 "-" "Mozilla/5.0 (compatible; AhrefsBot/5.2; +http://ahrefs.com/robot/)" 0.594 "54.36.148.178, 54.36.148.178"
35.238.173.177 - - [25/Oct/2018:00:59:20 +0000]  "GET /category/fungicide?path=front HTTP/1.1" 200 201618 "-" "Mozilla/4.0 (compatible; MSIE 6.0; Windows NT 5.1)" 0.732 "79.171.81.236, 79.171.81.236"
35.239.52.76 - - [25/Oct/2018:00:59:02 +0000]  "GET /sites/default/files/css/css_pUix8eCMq-3SfT-yi-Z4GB17qXTh61gdce1pP4YiIdo.css?pbezcw HTTP/1.1" 404 2782 "https://www.greenbook.net/loveland-industries-inc/low-vol-4-ester-weed-killer?ref=label_search&page=1" "Mozilla/5.0 AppleWebKit/537.36 (KHTML, like Gecko; compatible; Googlebot/2.1; +http://www.google.com/bot.html) Safari/537.36" 0.088 "66.249.65.123, 66.249.65.123"
35.239.52.76 - - [25/Oct/2018:00:59:08 +0000]  "GET / HTTP/1.1" 200 201713 "-" "Pingdom.com_bot_version_1.4_(http://www.pingdom.com/)" 0.030 "104.129.30.18, 104.129.30.18"
35.239.52.76 - - [25/Oct/2018:00:59:14 +0000]  "GET /western-nutrients/blend-9-18-9 HTTP/1.1" 200 203410 "-" "Mozilla/5.0 (compatible; bingbot/2.0; +http://www.bing.com/bingbot.htm)" 1.492 "157.55.39.193, 157.55.39.193"
35.238.80.36 - - [25/Oct/2018:00:59:18 +0000]  "GET /ajax/continent HTTP/1.1" 200 60 "https://www.greenbook.net/labels-list?network=d&matchtype=&keyword=insecticide&creative=248574891556&device=m&devicemodel=samsung+sm-s920l&placement=homeguides.sfgate.com&position=none&campaignid=1051500139&adgroupid=47067694450&loc_physical_ms=200807&loc_interest_ms=&gclid=EAIaIQobChMIuaam2LGg3gIVCRitBh0yJgZBEAEYASAAEgLaqfD_BwE" "Mozilla/5.0 (Linux; Android 5.0.2; SM-S920L) AppleWebKit/537.36 (KHTML, like Gecko) Chrome/70.0.3538.64 Mobile Safari/537.36" 0.362 "174.254.130.82, 174.254.130.82"
35.239.52.76 - - [25/Oct/2018:00:59:18 +0000]  "GET /field_collection_item/2305361 HTTP/1.1" 404 196412 "-" "Mozilla/5.0 (compatible; AhrefsBot/5.2; +http://ahrefs.com/robot/)" 0.865 "54.36.148.224, 54.36.148.224"
35.238.80.36 - - [25/Oct/2018:00:59:23 +0000]  "GET /sites/default/files/js/js_2OusQs2V17yXhPBhW6GpzW50nrHXws89VkRzpP69uv0.js HTTP/1.1" 200 182145 "https://www.greenbook.net/search-results?q=Canola&text=Canola" "Mozilla/5.0 (Windows NT 6.1; rv:62.0) Gecko/20100101 Firefox/62.0" 0.000 "2602:306:cec2:d1e0:c150:a28d:752e:8a77, 2602:306:cec2:d1e0:c150:a28d:752e:8a77"
35.226.235.22 - - [25/Oct/2018:00:59:20 +0000]  "GET /label-comparison/label_compare/289185?destination=/winfield-united/max-sulfur-0-0-19%3Fref%3Dlabel_search HTTP/1.1" 200 1359 "-" "Mozilla/5.0 (compatible; AhrefsBot/5.2; +http://ahrefs.com/robot/)" 0.157 "54.36.149.85, 54.36.149.85"
35.239.122.215 - - [25/Oct/2018:00:59:20 +0000]  "GET /sites/default/files/styles/relatedstories/public/dna2-337_0.jpg?itok=k_0ItMKK HTTP/1.1" 200 5868 "-" "Go-http-client/1.1" 0.000 "104.198.200.186, 104.198.200.186"
35.239.122.215 - - [25/Oct/2018:00:59:21 +0000]  "GET /sites/default/files/styles/relatedstories/public/Unilled_ear_of_corn_0.jpg?itok=Htmv9RPB HTTP/1.1" 200 7409 "-" "Go-http-client/1.1" 0.000 "104.198.200.186, 104.198.200.186"
104.198.217.33 - - [25/Oct/2018:00:59:21 +0000]  "GET /sites/default/files/styles/relatedstories/public/BASFw_bl100tr_ct%2525202016_3.png?itok=oWMsTZm7 HTTP/1.1" 200 6695 "-" "Go-http-client/1.1" 0.000 "104.198.200.186, 104.198.200.186"
35.226.235.22 - - [25/Oct/2018:00:59:25 +0000]  "GET /ajax/continent HTTP/1.1" 200 61 "https://www.greenbook.net/search-results?q=Canola&text=Canola" "Mozilla/5.0 (Windows NT 6.1; rv:62.0) Gecko/20100101 Firefox/62.0" 0.235 "2602:306:cec2:d1e0:c150:a28d:752e:8a77, 2602:306:cec2:d1e0:c150:a28d:752e:8a77"
35.238.173.177 - - [25/Oct/2018:00:59:25 +0000]  "GET /?path=front HTTP/1.1" 200 201823 "-" "Mozilla/4.0 (compatible; MSIE 6.0; Windows NT 5.1)" 0.766 "79.171.81.62, 79.171.81.62"
35.226.235.22 - - [25/Oct/2018:00:59:31 +0000]  "GET /label-comparison/label_compare/33700?destination=/basf-professional-and-specialty-solutions/clear-zone-double-impact HTTP/1.1" 200 1360 "-" "Mozilla/5.0 (compatible; AhrefsBot/5.2; +http://ahrefs.com/robot/)" 0.133 "54.36.148.71, 54.36.148.71"
104.198.217.33 - - [25/Oct/2018:00:59:33 +0000]  "GET /widget/search HTTP/1.1" 200 1820 "https://www.agweb.com/" "Mozilla/5.0 (Linux; Android 6.0.1; SM-T377V Build/MMB29K) AppleWebKit/537.36 (KHTML, like Gecko) Chrome/66.0.3359.126 Safari/537.36" 0.158 "2600:100a:b10b:42bf:0:61:7dac:2901, 2600:100a:b10b:42bf:0:61:7dac:2901"
35.238.173.177 - - [25/Oct/2018:00:59:35 +0000]  "GET /pantheon_healthcheck HTTP/1.1" 200 34 "-" "Pingdom.com_bot_version_1.4_(http://www.pingdom.com/)" 0.003 "69.59.28.19"
35.238.173.177 - - [25/Oct/2018:00:59:42 +0000]  "GET /widget/search HTTP/1.1" 200 1826 "https://www.agweb.com/" "Mozilla/5.0 (Windows NT 6.1; Win64; x64) AppleWebKit/537.36 (KHTML, like Gecko) Chrome/69.0.3497.100 Safari/537.36" 0.152 "209.188.64.249, 209.188.64.249"
35.238.173.177 - - [25/Oct/2018:00:59:45 +0000]  "GET /widget/search HTTP/1.1" 200 1821 "https://www.agweb.com/" "Mozilla/5.0 (iPad; CPU OS 11_3 like Mac OS X) AppleWebKit/605.1.15 (KHTML, like Gecko) Version/11.0 Mobile/15E148 Safari/604.1" 0.120 "174.201.23.59, 174.201.23.59"
35.238.173.177 - - [25/Oct/2018:00:59:47 +0000]  "GET /label-comparison/label_compare/33284?destination=/dow-agrosciences/entrust%3Fref%3Dlabel_search HTTP/1.1" 200 1328 "-" "Mozilla/5.0 (compatible; AhrefsBot/5.2; +http://ahrefs.com/robot/)" 0.231 "54.36.148.85, 54.36.148.85"
