104.198.217.33 - - [25/Oct/2018:01:22:21 +0000]  "GET /label-comparison/label_compare/32441?destination=/loveland-products-inc/glacial-spray%3Fpage%3D5 HTTP/1.1" 200 1333 "-" "Mozilla/5.0 (compatible; AhrefsBot/5.2; +http://ahrefs.com/robot/)" 0.141 "54.36.149.45, 54.36.149.45"
35.239.52.76 - - [25/Oct/2018:01:22:21 +0000]  "GET /advanced-biological-marketing/americas-best-non-sterile-peat-soybean HTTP/1.1" 301 5 "-" "Mozilla/5.0 (compatible; DotBot/1.1; http://www.opensiteexplorer.org/dotbot, help@moz.com)" 0.004 "216.244.66.236"
35.238.173.177 - - [25/Oct/2018:01:22:22 +0000]  "GET /manufacturers/cinmax-international-llc HTTP/1.1" 301 5 "-" "Mozilla/5.0 (compatible; DotBot/1.1; http://www.opensiteexplorer.org/dotbot, help@moz.com)" 0.004 "216.244.66.236"
35.238.80.36 - - [25/Oct/2018:01:22:24 +0000]  "GET /node/263053 HTTP/1.1" 301 5 "-" "Mozilla/5.0 (compatible; DotBot/1.1; http://www.opensiteexplorer.org/dotbot, help@moz.com)" 0.004 "216.244.66.236"
104.198.217.33 - - [25/Oct/2018:01:22:37 +0000]  "GET /node/121862 HTTP/1.1" 200 198639 "-" "Mozilla/5.0 (compatible; AhrefsBot/5.2; +http://ahrefs.com/robot/)" 0.900 "54.36.148.155, 54.36.148.155"
35.239.52.76 - - [25/Oct/2018:01:22:38 +0000]  "GET /lesco-inc/lesco-t-storm-2g-fungicide HTTP/1.1" 200 208629 "-" "Mozilla/5.0 (compatible; GrapeshotCrawler/2.0; +http://www.grapeshot.co.uk/crawler.php)" 3.210 "148.64.56.78, 148.64.56.78"
35.238.80.36 - - [25/Oct/2018:01:22:42 +0000]  "GET /widget/search HTTP/1.1" 200 1819 "https://www.agweb.com/" "Mozilla/5.0 (Windows NT 10.0; Win64; x64) AppleWebKit/537.36 (KHTML, like Gecko) Chrome/64.0.3282.140 Safari/537.36 Edge/17.17134" 0.145 "65.131.181.211, 65.131.181.211"
104.198.217.33 - - [25/Oct/2018:01:22:43 +0000]  "GET /manufacturers/brandt?sort_by=article_title&sort_order=ASC&page=27 HTTP/1.1" 200 54580 "-" "Mozilla/5.0 (compatible; AhrefsBot/5.2; +http://ahrefs.com/robot/)" 1.305 "54.36.148.146, 54.36.148.146"
35.238.173.177 - - [25/Oct/2018:01:22:47 +0000]  "GET /node/24841 HTTP/1.1" 301 5 "-" "Mozilla/5.0 (compatible; DotBot/1.1; http://www.opensiteexplorer.org/dotbot, help@moz.com)" 0.014 "216.244.66.236"
104.198.217.33 - - [25/Oct/2018:01:22:48 +0000]  "GET /node/26815 HTTP/1.1" 301 5 "-" "Mozilla/5.0 (compatible; DotBot/1.1; http://www.opensiteexplorer.org/dotbot, help@moz.com)" 0.005 "216.244.66.236"
35.226.235.22 - - [25/Oct/2018:01:22:49 +0000]  "GET /node/31253 HTTP/1.1" 301 5 "-" "Mozilla/5.0 (compatible; DotBot/1.1; http://www.opensiteexplorer.org/dotbot, help@moz.com)" 0.004 "216.244.66.236"
35.238.80.36 - - [25/Oct/2018:01:22:49 +0000]  "GET /widget/search HTTP/1.1" 200 1819 "https://www.agweb.com/" "Mozilla/5.0 (Windows NT 10.0; Win64; x64) AppleWebKit/537.36 (KHTML, like Gecko) Chrome/69.0.3497.100 Safari/537.36" 0.178 "184.60.40.129, 184.60.40.129"
104.198.217.33 - - [25/Oct/2018:01:22:49 +0000]  "GET /node/31728 HTTP/1.1" 301 5 "-" "Mozilla/5.0 (compatible; DotBot/1.1; http://www.opensiteexplorer.org/dotbot, help@moz.com)" 0.004 "216.244.66.236"
35.238.80.36 - - [25/Oct/2018:01:22:49 +0000]  "GET /product/25701 HTTP/1.1" 301 5 "-" "Mozilla/5.0 (compatible; DotBot/1.1; http://www.opensiteexplorer.org/dotbot, help@moz.com)" 0.005 "216.244.66.236"
35.226.235.22 - - [25/Oct/2018:01:22:50 +0000]  "GET /product/26976 HTTP/1.1" 301 5 "-" "Mozilla/5.0 (compatible; DotBot/1.1; http://www.opensiteexplorer.org/dotbot, help@moz.com)" 0.004 "216.244.66.236"
35.239.52.76 - - [25/Oct/2018:01:22:50 +0000]  "GET /label-comparison/label_compare/290200?destination=/gharda/reality%3Fref%3Dlabel_search%26page%3D4 HTTP/1.1" 200 1338 "-" "Mozilla/5.0 (compatible; AhrefsBot/5.2; +http://ahrefs.com/robot/)" 0.201 "54.36.148.198, 54.36.148.198"
35.238.80.36 - - [25/Oct/2018:01:22:59 +0000]  "GET /widget/search HTTP/1.1" 200 1820 "https://www.agweb.com/" "Mozilla/5.0 (Windows NT 6.1; Win64; x64) AppleWebKit/537.36 (KHTML, like Gecko) Chrome/69.0.3497.100 Safari/537.36" 0.166 "216.255.14.96, 216.255.14.96"
104.198.217.33 - - [25/Oct/2018:01:23:05 +0000]  "GET /node/149864 HTTP/1.1" 200 197429 "-" "Mozilla/5.0 (compatible; AhrefsBot/5.2; +http://ahrefs.com/robot/)" 0.950 "54.36.148.147, 54.36.148.147"
35.226.235.22 - - [25/Oct/2018:01:23:14 +0000]  "GET /crops/abelia-monasensis HTTP/1.1" 301 5 "-" "Mozilla/5.0 (compatible; DotBot/1.1; http://www.opensiteexplorer.org/dotbot, help@moz.com)" 0.014 "216.244.66.236"
35.238.173.177 - - [25/Oct/2018:01:23:16 +0000]  "GET /label-comparison/label_compare/291378?destination=/manufacturers/qualitech%3Fsort_by%3Darticle_title%26sort_order%3DASC%26page%3D0 HTTP/1.1" 200 1358 "-" "Mozilla/5.0 (compatible; AhrefsBot/5.2; +http://ahrefs.com/robot/)" 0.211 "54.36.148.68, 54.36.148.68"
35.226.235.22 - - [25/Oct/2018:01:23:26 +0000]  "GET //?network=d&matchtype=&keyword=insecticide&creative=251784795326&device=m&devicemodel=apple%2Biphone&placement=gohealthok.info&position=none&campaignid=1051500139&adgroupid=47067694450&loc_physical_ms=1014069&loc_interest_ms=&gclid=EAIaIQobChMI24Wllreg3gIVmRetBh1_QQ1jEAEYASAAEgJwVvD_BwE HTTP/1.1" 302 7103 "https://googleads.g.doubleclick.net/pagead/ads?client=ca-pub-7490926778270001&output=html&h=190&w=375&bih=553&biw=375&slotname=5429792442&adk=671369504&url=http://gohealthok.info/how-to-get-rid-of-fruit-flies/&ref=https://www.netfind.com/click/_ylt%3DAwr9CKntGtFbOnQAIoiqCmVH%3B_ylu%3DX3oDMTB2MmRzOHM3BGNvbG8DZ3ExBHBvcwMyBHZ0aWQDBHNlYwNvdi10b3A-/RV%3D2/RE%3D1540459374/RO%3D10/RU%3Dhttps%253a%252f%252fwww.bing.com%252faclick%253fld%253dd3fdYEPm1-UQ9uelMI-XFIKzVUCUzIUcCgSjeTo7PEUBDDsryandUGnyk1Q2usFVqKV3ZOR9gIS1_eqgczPrBq1BHXV-RXLHSvGkbi0lz5H161i90JMZnM-dBOw6bcTY6SxhWUWQI5IwGe3gab5LFApROh8rc%2526u%253dhttp%25253a%25252f%25252fGoHealthOk.info%25252fhow-to-get-rid-of-fruit-flies%25252f%25253futm_source%25253dbing%252526utm_medium%25253dcpc%252526utm_campaign%25253dm11_302_m%252526utm_term%25253dhome%25252520remedies%25252520fruit%25252520flies%252526utm_content%25253dget%25252520rid%25252520fruit%25252520flies%2526rlid%253de8a25e0344ef1a86469105d25e02d618/RK%3D0/RS%3DDu2kxWuzwq6LMqqJzWe8FFXSts8-%3Fq%3Dhow%2Bto%2Bkill%2Bfruit%2Bflies%2Bwith%2Bvinegar&frm=20&guci=2.2.0.0.2.2.0&eid=10573695,21060853,21070025&u_his=7&brdim=0,0,0,0,375,0,0,0,375,553&prev_fmts=fpkc_al_lp&format=fpkc_al_lp&kw_type=radlink&hl=en&random=1540430596200&rt=ChBb0RsEAAMQegpk0ULKAvfqEgEgGgh8vED8zf3XvigBOAJSEwjKx9uTt6DeAhVEq2QKHSQMDO54AYIBGwoXSG93IHRvIEtpbGwgRnJ1aXQgRmxpZXMSAIIBFQoRQXQgSG9tZSBUcmVhdG1lbnQSAIIBEgoORnJ1aXQgRmx5IFRyYXASAIIBFAoQSG9tZSBhbmQgS2l0Y2hlbhIAiAEA&ad_type=text" "Mozilla/5.0 (iPhone; CPU iPhone OS 11_2_6 like Mac OS X) AppleWebKit/604.5.6 (KHTML, like Gecko) Version/11.0 Mobile/15D100 Safari/604.1" 0.053 "47.158.142.16, 47.158.142.16"
35.239.52.76 - - [25/Oct/2018:01:23:27 +0000]  "GET /?adgroupid=47067694450&campaignid=1051500139&creative=251784795326&device=m&devicemodel=apple%2Biphone&gclid=EAIaIQobChMI24Wllreg3gIVmRetBh1_QQ1jEAEYASAAEgJwVvD_BwE&keyword=insecticide&loc_interest_ms=&loc_physical_ms=1014069&matchtype=&network=d&placement=gohealthok.info&position=none HTTP/1.1" 200 202373 "https://googleads.g.doubleclick.net/pagead/ads?client=ca-pub-7490926778270001&output=html&h=190&w=375&bih=553&biw=375&slotname=5429792442&adk=671369504&url=http://gohealthok.info/how-to-get-rid-of-fruit-flies/&ref=https://www.netfind.com/click/_ylt%3DAwr9CKntGtFbOnQAIoiqCmVH%3B_ylu%3DX3oDMTB2MmRzOHM3BGNvbG8DZ3ExBHBvcwMyBHZ0aWQDBHNlYwNvdi10b3A-/RV%3D2/RE%3D1540459374/RO%3D10/RU%3Dhttps%253a%252f%252fwww.bing.com%252faclick%253fld%253dd3fdYEPm1-UQ9uelMI-XFIKzVUCUzIUcCgSjeTo7PEUBDDsryandUGnyk1Q2usFVqKV3ZOR9gIS1_eqgczPrBq1BHXV-RXLHSvGkbi0lz5H161i90JMZnM-dBOw6bcTY6SxhWUWQI5IwGe3gab5LFApROh8rc%2526u%253dhttp%25253a%25252f%25252fGoHealthOk.info%25252fhow-to-get-rid-of-fruit-flies%25252f%25253futm_source%25253dbing%252526utm_medium%25253dcpc%252526utm_campaign%25253dm11_302_m%252526utm_term%25253dhome%25252520remedies%25252520fruit%25252520flies%252526utm_content%25253dget%25252520rid%25252520fruit%25252520flies%2526rlid%253de8a25e0344ef1a86469105d25e02d618/RK%3D0/RS%3DDu2kxWuzwq6LMqqJzWe8FFXSts8-%3Fq%3Dhow%2Bto%2Bkill%2Bfruit%2Bflies%2Bwith%2Bvinegar&frm=20&guci=2.2.0.0.2.2.0&eid=10573695,21060853,21070025&u_his=7&brdim=0,0,0,0,375,0,0,0,375,553&prev_fmts=fpkc_al_lp&format=fpkc_al_lp&kw_type=radlink&hl=en&random=1540430596200&rt=ChBb0RsEAAMQegpk0ULKAvfqEgEgGgh8vED8zf3XvigBOAJSEwjKx9uTt6DeAhVEq2QKHSQMDO54AYIBGwoXSG93IHRvIEtpbGwgRnJ1aXQgRmxpZXMSAIIBFQoRQXQgSG9tZSBUcmVhdG1lbnQSAIIBEgoORnJ1aXQgRmx5IFRyYXASAIIBFAoQSG9tZSBhbmQgS2l0Y2hlbhIAiAEA&ad_type=text" "Mozilla/5.0 (iPhone; CPU iPhone OS 11_2_6 like Mac OS X) AppleWebKit/604.5.6 (KHTML, like Gecko) Version/11.0 Mobile/15D100 Safari/604.1" 0.900 "47.158.142.16, 47.158.142.16"
35.226.235.22 - - [25/Oct/2018:01:23:28 +0000]  "GET /ajax/continent HTTP/1.1" 200 60 "https://www.greenbook.net/?adgroupid=47067694450&campaignid=1051500139&creative=251784795326&device=m&devicemodel=apple%2Biphone&gclid=EAIaIQobChMI24Wllreg3gIVmRetBh1_QQ1jEAEYASAAEgJwVvD_BwE&keyword=insecticide&loc_interest_ms=&loc_physical_ms=1014069&matchtype=&network=d&placement=gohealthok.info&position=none" "Mozilla/5.0 (iPhone; CPU iPhone OS 11_2_6 like Mac OS X) AppleWebKit/604.5.6 (KHTML, like Gecko) Version/11.0 Mobile/15D100 Safari/604.1" 0.225 "47.158.142.16, 47.158.142.16"
35.238.80.36 - - [25/Oct/2018:01:23:29 +0000]  "GET /field_collection_item/2762678 HTTP/1.1" 404 196434 "-" "Mozilla/5.0 (compatible; AhrefsBot/5.2; +http://ahrefs.com/robot/)" 0.642 "54.36.149.95, 54.36.149.95"
104.198.217.33 - - [25/Oct/2018:01:23:37 +0000]  "GET /widget/search HTTP/1.1" 200 1816 "https://www.agweb.com/" "Mozilla/5.0 (X11; Linux x86_64) AppleWebKit/537.36 (KHTML, like Gecko) Chrome/69.0.3497.100 Safari/537.36" 0.153 "204.16.58.20, 204.16.58.20"
35.238.173.177 - - [25/Oct/2018:01:23:43 +0000]  "GET /widget/search HTTP/1.1" 200 1815 "https://www.agweb.com/" "Mozilla/5.0 (X11; Linux x86_64) AppleWebKit/537.36 (KHTML, like Gecko) Chrome/69.0.3497.100 Safari/537.36" 0.164 "204.16.58.20, 204.16.58.20"
104.198.217.33 - - [25/Oct/2018:01:23:44 +0000]  "GET /ingredients/qst-713-strain-bacillus-subtilis HTTP/1.1" 301 5 "-" "Mozilla/5.0 (compatible; DotBot/1.1; http://www.opensiteexplorer.org/dotbot, help@moz.com)" 0.003 "216.244.66.236"
35.226.235.22 - - [25/Oct/2018:01:23:45 +0000]  "GET /product/26088 HTTP/1.1" 301 5 "-" "Mozilla/5.0 (compatible; DotBot/1.1; http://www.opensiteexplorer.org/dotbot, help@moz.com)" 0.004 "216.244.66.236"
35.239.122.215 - - [25/Oct/2018:01:21:49 +0000]  "GET /widget/search HTTP/1.1" 200 1825 "https://www.agweb.com/" "Mozilla/5.0 (Windows NT 6.1; WOW64; Trident/7.0; rv:11.0) like Gecko" 0.149 "69.20.202.131, 69.20.202.131"
35.239.122.215 - - [25/Oct/2018:01:21:58 +0000]  "GET /product/24764 HTTP/1.1" 301 5 "-" "Mozilla/5.0 (compatible; DotBot/1.1; http://www.opensiteexplorer.org/dotbot, help@moz.com)" 0.004 "216.244.66.236"
35.239.122.215 - - [25/Oct/2018:01:22:04 +0000]  "GET /widget/search HTTP/1.1" 200 1823 "https://www.agweb.com/" "Mozilla/5.0 (iPad; CPU OS 9_2_1 like Mac OS X) AppleWebKit/601.1.46 (KHTML, like Gecko) Version/9.0 Mobile/13D15 Safari/601.1" 0.160 "208.38.246.33, 208.38.246.33"
35.239.122.215 - - [25/Oct/2018:01:22:22 +0000]  "GET /label-comparison/label_compare/34186?destination=/mcgregor/rhino-extreme%3Fref%3Dlabel_search HTTP/1.1" 200 1333 "-" "Mozilla/5.0 (compatible; AhrefsBot/5.2; +http://ahrefs.com/robot/)" 0.185 "54.36.149.59, 54.36.149.59"
35.239.122.215 - - [25/Oct/2018:01:22:24 +0000]  "GET /node/29460 HTTP/1.1" 301 5 "-" "Mozilla/5.0 (compatible; DotBot/1.1; http://www.opensiteexplorer.org/dotbot, help@moz.com)" 0.004 "216.244.66.236"
35.239.122.215 - - [25/Oct/2018:01:22:50 +0000]  "GET /product/26234 HTTP/1.1" 301 5 "-" "Mozilla/5.0 (compatible; DotBot/1.1; http://www.opensiteexplorer.org/dotbot, help@moz.com)" 0.006 "216.244.66.236"
35.239.122.215 - - [25/Oct/2018:01:23:05 +0000]  "GET /widget/search HTTP/1.1" 200 1827 "https://www.agweb.com/" "Mozilla/5.0 (Windows NT 10.0; Win64; x64) AppleWebKit/537.36 (KHTML, like Gecko) Chrome/64.0.3282.140 Safari/537.36 Edge/17.17134" 0.113 "173.245.134.42, 173.245.134.42"
35.239.122.215 - - [25/Oct/2018:01:23:08 +0000]  "GET / HTTP/1.1" 200 201709 "-" "Pingdom.com_bot_version_1.4_(http://www.pingdom.com/)" 0.035 "69.59.28.19, 69.59.28.19"
35.226.235.22 - - [25/Oct/2018:01:23:48 +0000]  "GET /label-comparison/label_compare/30269?destination=/product-type/acidifier%3Ftitle%3D%26sort_by%3Dtitle%26sort_order%3DASC%26page%3D1 HTTP/1.1" 200 1347 "-" "Mozilla/5.0 (compatible; AhrefsBot/5.2; +http://ahrefs.com/robot/)" 0.195 "54.36.148.159, 54.36.148.159"
104.198.217.33 - - [25/Oct/2018:01:23:50 +0000]  "GET /widget/search HTTP/1.1" 200 1824 "https://www.agweb.com/" "Mozilla/5.0 (Windows NT 6.1; Win64; x64) AppleWebKit/537.36 (KHTML, like Gecko) Chrome/69.0.3497.100 Safari/537.36" 0.120 "209.188.64.249, 209.188.64.249"
35.238.80.36 - - [25/Oct/2018:01:23:57 +0000]  "GET /label-comparison/label_compare/32607?destination=/loveland-products-inc/satori%3Fpage%3D5 HTTP/1.1" 200 1321 "-" "Mozilla/5.0 (compatible; AhrefsBot/5.2; +http://ahrefs.com/robot/)" 0.178 "54.36.149.77, 54.36.149.77"
35.239.122.215 - - [25/Oct/2018:01:24:02 +0000]  "GET /ajax/continent HTTP/1.1" 200 60 "https://www.greenbook.net/jr-peters-inc/21-5-20-all-purpose" "Mozilla/5.0 (Windows NT 10.0; Win64; x64) AppleWebKit/537.36 (KHTML, like Gecko) Chrome/66.0.3359.181 Safari/537.36" 0.240 "76.67.203.48, 76.67.203.48"
35.226.235.22 - - [25/Oct/2018:01:24:07 +0000]  "GET /label-comparison/label_compare/32136?destination=/product-type/stump-remover HTTP/1.1" 200 1309 "-" "Mozilla/5.0 (compatible; AhrefsBot/5.2; +http://ahrefs.com/robot/)" 0.200 "54.36.148.219, 54.36.148.219"
35.239.122.215 - - [25/Oct/2018:01:24:08 +0000]  "GET / HTTP/1.1" 200 201701 "-" "Pingdom.com_bot_version_1.4_(http://www.pingdom.com/)" 0.030 "207.244.80.239, 207.244.80.239"
35.238.173.177 - - [25/Oct/2018:01:24:08 +0000]  "GET /label-comparison/label_compare/291397?destination=/bayer-environmental-science/bayleton-flo%3Fpage%3D1 HTTP/1.1" 200 1324 "-" "Mozilla/5.0 (compatible; AhrefsBot/5.2; +http://ahrefs.com/robot/)" 0.221 "54.36.148.43, 54.36.148.43"
35.239.52.76 - - [25/Oct/2018:01:24:10 +0000]  "GET /widget/search HTTP/1.1" 200 1813 "https://www.agweb.com/" "Mozilla/5.0 (Windows NT 6.1; WOW64; Trident/7.0; rv:11.0) like Gecko" 0.176 "208.98.157.3, 208.98.157.3"
35.238.80.36 - - [25/Oct/2018:01:24:14 +0000]  "GET /label-comparison/label_compare/33230?destination=/control-solutions-inc/acephate-75-sp%3Fpage%3D1 HTTP/1.1" 200 1320 "-" "Mozilla/5.0 (compatible; AhrefsBot/5.2; +http://ahrefs.com/robot/)" 0.242 "54.36.148.184, 54.36.148.184"
35.238.173.177 - - [25/Oct/2018:01:24:16 +0000]  "GET /label-comparison/label_compare/32863?destination=/ingredients/urea-nitrogen%3Fsort_by%3Darticle_title%26sort_order%3DASC%26page%3D25 HTTP/1.1" 200 1389 "-" "Mozilla/5.0 (compatible; AhrefsBot/5.2; +http://ahrefs.com/robot/)" 0.199 "54.36.148.131, 54.36.148.131"
35.238.80.36 - - [25/Oct/2018:01:24:21 +0000]  "GET /widget/search HTTP/1.1" 200 1815 "https://www.agweb.com/" "Mozilla/5.0 (Macintosh; Intel Mac OS X 10_11_6) AppleWebKit/537.36 (KHTML, like Gecko) Chrome/70.0.3538.67 Safari/537.36" 0.149 "199.116.226.180, 199.116.226.180"
35.238.80.36 - - [25/Oct/2018:01:24:25 +0000]  "GET /widget/search HTTP/1.1" 200 1816 "https://www.agweb.com/" "Mozilla/5.0 (Windows NT 6.3; Win64; x64) AppleWebKit/537.36 (KHTML, like Gecko) Chrome/70.0.3538.67 Safari/537.36" 0.128 "138.210.227.140, 138.210.227.140"
35.226.235.22 - - [25/Oct/2018:01:24:29 +0000]  "GET /makhteshim-agan-north-america-inc/acephate-90-prill?ref=label_search HTTP/1.1" 200 216093 "-" "Mozilla/5.0 (compatible; AhrefsBot/5.2; +http://ahrefs.com/robot/)" 3.161 "54.36.148.63, 54.36.148.63"
104.198.217.33 - - [25/Oct/2018:01:24:30 +0000]  "GET /crops/potatoes-0 HTTP/1.1" 200 382351 "-" "Mozilla/5.0 (compatible; GrapeshotCrawler/2.0; +http://www.grapeshot.co.uk/crawler.php)" 2.700 "148.64.56.66, 148.64.56.66"
35.239.52.76 - - [25/Oct/2018:01:24:31 +0000]  "GET /label-comparison/label_compare/33747?destination=/drexel-chemical-company/pendiguard-turf-075%3Fref%3Dlabel_search%26page%3D4 HTTP/1.1" 200 1357 "-" "Mozilla/5.0 (compatible; AhrefsBot/5.2; +http://ahrefs.com/robot/)" 0.157 "54.36.149.87, 54.36.149.87"
35.238.80.36 - - [25/Oct/2018:01:24:35 +0000]  "GET /pantheon_healthcheck HTTP/1.1" 200 34 "-" "Pingdom.com_bot_version_1.4_(http://www.pingdom.com/)" 0.003 "185.93.3.92"
35.239.52.76 - - [25/Oct/2018:01:24:36 +0000]  "GET / HTTP/1.1" 200 201709 "-" "Mozilla/4.0 (compatible; MSIE 6.1; Windows NT)" 0.043 "123.207.95.146, 123.207.95.146"
35.238.173.177 - - [25/Oct/2018:01:24:36 +0000]  "GET /widget/search HTTP/1.1" 200 1816 "https://www.agweb.com/" "Mozilla/5.0 (Windows NT 10.0; Win64; x64) AppleWebKit/537.36 (KHTML, like Gecko) Chrome/69.0.3497.100 Safari/537.36" 0.135 "67.45.96.38, 67.45.96.38"
35.238.173.177 - - [25/Oct/2018:01:24:45 +0000]  "GET /label-comparison/label_compare/33070?destination=/winfield-united/sterling-blue%3Fpage%3D3 HTTP/1.1" 200 1315 "-" "Mozilla/5.0 (compatible; AhrefsBot/5.2; +http://ahrefs.com/robot/)" 0.206 "54.36.149.56, 54.36.149.56"
35.239.122.215 - - [25/Oct/2018:01:24:49 +0000]  "GET /widget/search HTTP/1.1" 200 1823 "https://www.agweb.com/" "Mozilla/5.0 (X11; CrOS x86_64 10718.88.2) AppleWebKit/537.36 (KHTML, like Gecko) Chrome/68.0.3440.118 Safari/537.36" 0.165 "2600:1014:b009:7d27:2c85:e9d8:7ee2:ddb9, 2600:1014:b009:7d27:2c85:e9d8:7ee2:ddb9"
35.238.173.177 - - [25/Oct/2018:01:24:57 +0000]  "GET /node/30480 HTTP/1.1" 301 5 "-" "Mozilla/5.0 (compatible; DotBot/1.1; http://www.opensiteexplorer.org/dotbot, help@moz.com)" 0.005 "216.244.66.236"
104.198.217.33 - - [25/Oct/2018:01:24:57 +0000]  "GET /fmc-corporation/spartan-charge HTTP/1.1" 200 217571 "-" "AdsBot-Google (+http://www.google.com/adsbot.html)" 4.065 "209.85.238.57, 209.85.238.57"
104.198.217.33 - - [25/Oct/2018:01:24:58 +0000]  "GET /widget/search HTTP/1.1" 200 1827 "https://www.agweb.com/" "Mozilla/5.0 (Macintosh; Intel Mac OS X 10_12_6) AppleWebKit/605.1.15 (KHTML, like Gecko) Version/12.0 Safari/605.1.15" 0.143 "162.252.149.100, 162.252.149.100"
35.239.122.215 - - [25/Oct/2018:01:25:08 +0000]  "GET / HTTP/1.1" 200 201709 "-" "Pingdom.com_bot_version_1.4_(http://www.pingdom.com/)" 0.049 "209.126.120.29, 209.126.120.29"
35.238.173.177 - - [25/Oct/2018:01:25:11 +0000]  "GET /node/193669 HTTP/1.1" 200 199764 "-" "Mozilla/5.0 (compatible; AhrefsBot/5.2; +http://ahrefs.com/robot/)" 0.901 "54.36.148.116, 54.36.148.116"
35.226.235.22 - - [25/Oct/2018:01:25:14 +0000]  "GET /widget/search HTTP/1.1" 200 1818 "https://www.agweb.com/" "Mozilla/5.0 (iPad; CPU OS 9_2_1 like Mac OS X) AppleWebKit/601.1.46 (KHTML, like Gecko) Version/9.0 Mobile/13D15 Safari/601.1" 0.166 "208.38.246.33, 208.38.246.33"
35.238.80.36 - - [25/Oct/2018:01:25:16 +0000]  "GET /node/180969 HTTP/1.1" 200 197846 "-" "Mozilla/5.0 (compatible; AhrefsBot/5.2; +http://ahrefs.com/robot/)" 0.842 "54.36.149.75, 54.36.149.75"
35.226.235.22 - - [25/Oct/2018:01:25:17 +0000]  "GET /label-comparison/label_compare/33418?destination=/manufacturers/source-source%3Fpage%3D7 HTTP/1.1" 200 1317 "-" "Mozilla/5.0 (compatible; AhrefsBot/5.2; +http://ahrefs.com/robot/)" 0.183 "54.36.149.47, 54.36.149.47"
35.239.122.215 - - [25/Oct/2018:01:25:20 +0000]  "GET /label-comparison/label_compare/32924?destination=/valent-usa-llc-professional-products/broadstar%3Fref%3Dlabel_search%26page%3D4 HTTP/1.1" 200 1344 "-" "Mozilla/5.0 (compatible; AhrefsBot/5.2; +http://ahrefs.com/robot/)" 0.172 "54.36.149.69, 54.36.149.69"
35.239.52.76 - - [25/Oct/2018:01:25:21 +0000]  "GET /widget/search HTTP/1.1" 200 1818 "https://www.agweb.com/" "Mozilla/5.0 (Windows NT 10.0; Win64; x64) AppleWebKit/537.36 (KHTML, like Gecko) Chrome/64.0.3282.140 Safari/537.36 Edge/18.17763" 0.136 "69.55.26.102, 69.55.26.102"
35.239.122.215 - - [25/Oct/2018:01:25:26 +0000]  "GET /labels-list HTTP/1.1" 200 197343 "-" "Mozilla/4.0 (compatible; MSIE 6.0; Windows NT 5.1)" 1.312 "79.171.81.236, 79.171.81.236"
35.238.173.177 - - [25/Oct/2018:01:25:26 +0000]  "GET /label-comparison/label_compare/34068?destination=/ingredients/magnesium%3Fsort_by%3Darticle_title%26sort_order%3DASC%26page%3D3 HTTP/1.1" 200 1367 "-" "Mozilla/5.0 (compatible; AhrefsBot/5.2; +http://ahrefs.com/robot/)" 0.190 "54.36.148.97, 54.36.148.97"
35.239.52.76 - - [25/Oct/2018:01:25:28 +0000]  "GET /node/180159 HTTP/1.1" 200 199916 "-" "Mozilla/5.0 (compatible; AhrefsBot/5.2; +http://ahrefs.com/robot/)" 1.117 "54.36.149.46, 54.36.149.46"
35.239.122.215 - - [25/Oct/2018:01:25:29 +0000]  "GET /widget/search HTTP/1.1" 200 1818 "https://www.agweb.com/" "Mozilla/5.0 (Windows NT 6.1; rv:62.0) Gecko/20100101 Firefox/62.0" 0.155 "64.119.49.147, 64.119.49.147"
35.226.235.22 - - [25/Oct/2018:01:25:30 +0000]  "GET /manufacturers/valagro HTTP/1.1" 301 5 "-" "Mozilla/5.0 (compatible; DotBot/1.1; http://www.opensiteexplorer.org/dotbot, help@moz.com)" 0.005 "216.244.66.236"
35.238.80.36 - - [25/Oct/2018:01:25:35 +0000]  "GET /pantheon_healthcheck HTTP/1.1" 200 34 "-" "Pingdom.com_bot_version_1.4_(http://www.pingdom.com/)" 0.013 "199.87.228.66"
104.198.217.33 - awebb@farmjournal.com [25/Oct/2018:01:25:41 +0000]  "GET /sites/default/files/css/css__eZCPjdiwSqLTemfVCZfNRKwogvJU-Wf8Vor5nTli7g.css?ph4gh2 HTTP/1.1" 200 139 "-" "Go-http-client/1.1" 0.000 "104.198.200.186, 104.198.200.186"
35.239.122.215 - - [25/Oct/2018:01:25:59 +0000]  "GET /widget/search HTTP/1.1" 200 1811 "https://www.agweb.com/" "Mozilla/5.0 (Macintosh; Intel Mac OS X 10.11; rv:62.0) Gecko/20100101 Firefox/62.0" 0.216 "192.230.140.229, 192.230.140.229"
104.198.217.33 - - [25/Oct/2018:01:26:02 +0000]  "GET /article/2018/10/17/killer-robots-weeds-wont-know-what-hit-em?mkt_tok=eyJpIjoiWWpFeVpXWm1NREkxWTJFMiIsInQiOiJEWW0rSEdRVkRqMUFvbHlLK084Q1VNWmllUjdodVc5VXVNV3Z5NVN6NDJ3enZtVUhqXC82UGpiRE1tbW0rTTFwakhZV3BcLys1R25nQUc2UVI0OGtDZ2ZNeGZKa1ZXdGVlVzFZZFZMYTF0Y2kzYnpmSlg1SWJBZm44NlFDdzBVd0grIn0%3D HTTP/1.1" 301 5 "http://info.farmjournal.com/dc/rkEZfow449TboG4KtFsIMzmy5VWX2ErX9INLaG_Ovd9wkG1K1-PNZ9QJq5fVu3AbcBjUBwYWeoF9ABlWIAortfYOIWRNdo6hCMgk_rThD5hlKvLr_qOmWbUZmH-OTBPQ/jRLG0B3zY000u72vBx70G00" "Mozilla/5.0 (Windows NT 10.0) AppleWebKit/537.36 (KHTML, like Gecko) Chrome/64.0.3282.140 Safari/537.36 Edge/17.17134" 0.005 "96.40.94.48"
35.226.235.22 - - [25/Oct/2018:01:26:06 +0000]  "GET /andersons-inc/ff-iii-snowmold-fungicide HTTP/1.1" 200 206556 "-" "Mozilla/5.0 (compatible; AhrefsBot/5.2; +http://ahrefs.com/robot/)" 3.147 "54.36.148.227, 54.36.148.227"
35.238.173.177 - - [25/Oct/2018:01:26:10 +0000]  "GET /bayer-environmental-science/esplanade-200sc HTTP/1.1" 301 5 "-" "Mozilla/5.0 (compatible; DotBot/1.1; http://www.opensiteexplorer.org/dotbot, help@moz.com)" 0.013 "216.244.66.236"
35.238.173.177 - - [25/Oct/2018:01:26:10 +0000]  "GET /bayer-environmental-science/tribute-total HTTP/1.1" 301 5 "-" "Mozilla/5.0 (compatible; DotBot/1.1; http://www.opensiteexplorer.org/dotbot, help@moz.com)" 0.003 "216.244.66.236"
35.226.235.22 - - [25/Oct/2018:01:26:10 +0000]  "GET /forums/topic/3938/bigpond-technical-support-australia-1855-721-1033 HTTP/1.1" 301 5 "-" "Mozilla/5.0 (compatible; DotBot/1.1; http://www.opensiteexplorer.org/dotbot, help@moz.com)" 0.003 "216.244.66.236"
35.238.80.36 - - [25/Oct/2018:01:26:11 +0000]  "GET /marrone-bio-innovations/grandevo HTTP/1.1" 301 5 "-" "Mozilla/5.0 (compatible; DotBot/1.1; http://www.opensiteexplorer.org/dotbot, help@moz.com)" 0.005 "216.244.66.236"
35.239.52.76 - - [25/Oct/2018:01:26:12 +0000]  "GET /monterey-ag-resources/sluggo-plus HTTP/1.1" 301 5 "-" "Mozilla/5.0 (compatible; DotBot/1.1; http://www.opensiteexplorer.org/dotbot, help@moz.com)" 0.003 "216.244.66.236"
104.198.217.33 - - [25/Oct/2018:01:26:12 +0000]  "GET /widget/search HTTP/1.1" 200 1812 "https://www.agweb.com/" "Mozilla/5.0 (Windows NT 10.0; Win64; x64) AppleWebKit/537.36 (KHTML, like Gecko) Chrome/64.0.3282.140 Safari/537.36 Edge/17.17134" 0.164 "98.16.148.63, 98.16.148.63"
35.239.52.76 - - [25/Oct/2018:01:26:12 +0000]  "GET /node/29887 HTTP/1.1" 301 5 "-" "Mozilla/5.0 (compatible; DotBot/1.1; http://www.opensiteexplorer.org/dotbot, help@moz.com)" 0.003 "216.244.66.236"
35.238.173.177 - - [25/Oct/2018:01:26:12 +0000]  "GET /widget/search HTTP/1.1" 200 1826 "https://www.agweb.com/" "Mozilla/5.0 (iPad; CPU OS 9_3_1 like Mac OS X) AppleWebKit/601.1.46 (KHTML, like Gecko) Version/9.0 Mobile/13E238 Safari/601.1" 0.114 "107.77.209.158, 107.77.209.158"
104.198.217.33 - - [25/Oct/2018:01:26:13 +0000]  "GET /pbigordon-corporation/tekken HTTP/1.1" 301 5 "-" "Mozilla/5.0 (compatible; DotBot/1.1; http://www.opensiteexplorer.org/dotbot, help@moz.com)" 0.004 "216.244.66.236"
35.238.80.36 - - [25/Oct/2018:01:26:18 +0000]  "GET /article/2018/10/17/killer-robots-weeds-wont-know-what-hit-em?mkt_tok=eyJpIjoiWWpFeVpXWm1NREkxWTJFMiIsInQiOiJEWW0rSEdRVkRqMUFvbHlLK084Q1VNWmllUjdodVc5VXVNV3Z5NVN6NDJ3enZtVUhqXC82UGpiRE1tbW0rTTFwakhZV3BcLys1R25nQUc2UVI0OGtDZ2ZNeGZKa1ZXdGVlVzFZZFZMYTF0Y2kzYnpmSlg1SWJBZm44NlFDdzBVd0grIn0%3D HTTP/1.1" 200 201650 "-" "Mediapartners-Google" 0.041 "209.85.238.55, 209.85.238.55"
35.226.235.22 - - [25/Oct/2018:01:26:19 +0000]  "GET /label-comparison/label_compare/32783?destination=/organisan-corporation/nemasan%3Fpage%3D1 HTTP/1.1" 200 1331 "-" "Mozilla/5.0 (compatible; AhrefsBot/5.2; +http://ahrefs.com/robot/)" 0.193 "54.36.148.248, 54.36.148.248"
35.239.52.76 - - [25/Oct/2018:01:26:21 +0000]  "GET /widget/search HTTP/1.1" 200 1817 "https://www.agprofessional.com/" "Mozilla/5.0 (iPad; CPU OS 9_3_5 like Mac OS X) AppleWebKit/601.1.46 (KHTML, like Gecko) Version/9.0 Mobile/13G36 Safari/601.1" 0.150 "50.106.234.99, 50.106.234.99"
35.239.52.76 - - [25/Oct/2018:01:26:33 +0000]  "GET /label-comparison/label_compare/29727?destination=/makhteshim-agan-north-america-inc/defy-lv-4%3Fref%3Dlabel_search%26page%3D3 HTTP/1.1" 200 1358 "-" "Mozilla/5.0 (compatible; AhrefsBot/5.2; +http://ahrefs.com/robot/)" 0.254 "54.36.149.58, 54.36.149.58"
35.226.235.22 - - [25/Oct/2018:01:26:34 +0000]  "GET /node/30085 HTTP/1.1" 301 5 "-" "Mozilla/5.0 (compatible; DotBot/1.1; http://www.opensiteexplorer.org/dotbot, help@moz.com)" 0.003 "216.244.66.236"
35.226.235.22 - - [25/Oct/2018:01:26:36 +0000]  "GET /product/25005 HTTP/1.1" 301 5 "-" "Mozilla/5.0 (compatible; DotBot/1.1; http://www.opensiteexplorer.org/dotbot, help@moz.com)" 0.004 "216.244.66.236"
35.239.52.76 - - [25/Oct/2018:01:26:38 +0000]  "GET /label-comparison/label_compare/33793?destination=/loveland-products-inc/intensity-one%3Fref%3Dlabel_search%26page%3D2 HTTP/1.1" 200 1342 "-" "Mozilla/5.0 (compatible; AhrefsBot/5.2; +http://ahrefs.com/robot/)" 0.174 "54.36.148.195, 54.36.148.195"
35.226.235.22 - - [25/Oct/2018:01:26:45 +0000]  "GET /label-comparison/label_compare/31029?destination=/lg-life-science/lambdastar-1-cs%3Fref%3Dlabel_search%26page%3D6 HTTP/1.1" 200 1333 "-" "Mozilla/5.0 (compatible; AhrefsBot/5.2; +http://ahrefs.com/robot/)" 0.185 "54.36.148.124, 54.36.148.124"
35.238.80.36 - - [25/Oct/2018:01:26:46 +0000]  "GET /widget/search HTTP/1.1" 200 1819 "https://www.agweb.com/" "Mozilla/5.0 (Windows NT 6.3; Win64; x64) AppleWebKit/537.36 (KHTML, like Gecko) Chrome/70.0.3538.67 Safari/537.36" 0.142 "138.210.227.140, 138.210.227.140"
35.239.122.215 - - [25/Oct/2018:01:26:54 +0000]  "GET /node/31507 HTTP/1.1" 301 5 "-" "Mozilla/5.0 (compatible; DotBot/1.1; http://www.opensiteexplorer.org/dotbot, help@moz.com)" 0.003 "216.244.66.236"
104.198.217.33 - - [25/Oct/2018:01:26:57 +0000]  "GET /label-comparison/label_compare/29941?destination=/product-type/molluscicide HTTP/1.1" 200 1326 "-" "Mozilla/5.0 (compatible; AhrefsBot/5.2; +http://ahrefs.com/robot/)" 0.166 "54.36.148.236, 54.36.148.236"
35.239.122.215 - - [25/Oct/2018:01:27:00 +0000]  "GET /widget/search HTTP/1.1" 200 1812 "https://www.agweb.com/" "Mozilla/5.0 (Linux; Android 5.1.1; KFGIWI Build/LVY48F) AppleWebKit/537.36 (KHTML, like Gecko) Silk/69.4.17 like Chrome/69.0.3497.100 Safari/537.36" 0.157 "104.241.213.209, 104.241.213.209"
35.239.122.215 - - [25/Oct/2018:01:27:02 +0000]  "GET /widget/search HTTP/1.1" 200 1818 "https://www.agweb.com/" "Mozilla/5.0 (Windows NT 6.1; Win64; x64) AppleWebKit/537.36 (KHTML, like Gecko) Chrome/70.0.3538.67 Safari/537.36" 0.132 "206.227.128.12, 206.227.128.12"
104.198.217.33 - - [25/Oct/2018:01:27:04 +0000]  "GET /fmc-corporation/shark-ew HTTP/1.1" 200 212386 "https://www.google.com/" "Mozilla/5.0 (iPhone; CPU iPhone OS 12_0_1 like Mac OS X) AppleWebKit/605.1.15 (KHTML, like Gecko) Version/12.0 Mobile/15E148 Safari/604.1" 4.718 "184.105.177.98, 184.105.177.98"
35.239.52.76 - - [25/Oct/2018:01:27:07 +0000]  "GET /ajax/continent HTTP/1.1" 200 60 "https://www.greenbook.net/lesco-inc/three-way-selective" "Mozilla/5.0 (Linux; Android 8.0.0; moto e5 cruise Build/OCPS27.91-32-3) AppleWebKit/537.36 (KHTML, like Gecko) Chrome/63.0.3239.111 Mobile Safari/537.36" 0.247 "107.77.161.10, 107.77.161.10"
35.226.235.22 - - [25/Oct/2018:01:27:07 +0000]  "GET /widget/search HTTP/1.1" 200 1819 "https://www.agweb.com/crops/" "Mozilla/5.0 (Windows NT 10.0; WOW64; Trident/7.0; rv:11.0) like Gecko" 0.140 "108.160.59.99, 108.160.59.99"
104.198.217.33 - - [25/Oct/2018:01:27:08 +0000]  "GET / HTTP/1.1" 200 201709 "-" "Pingdom.com_bot_version_1.4_(http://www.pingdom.com/)" 0.060 "76.164.234.106, 76.164.234.106"
35.239.52.76 - - [25/Oct/2018:01:27:10 +0000]  "GET /node/188577 HTTP/1.1" 200 203299 "-" "Mozilla/5.0 (compatible; AhrefsBot/5.2; +http://ahrefs.com/robot/)" 0.876 "54.36.149.90, 54.36.149.90"
35.238.173.177 - - [25/Oct/2018:01:27:11 +0000]  "GET / HTTP/1.1" 200 201709 "https://www.greenbook.net/" "Mozilla/5.0+(compatible; UptimeRobot/2.0; http://www.uptimerobot.com/)" 0.036 "63.143.42.245, 63.143.42.245"
35.239.122.215 - - [25/Oct/2018:01:27:11 +0000]  "GET /ajax/continent HTTP/1.1" 200 60 "https://www.greenbook.net/fmc-corporation/shark-ew" "Mozilla/5.0 (iPhone; CPU iPhone OS 12_0_1 like Mac OS X) AppleWebKit/605.1.15 (KHTML, like Gecko) Version/12.0 Mobile/15E148 Safari/604.1" 0.313 "184.105.177.98, 184.105.177.98"
35.238.173.177 - - [25/Oct/2018:01:27:15 +0000]  "GET /widget/search HTTP/1.1" 200 1818 "https://www.agweb.com/" "Mozilla/5.0 (Windows NT 10.0; Win64; x64) AppleWebKit/537.36 (KHTML, like Gecko) Chrome/69.0.3497.100 Safari/537.36" 0.121 "76.92.232.96, 76.92.232.96"
35.238.80.36 - - [25/Oct/2018:01:27:18 +0000]  "GET /article/2018/02/14/valent-launches-furrow-corn-treatment HTTP/1.1" 200 200352 "-" "Mozilla/5.0 (Windows NT 6.2; WOW64) AppleWebKit/538.1 (KHTML, like Gecko) PhantomJS/2.1.1 Safari/538.1" 1.188 "2607:fcd0:105:2801::2, 2607:fcd0:105:2801::2"
35.238.173.177 - - [25/Oct/2018:01:27:19 +0000]  "GET /node/34191 HTTP/1.1" 301 5 "-" "Mozilla/5.0 (compatible; DotBot/1.1; http://www.opensiteexplorer.org/dotbot, help@moz.com)" 0.018 "216.244.66.236"
35.238.173.177 - - [25/Oct/2018:01:27:21 +0000]  "GET /label-comparison/label_compare/31070?destination=/syngenta-llc/touchdown-ct2%3Fpage%3D13 HTTP/1.1" 200 1327 "-" "Mozilla/5.0 (compatible; AhrefsBot/5.2; +http://ahrefs.com/robot/)" 0.181 "54.36.149.91, 54.36.149.91"
104.198.217.33 - - [25/Oct/2018:01:27:21 +0000]  "GET /widget/search HTTP/1.1" 200 1823 "https://www.agweb.com/" "Mozilla/5.0 (Windows NT 6.2; Win64; x64; Trident/7.0; rv:11.0) like Gecko" 0.114 "40.77.181.136, 40.77.181.136"
35.238.173.177 - - [25/Oct/2018:01:27:23 +0000]  "GET /label-comparison/label_compare/34192?destination=/bayer-cropscience/sivanto-prime%3Fpage%3D5 HTTP/1.1" 200 1328 "-" "Mozilla/5.0 (compatible; AhrefsBot/5.2; +http://ahrefs.com/robot/)" 0.210 "54.36.148.95, 54.36.148.95"
35.239.122.215 - awebb@farmjournal.com [25/Oct/2018:01:27:27 +0000]  "GET /sites/default/files/css/css__eZCPjdiwSqLTemfVCZfNRKwogvJU-Wf8Vor5nTli7g.css?ph4gh2 HTTP/1.1" 200 139 "-" "Go-http-client/1.1" 0.000 "104.198.200.186, 104.198.200.186"
35.239.122.215 - - [25/Oct/2018:01:27:35 +0000]  "GET /pantheon_healthcheck HTTP/1.1" 200 34 "-" "Pingdom.com_bot_version_1.4_(http://www.pingdom.com/)" 0.003 "85.93.93.123"
35.238.80.36 - - [25/Oct/2018:01:27:35 +0000]  "GET /widget/search HTTP/1.1" 200 1815 "https://www.agweb.com/" "Mozilla/5.0 (Windows NT 10.0; Win64; x64; rv:62.0) Gecko/20100101 Firefox/62.0" 0.164 "70.40.52.14, 70.40.52.14"
35.238.80.36 - - [25/Oct/2018:01:27:39 +0000]  "GET /widget/search HTTP/1.1" 200 1819 "https://www.agweb.com/" "Mozilla/5.0 (Windows NT 10.0; Win64; x64) AppleWebKit/537.36 (KHTML, like Gecko) Chrome/64.0.3282.140 Safari/537.36 Edge/17.17134" 0.149 "69.77.204.205, 69.77.204.205"
35.239.122.215 - - [25/Oct/2018:01:27:42 +0000]  "GET /widget/search HTTP/1.1" 200 1826 "http://www.so.com/" "Mozilla/5.0 (Windows NT 6.2; rv:30.0) Gecko/20150101 Firefox/32.0 360Spider 360Spider" 0.116 "36.110.211.108, 36.110.211.108"
35.238.80.36 - - [25/Oct/2018:01:27:43 +0000]  "GET /label-comparison/label_compare/290312?destination=/mclaughlin-gormley-king-company/evergreen-ec-60-6%3Fref%3Dlabel_search%26page%3D2 HTTP/1.1" 200 1391 "-" "Mozilla/5.0 (compatible; AhrefsBot/5.2; +http://ahrefs.com/robot/)" 0.095 "54.36.148.115, 54.36.148.115"
35.239.122.215 - - [25/Oct/2018:01:27:46 +0000]  "GET /category/fertilizer?path=front HTTP/1.1" 200 201516 "-" "Mozilla/4.0 (compatible; MSIE 6.0; Windows NT 5.1)" 2.409 "79.171.81.62, 79.171.81.62"
35.238.173.177 - - [25/Oct/2018:01:27:52 +0000]  "GET /guest-author/chris-bennett HTTP/1.1" 200 200595 "-" "Mozilla/4.0 (compatible; MSIE 6.0; Windows NT 5.1)" 1.623 "79.171.81.86, 79.171.81.86"
35.239.122.215 - - [25/Oct/2018:01:27:53 +0000]  "GET /widget/search HTTP/1.1" 200 1827 "https://www.agweb.com/" "Mozilla/5.0 (iPad; CPU OS 11_4 like Mac OS X) AppleWebKit/605.1.15 (KHTML, like Gecko) Version/11.0 Mobile/15E148 Safari/604.1" 0.121 "72.173.82.207, 72.173.82.207"
35.238.80.36 - - [25/Oct/2018:01:27:59 +0000]  "GET /article/2018/10/17/killer-robots-weeds-wont-know-what-hit-em?mkt_tok=eyJpIjoiWmpBd1ltTTBNVEZpTWpRMiIsInQiOiJlWXZib0E5NW9Md0VYSG1uZGVHS0hFWTh2bjdyaXJsdWhsXC9HSnphZGo1SzQ2ekVobFNDYWlEXC9UZnhVZEFjclYzVWdnRXFqMjh1M2JpNWpoMWZqTmM1NGRyRzlaWDZBcmFlUWVYQkFVakFsWFlIU0czT3d5dHZ4TGtrUDFqZXA1In0%3D HTTP/1.1" 301 5 "http://info.farmjournal.com/dc/rkEZfow449TboG4KtFsIMzmy5VWX2ErX9INLaG_Ovd9wkG1K1-PNZ9QJq5fVu3AbcBjUBwYWeoF9ABlWIAortfYOIWRNdo6hCMgk_rThD5hlKvLr_qOmWbUZmH-OTBPQ/c0i73MBY0zvG0BxBc097G00" "Mozilla/5.0 (iPad; CPU OS 11_4_1 like Mac OS X) AppleWebKit/605.1.15 (KHTML, like Gecko) Version/11.0 Mobile/15E148 Safari/604.1" 0.005 "2602:30a:c05c:ff40:15a8:6163:e2f:dc23"
35.226.235.22 - - [25/Oct/2018:01:28:00 +0000]  "GET /article/2018/10/17/killer-robots-weeds-wont-know-what-hit-em?mkt_tok=eyJpIjoiWmpBd1ltTTBNVEZpTWpRMiIsInQiOiJlWXZib0E5NW9Md0VYSG1uZGVHS0hFWTh2bjdyaXJsdWhsXC9HSnphZGo1SzQ2ekVobFNDYWlEXC9UZnhVZEFjclYzVWdnRXFqMjh1M2JpNWpoMWZqTmM1NGRyRzlaWDZBcmFlUWVYQkFVakFsWFlIU0czT3d5dHZ4TGtrUDFqZXA1In0%3D HTTP/1.1" 200 201727 "http://info.farmjournal.com/dc/rkEZfow449TboG4KtFsIMzmy5VWX2ErX9INLaG_Ovd9wkG1K1-PNZ9QJq5fVu3AbcBjUBwYWeoF9ABlWIAortfYOIWRNdo6hCMgk_rThD5hlKvLr_qOmWbUZmH-OTBPQ/c0i73MBY0zvG0BxBc097G00" "Mozilla/5.0 (iPad; CPU OS 11_4_1 like Mac OS X) AppleWebKit/605.1.15 (KHTML, like Gecko) Version/11.0 Mobile/15E148 Safari/604.1" 0.784 "2602:30a:c05c:ff40:15a8:6163:e2f:dc23, 2602:30a:c05c:ff40:15a8:6163:e2f:dc23"
104.198.217.33 - - [25/Oct/2018:01:28:03 +0000]  "GET /widget/search HTTP/1.1" 200 1819 "https://www.agprofessional.com/" "Mozilla/5.0 (iPhone; CPU iPhone OS 9_2 like Mac OS X) AppleWebKit/601.1.46 (KHTML, like Gecko) Version/9.0 Mobile/13C75 Safari/601.1" 0.131 "2600:100a:b017:5c55:adcf:ecf0:2539:866f, 2600:100a:b017:5c55:adcf:ecf0:2539:866f"
104.198.217.33 - - [25/Oct/2018:01:28:13 +0000]  "GET /user/login HTTP/1.1" 200 195405 "-" "Mozilla/4.0 (compatible; MSIE 6.0; Windows NT 5.1)" 0.036 "79.171.81.87, 79.171.81.87"
35.239.52.76 - - [25/Oct/2018:01:28:14 +0000]  "GET /widget/search HTTP/1.1" 200 1819 "https://www.agweb.com/" "Mozilla/5.0 (Windows NT 6.3; WOW64; Trident/7.0; rv:11.0) like Gecko" 0.158 "168.245.154.241, 168.245.154.241"
35.238.173.177 - - [25/Oct/2018:01:28:17 +0000]  "GET /article/2018/10/24/inputs-forecast-get-creative-save-seed-costs HTTP/1.1" 200 201136 "-" "Go-http-client/1.1" 1.354 "52.0.217.39, 52.0.217.39"
35.239.122.215 - - [25/Oct/2018:01:28:21 +0000]  "GET /label-comparison/label_compare/32653?destination=/winfield-united/yuma-4e%3Fref%3Dlabel_search%26page%3D2 HTTP/1.1" 200 1353 "-" "Mozilla/5.0 (compatible; AhrefsBot/5.2; +http://ahrefs.com/robot/)" 0.155 "54.36.149.69, 54.36.149.69"
35.238.80.36 - - [25/Oct/2018:01:28:28 +0000]  "GET /label-comparison/label_compare/29839?destination=/ingredients/ammoniacal-nitrogen%3Fsort_by%3Darticle_title%26sort_order%3DASC%26page%3D27 HTTP/1.1" 200 1366 "-" "Mozilla/5.0 (compatible; AhrefsBot/5.2; +http://ahrefs.com/robot/)" 0.168 "54.36.148.148, 54.36.148.148"
35.238.173.177 - - [25/Oct/2018:01:28:30 +0000]  "GET /fmc-corporation/rage HTTP/1.1" 301 5 "-" "Mozilla/5.0 (compatible; DotBot/1.1; http://www.opensiteexplorer.org/dotbot, help@moz.com)" 0.006 "216.244.66.236"
35.238.173.177 - - [25/Oct/2018:01:28:30 +0000]  "GET /pests/junglerice HTTP/1.1" 301 5 "-" "Mozilla/5.0 (compatible; DotBot/1.1; http://www.opensiteexplorer.org/dotbot, help@moz.com)" 0.004 "216.244.66.236"
35.226.235.22 - - [25/Oct/2018:01:28:38 +0000]  "GET /label-comparison/label_compare/33524?destination=/loveland-products-inc/citraplex-25-zinc%3Fref%3Dlabel_search%26page%3D2 HTTP/1.1" 200 1345 "-" "Mozilla/5.0 (compatible; AhrefsBot/5.2; +http://ahrefs.com/robot/)" 0.171 "54.36.148.58, 54.36.148.58"
35.238.80.36 - - [25/Oct/2018:01:28:41 +0000]  "GET /widget/search HTTP/1.1" 200 1815 "https://www.agweb.com/" "Mozilla/5.0 (Windows NT 10.0; Win64; x64) AppleWebKit/537.36 (KHTML, like Gecko) Chrome/69.0.3497.100 Safari/537.36" 0.148 "205.161.25.96, 205.161.25.96"
35.238.80.36 - - [25/Oct/2018:01:28:43 +0000]  "GET /node/143585 HTTP/1.1" 200 204056 "-" "Mozilla/5.0 (compatible; AhrefsBot/5.2; +http://ahrefs.com/robot/)" 0.851 "54.36.148.226, 54.36.148.226"
35.226.235.22 - - [25/Oct/2018:01:28:44 +0000]  "GET /article/2018/10/22/inputs-forecast-fertilizer-prices-increase-first-time-years HTTP/1.1" 200 201178 "-" "Mozilla/5.0 (Windows NT 6.1; Win64; x64) AppleWebKit/537.36 (KHTML, like Gecko) Chrome/69.0.3497.100 Safari/537.36" 0.739 "162.218.41.121, 162.218.41.121"
35.226.235.22 - - [25/Oct/2018:01:28:45 +0000]  "GET /ajax/continent HTTP/1.1" 200 60 "https://www.greenbook.net/article/2018/10/22/inputs-forecast-fertilizer-prices-increase-first-time-years" "Mozilla/5.0 (Windows NT 6.1; Win64; x64) AppleWebKit/537.36 (KHTML, like Gecko) Chrome/69.0.3497.100 Safari/537.36" 0.253 "162.218.41.121, 162.218.41.121"
35.238.173.177 - - [25/Oct/2018:01:28:53 +0000]  "GET /node/31594 HTTP/1.1" 301 5 "-" "Mozilla/5.0 (compatible; AhrefsBot/5.2; +http://ahrefs.com/robot/)" 0.019 "54.36.148.208, 54.36.148.208"
35.238.173.177 - awebb@farmjournal.com [25/Oct/2018:01:28:53 +0000]  "GET /sites/default/files/css/css__eZCPjdiwSqLTemfVCZfNRKwogvJU-Wf8Vor5nTli7g.css?ph4gh2 HTTP/1.1" 200 139 "-" "Go-http-client/1.1" 0.000 "104.198.200.186, 104.198.200.186"
35.226.235.22 - - [25/Oct/2018:01:28:55 +0000]  "GET /agbiochem-inc/gallex HTTP/1.1" 200 204258 "-" "Mozilla/5.0 (iPhone; CPU iPhone OS 7_0 like Mac OS X) AppleWebKit/537.51.1 (KHTML, like Gecko) Version/7.0 Mobile/11A465 Safari/9537.53 (compatible; bingbot/2.0; +http://www.bing.com/bingbot.htm)" 1.383 "157.55.39.193, 157.55.39.193"
104.198.217.33 - - [25/Oct/2018:01:29:01 +0000]  "GET /brandt/brandt-sequestar-11-fe-dtpa?page=1 HTTP/1.1" 200 208285 "-" "Mozilla/5.0 (compatible; bingbot/2.0; +http://www.bing.com/bingbot.htm)" 5.603 "157.55.39.193, 157.55.39.193"
35.226.235.22 - - [25/Oct/2018:01:29:02 +0000]  "GET /widget/search HTTP/1.1" 200 1821 "https://www.agweb.com/" "Mozilla/5.0 (Linux; Android 5.1.1; KFGIWI Build/LVY48F) AppleWebKit/537.36 (KHTML, like Gecko) Silk/69.4.17 like Chrome/69.0.3497.100 Safari/537.36" 0.104 "104.241.213.209, 104.241.213.209"
35.226.235.22 - - [25/Oct/2018:01:29:04 +0000]  "GET /node/176293 HTTP/1.1" 200 201429 "-" "Mozilla/5.0 (compatible; AhrefsBot/5.2; +http://ahrefs.com/robot/)" 0.660 "54.36.149.30, 54.36.149.30"
35.238.80.36 - - [25/Oct/2018:01:29:06 +0000]  "GET /widget/search HTTP/1.1" 200 1828 "https://www.agweb.com/" "Mozilla/5.0 (Windows NT 6.3; Win64; x64) AppleWebKit/537.36 (KHTML, like Gecko) Chrome/69.0.3497.100 Safari/537.36" 0.095 "64.33.141.144, 64.33.141.144"
104.198.217.33 - - [25/Oct/2018:01:29:07 +0000]  "GET /label-comparison/label_compare/29213?destination=/product-type/attractant%3Ftitle%3D%26sort_by%3Dtitle%26sort_order%3DASC%26page%3D2 HTTP/1.1" 200 1380 "-" "Mozilla/5.0 (compatible; AhrefsBot/5.2; +http://ahrefs.com/robot/)" 0.180 "54.36.148.10, 54.36.148.10"
35.238.173.177 - - [25/Oct/2018:01:29:07 +0000]  "GET /brandt/brandt-sequestar-75-cu HTTP/1.1" 200 208006 "-" "Mozilla/5.0 (iPhone; CPU iPhone OS 7_0 like Mac OS X) AppleWebKit/537.51.1 (KHTML, like Gecko) Version/7.0 Mobile/11A465 Safari/9537.53 (compatible; bingbot/2.0; +http://www.bing.com/bingbot.htm)" 6.114 "157.55.39.193, 157.55.39.193"
35.239.122.215 - - [25/Oct/2018:01:29:07 +0000]  "GET /widget/search HTTP/1.1" 200 1819 "https://www.agweb.com/" "Mozilla/5.0 (Windows NT 10.0; Win64; x64; rv:62.0) Gecko/20100101 Firefox/62.0" 0.104 "216.17.81.163, 216.17.81.163"
35.238.80.36 - - [25/Oct/2018:01:29:08 +0000]  "GET /widget/search HTTP/1.1" 200 1818 "https://www.agweb.com/" "Mozilla/5.0 (Windows NT 6.3; Win64; x64) AppleWebKit/537.36 (KHTML, like Gecko) Chrome/69.0.3497.100 Safari/537.36" 0.101 "64.33.141.144, 64.33.141.144"
35.239.52.76 - - [25/Oct/2018:01:29:08 +0000]  "GET /control-solutions-inc/d-fense-dust HTTP/1.1" 200 207858 "-" "Mozilla/5.0 (iPhone; CPU iPhone OS 9_1 like Mac OS X) AppleWebKit/601.1.46 (KHTML, like Gecko) Version/9.0 Mobile/13B143 Safari/601.1 (compatible; AdsBot-Google-Mobile; +http://www.google.com/mobile/adsbot.html)" 2.352 "209.85.238.55, 209.85.238.55"
35.239.122.215 - - [25/Oct/2018:01:29:08 +0000]  "GET / HTTP/1.1" 200 201709 "-" "Pingdom.com_bot_version_1.4_(http://www.pingdom.com/)" 0.061 "104.129.30.18, 104.129.30.18"
104.198.217.33 - - [25/Oct/2018:01:29:16 +0000]  "GET /sites/default/files/styles/article_img/public/DicambaCuppedSoybeans.jpg?itok=q68dAya6 HTTP/1.1" 200 44399 "-" "Mozilla/5.0 (compatible; bingbot/2.0; +http://www.bing.com/bingbot.htm)" 0.000 "157.55.39.236, 157.55.39.236"
104.198.217.33 - - [25/Oct/2018:01:29:18 +0000]  "GET /widget/search HTTP/1.1" 200 1828 "https://www.agweb.com/" "Mozilla/5.0 (Linux; Android 5.1.1; KFDOWI Build/LVY48F) AppleWebKit/537.36 (KHTML, like Gecko) Silk/69.4.17 like Chrome/69.0.3497.100 Safari/537.36" 0.174 "69.161.52.232, 69.161.52.232"
35.238.173.177 - - [25/Oct/2018:01:29:19 +0000]  "GET /widget/search HTTP/1.1" 200 1816 "https://www.agweb.com/" "Mozilla/5.0 (Windows NT 6.3; Win64; x64) AppleWebKit/537.36 (KHTML, like Gecko) Chrome/69.0.3497.100 Safari/537.36" 0.094 "64.33.141.144, 64.33.141.144"
35.238.80.36 - - [25/Oct/2018:01:29:27 +0000]  "GET /widget/search HTTP/1.1" 200 1825 "https://www.agweb.com/crops/" "Mozilla/5.0 (Windows NT 10.0; WOW64; Trident/7.0; rv:11.0) like Gecko" 0.131 "108.160.59.99, 108.160.59.99"
104.198.217.33 - - [25/Oct/2018:01:29:30 +0000]  "GET /label-comparison/label_compare/31039?destination=/product-type/adjuvants-all-types%3Ftitle%3D%26sort_by%3Dtitle%26sort_order%3DASC%26page%3D6 HTTP/1.1" 200 1349 "-" "Mozilla/5.0 (compatible; AhrefsBot/5.2; +http://ahrefs.com/robot/)" 0.176 "54.36.148.113, 54.36.148.113"
35.238.80.36 - - [25/Oct/2018:01:29:32 +0000]  "GET /widget/search HTTP/1.1" 200 1819 "https://www.agweb.com/" "Mozilla/5.0 (Windows NT 10.0; Win64; x64) AppleWebKit/537.36 (KHTML, like Gecko) Chrome/69.0.3497.100 Safari/537.36" 0.133 "76.92.232.96, 76.92.232.96"
35.239.122.215 - - [25/Oct/2018:01:24:01 +0000]  "GET /widget/search HTTP/1.1" 200 1832 "https://www.agweb.com/" "Mozilla/5.0 (Windows NT 6.3; WOW64) AppleWebKit/537.36 (KHTML, like Gecko) Chrome/63.0.3239.26 Safari/537.36 Core/1.63.6756.400 QQBrowser/10.3.2473.400" 0.168 "113.65.71.60, 113.65.71.60"
104.198.217.33 - - [25/Oct/2018:01:24:57 +0000]  "GET /node/262786 HTTP/1.1" 301 5 "-" "Mozilla/5.0 (compatible; DotBot/1.1; http://www.opensiteexplorer.org/dotbot, help@moz.com)" 0.004 "216.244.66.236"
104.198.217.33 - - [25/Oct/2018:01:24:57 +0000]  "GET /node/32499 HTTP/1.1" 301 5 "-" "Mozilla/5.0 (compatible; DotBot/1.1; http://www.opensiteexplorer.org/dotbot, help@moz.com)" 0.004 "216.244.66.236"
35.238.173.177 - - [25/Oct/2018:01:29:04 +0000]  "GET /widget/search HTTP/1.1" 200 1825 "https://www.agweb.com/" "Mozilla/5.0 (Linux; Android 5.1.1; KFGIWI Build/LVY48F) AppleWebKit/537.36 (KHTML, like Gecko) Silk/69.4.17 like Chrome/69.0.3497.100 Safari/537.36" 0.105 "104.241.213.209, 104.241.213.209"
35.238.173.177 - - [25/Oct/2018:01:29:19 +0000]  "GET /label-comparison/label_compare/33265?destination=/tenkoz/permethrin-32ec-tenkoz-fmc%3Fref%3Dlabel_search%26page%3D1 HTTP/1.1" 200 1343 "-" "Mozilla/5.0 (compatible; AhrefsBot/5.2; +http://ahrefs.com/robot/)" 0.168 "54.36.148.84, 54.36.148.84"
35.238.173.177 - - [25/Oct/2018:01:29:21 +0000]  "GET / HTTP/1.1" 200 201709 "-" "Mozilla/5.0 (compatible; bingbot/2.0; +http://www.bing.com/bingbot.htm)" 0.036 "157.55.39.236, 157.55.39.236"
35.238.173.177 - - [25/Oct/2018:01:29:24 +0000]  "GET /dow-agrosciences/vastlan HTTP/1.1" 200 207967 "-" "Mozilla/5.0 (compatible; bingbot/2.0; +http://www.bing.com/bingbot.htm)" 1.486 "157.55.39.236, 157.55.39.236"
35.238.173.177 - - [25/Oct/2018:01:29:42 +0000]  "GET /node?path=front HTTP/1.1" 301 5811 "-" "Mozilla/4.0 (compatible; MSIE 6.0; Windows NT 5.1)" 0.080 "79.171.81.87, 79.171.81.87"
35.226.235.22 - - [25/Oct/2018:01:29:33 +0000]  "GET /widget/search HTTP/1.1" 200 1814 "https://www.agweb.com/" "Mozilla/5.0 (Windows NT 10.0; Win64; x64) AppleWebKit/537.36 (KHTML, like Gecko) Chrome/69.0.3497.100 Safari/537.36" 0.130 "76.92.232.96, 76.92.232.96"
35.226.235.22 - - [25/Oct/2018:01:29:35 +0000]  "GET /pantheon_healthcheck HTTP/1.1" 200 34 "-" "Pingdom.com_bot_version_1.4_(http://www.pingdom.com/)" 0.003 "69.59.28.19"
35.239.122.215 - - [25/Oct/2018:01:29:36 +0000]  "GET /node/173509 HTTP/1.1" 200 198994 "-" "Mozilla/5.0 (compatible; AhrefsBot/5.2; +http://ahrefs.com/robot/)" 0.781 "54.36.148.69, 54.36.148.69"
35.226.235.22 - - [25/Oct/2018:01:29:41 +0000]  "GET /sites/default/files/styles/article_img/public/2018-10/Soybean_Harvest_673x468_2.jpg?itok=Rp1gARE6 HTTP/1.1" 200 23210 "-" "Go-http-client/1.1" 0.000 "104.198.200.186, 104.198.200.186"
35.239.52.76 - - [25/Oct/2018:01:29:43 +0000]  "GET /?path=front HTTP/1.1" 200 201843 "-" "Mozilla/4.0 (compatible; MSIE 6.0; Windows NT 5.1)" 0.632 "79.171.81.87, 79.171.81.87"
35.226.235.22 - - [25/Oct/2018:01:29:44 +0000]  "GET /node/275745 HTTP/1.1" 200 200617 "-" "Mozilla/4.0 (compatible; MSIE 6.0; Windows NT 5.1)" 2.043 "79.171.81.62, 79.171.81.62"
35.238.80.36 - - [25/Oct/2018:01:29:47 +0000]  "GET /product/27809 HTTP/1.1" 301 5 "-" "Mozilla/5.0 (compatible; AhrefsBot/5.2; +http://ahrefs.com/robot/)" 0.006 "54.36.149.90, 54.36.149.90"
35.238.80.36 - - [25/Oct/2018:01:29:51 +0000]  "GET /field_collection_item/2151412 HTTP/1.1" 404 196424 "-" "Mozilla/5.0 (compatible; AhrefsBot/5.2; +http://ahrefs.com/robot/)" 0.595 "54.36.149.3, 54.36.149.3"
35.239.52.76 - - [25/Oct/2018:01:30:00 +0000]  "GET /ajax/continent HTTP/1.1" 200 60 "https://www.greenbook.net/dow-agrosciences/resicore" "Mozilla/5.0 (Windows NT 6.1; Win64; x64) AppleWebKit/537.36 (KHTML, like Gecko) Chrome/69.0.3497.100 Safari/537.36" 0.275 "216.114.230.24, 216.114.230.24"
35.238.80.36 - - [25/Oct/2018:01:30:07 +0000]  "GET /widget/search HTTP/1.1" 200 1819 "https://www.agweb.com/" "Mozilla/5.0 (Windows NT 10.0; Win64; x64) AppleWebKit/537.36 (KHTML, like Gecko) Chrome/64.0.3282.140 Safari/537.36 Edge/17.17134" 0.163 "45.53.67.66, 45.53.67.66"
104.198.217.33 - - [25/Oct/2018:01:30:09 +0000]  "GET /article/2018/10/17/killer-robots-weeds-wont-know-what-hit-em HTTP/1.1" 200 200938 "-" "Mozilla/5.0 (Windows NT 10.0; Win64; x64) AppleWebKit/537.36 (KHTML, like Gecko) Chrome/70.0.3538.77 Safari/537.36" 0.044 "108.26.29.199, 108.26.29.199"
104.198.217.33 - - [25/Oct/2018:01:30:21 +0000]  "GET /widget/search HTTP/1.1" 200 1824 "https://www.agweb.com/" "Mozilla/5.0 (Windows NT 6.3; WOW64) AppleWebKit/537.36 (KHTML, like Gecko) Chrome/69.0.3497.100 Safari/537.36" 0.155 "45.40.6.150, 45.40.6.150"
35.239.122.215 - - [25/Oct/2018:01:30:25 +0000]  "GET /node/262589 HTTP/1.1" 301 5 "-" "Mozilla/5.0 (compatible; DotBot/1.1; http://www.opensiteexplorer.org/dotbot, help@moz.com)" 0.005 "216.244.66.236"
104.198.217.33 - - [25/Oct/2018:01:30:26 +0000]  "GET /node/32900 HTTP/1.1" 301 5 "-" "Mozilla/5.0 (compatible; DotBot/1.1; http://www.opensiteexplorer.org/dotbot, help@moz.com)" 0.005 "216.244.66.236"
35.238.80.36 - - [25/Oct/2018:01:30:26 +0000]  "GET /article/2018/10/22/inputs-forecast-fertilizer-prices-increase-first-time-years?mkt_tok=eyJpIjoiWkRCaU5qUm1NMlk0TjJGaSIsInQiOiJqVnVOK1hLT1FxZ1wvYmxDbnR3TDl1VkxsVVhhSkpUMkNUNlhpXC9JSlVJOXBkSlRYamdDRnpXUnhXU01JQVI1TWFiS3BqQmpqS2VJZW5XK0xHUWI1MGxKdUs1TmpDU1l0YkNPOXJvMzBvNmd3REhJeWtDdFpkc3FyZGZTVTJ2QXNxIn0%3D HTTP/1.1" 200 201850 "-" "Mediapartners-Google" 0.840 "209.85.238.57, 209.85.238.57"
35.238.80.36 - - [25/Oct/2018:01:30:27 +0000]  "GET /product/26882 HTTP/1.1" 301 5 "-" "Mozilla/5.0 (compatible; DotBot/1.1; http://www.opensiteexplorer.org/dotbot, help@moz.com)" 0.004 "216.244.66.236"
35.239.52.76 - - [25/Oct/2018:01:30:32 +0000]  "GET /widget/search HTTP/1.1" 200 1828 "https://www.agweb.com/" "Mozilla/5.0 (Windows NT 10.0; Win64; x64) AppleWebKit/537.36 (KHTML, like Gecko) Chrome/64.0.3282.140 Safari/537.36 Edge/17.17134" 0.176 "207.177.116.169, 207.177.116.169"
35.239.122.215 - - [25/Oct/2018:01:30:35 +0000]  "GET /pantheon_healthcheck HTTP/1.1" 200 34 "-" "Pingdom.com_bot_version_1.4_(http://www.pingdom.com/)" 0.005 "184.75.214.66"
