35.226.235.22 - - [25/Oct/2018:00:33:01 +0000]  "GET /albaughagri-star/butyrac-200 HTTP/1.1" 301 5860 "-" "Mozilla/5.0 (compatible; bingbot/2.0; +http://www.bing.com/bingbot.htm)" 0.112 "207.46.13.161, 207.46.13.161"
35.238.80.36 - - [25/Oct/2018:00:33:01 +0000]  "GET /demosearch/showPDF.aspx?id=41469&type=l HTTP/1.1" 404 196450 "-" "Mozilla/5.0 (iPhone; CPU iPhone OS 7_0 like Mac OS X) AppleWebKit/537.51.1 (KHTML, like Gecko) Version/7.0 Mobile/11A465 Safari/9537.53 (compatible; bingbot/2.0; +http://www.bing.com/bingbot.htm)" 0.377 "207.46.13.161, 207.46.13.161"
35.226.235.22 - - [25/Oct/2018:00:33:04 +0000]  "GET /Helena/Products.aspx?pid=41255 HTTP/1.1" 301 5 "-" "Mozilla/5.0 (iPhone; CPU iPhone OS 7_0 like Mac OS X) AppleWebKit/537.51.1 (KHTML, like Gecko) Version/7.0 Mobile/11A465 Safari/9537.53 (compatible; bingbot/2.0; +http://www.bing.com/bingbot.htm)" 0.005 "207.46.13.161"
35.239.122.215 - awebb@farmjournal.com [25/Oct/2018:00:33:06 +0000]  "GET /sites/default/files/css/css__eZCPjdiwSqLTemfVCZfNRKwogvJU-Wf8Vor5nTli7g.css?ph4gh2 HTTP/1.1" 200 139 "-" "Go-http-client/1.1" 0.000 "104.198.200.186, 104.198.200.186"
35.226.235.22 - - [25/Oct/2018:00:33:11 +0000]  "GET /Helena/Products.aspx?pid=45187 HTTP/1.1" 301 5 "-" "Mozilla/5.0 (iPhone; CPU iPhone OS 7_0 like Mac OS X) AppleWebKit/537.51.1 (KHTML, like Gecko) Version/7.0 Mobile/11A465 Safari/9537.53 (compatible; bingbot/2.0; +http://www.bing.com/bingbot.htm)" 0.005 "207.46.13.161"
35.239.122.215 - - [25/Oct/2018:00:33:13 +0000]  "GET /widget/search HTTP/1.1" 200 1823 "https://www.agweb.com/" "Mozilla/5.0 (Windows NT 6.1; Win64; x64; rv:63.0) Gecko/20100101 Firefox/63.0" 0.146 "2604:6000:6285:a400:38e1:4302:5b63:b45a, 2604:6000:6285:a400:38e1:4302:5b63:b45a"
35.239.52.76 - - [25/Oct/2018:00:32:35 +0000]  "GET /pantheon_healthcheck HTTP/1.1" 200 34 "-" "Pingdom.com_bot_version_1.4_(http://www.pingdom.com/)" 0.003 "185.39.146.214"
35.238.173.177 - - [25/Oct/2018:00:32:36 +0000]  "GET /widget/search HTTP/1.1" 200 1820 "https://www.agweb.com/" "Mozilla/5.0 (iPad; CPU OS 11_4_1 like Mac OS X) AppleWebKit/605.1.15 (KHTML, like Gecko) Version/11.0 Mobile/15E148 Safari/604.1" 0.117 "2600:6c4c:687f:f027:0:74bb:b985:8ef0, 2600:6c4c:687f:f027:0:74bb:b985:8ef0"
35.239.52.76 - - [25/Oct/2018:00:32:45 +0000]  "GET /makhteshim-agan-north-america-inc/parrot-df HTTP/1.1" 200 216356 "-" "Mozilla/5.0 (compatible; YandexBot/3.0; +http://yandex.com/bots)" 3.591 "87.250.224.58, 87.250.224.58"
35.238.173.177 - - [25/Oct/2018:00:32:48 +0000]  "GET /widget/search HTTP/1.1" 200 1822 "https://www.agweb.com/" "Mozilla/5.0 (Windows NT 10.0; Win64; x64) AppleWebKit/537.36 (KHTML, like Gecko) Chrome/69.0.3497.100 Safari/537.36" 0.102 "38.122.55.74, 38.122.55.74"
35.239.52.76 - - [25/Oct/2018:00:33:03 +0000]  "GET /ajax/continent HTTP/1.1" 200 60 "https://www.greenbook.net/westbridge-agricultural/organic-biolink-cal-plus-6-calcium" "Mozilla/5.0 (Linux; Android 4.4.4; SM-G360P Build/KTU84P) AppleWebKit/537.36 (KHTML, like Gecko) Chrome/69.0.3497.100 Mobile Safari/537.36" 0.233 "2601:407:c100:8d0:d54c:83c1:ec2e:dea, 2601:407:c100:8d0:d54c:83c1:ec2e:dea"
35.239.52.76 - - [25/Oct/2018:00:33:06 +0000]  "GET /label-comparison/label_compare/34188?destination=/dow-agrosciences/pasturegard-hl%3Fref%3Dlabel_search%26page%3D5 HTTP/1.1" 200 1341 "-" "Mozilla/5.0 (compatible; AhrefsBot/5.2; +http://ahrefs.com/robot/)" 0.182 "54.36.148.184, 54.36.148.184"
35.239.52.76 - - [25/Oct/2018:00:33:30 +0000]  "GET /label-comparison/label_compare/29384?destination=/albaugh-llc/sonoma-40wsp%3Fpage%3D2%26ref%3Dlabel_search HTTP/1.1" 200 1359 "-" "Mozilla/5.0 (compatible; AhrefsBot/5.2; +http://ahrefs.com/robot/)" 0.229 "54.36.148.111, 54.36.148.111"
35.238.80.36 - - [25/Oct/2018:00:33:17 +0000]  "GET /Helena/Products.aspx?pid=45187 HTTP/1.1" 404 196416 "-" "Mozilla/5.0 (iPhone; CPU iPhone OS 7_0 like Mac OS X) AppleWebKit/537.51.1 (KHTML, like Gecko) Version/7.0 Mobile/11A465 Safari/9537.53 (compatible; bingbot/2.0; +http://www.bing.com/bingbot.htm)" 0.618 "207.46.13.161, 207.46.13.161"
35.238.80.36 - - [25/Oct/2018:00:33:18 +0000]  "GET /field_collection_item/2234567 HTTP/1.1" 404 196441 "-" "Mozilla/5.0 (compatible; AhrefsBot/5.2; +http://ahrefs.com/robot/)" 0.635 "54.36.148.58, 54.36.148.58"
35.226.235.22 - - [25/Oct/2018:00:33:23 +0000]  "GET /widget/search HTTP/1.1" 200 1816 "https://www.agweb.com/" "Mozilla/5.0 (Windows NT 10.0; WOW64; Trident/7.0; rv:11.0) like Gecko" 0.151 "216.47.41.172, 216.47.41.172"
35.238.80.36 - - [25/Oct/2018:00:33:26 +0000]  "GET /label-comparison/label_compare/33083?destination=/solera-source-dynamics/paraquat-concentrate%3Fref%3Dlabel_search HTTP/1.1" 200 1337 "-" "Mozilla/5.0 (compatible; AhrefsBot/5.2; +http://ahrefs.com/robot/)" 0.248 "54.36.148.201, 54.36.148.201"
35.239.122.215 - - [25/Oct/2018:00:33:31 +0000]  "GET /widget/search HTTP/1.1" 200 1822 "https://www.agweb.com/" "Mozilla/5.0 (Windows NT 10.0; Win64; x64) AppleWebKit/537.36 (KHTML, like Gecko) Chrome/64.0.3282.140 Safari/537.36 Edge/17.17134" 0.130 "12.35.98.88, 12.35.98.88"
35.226.235.22 - - [25/Oct/2018:00:33:32 +0000]  "GET /demosearch/showPDF.aspx?id=45634&type=l HTTP/1.1" 404 196473 "-" "Mozilla/5.0 (iPhone; CPU iPhone OS 7_0 like Mac OS X) AppleWebKit/537.51.1 (KHTML, like Gecko) Version/7.0 Mobile/11A465 Safari/9537.53 (compatible; bingbot/2.0; +http://www.bing.com/bingbot.htm)" 0.638 "207.46.13.161, 207.46.13.161"
35.238.173.177 - - [25/Oct/2018:00:33:01 +0000]  "GET /widget/search HTTP/1.1" 200 1817 "https://www.agweb.com/" "Mozilla/5.0 (iPad; CPU OS 12_0_1 like Mac OS X) AppleWebKit/605.1.15 (KHTML, like Gecko) Version/12.0 Mobile/15E148 Safari/604.1" 0.082 "2600:1014:b024:1892:ea:2f50:500c:3a41, 2600:1014:b024:1892:ea:2f50:500c:3a41"
35.238.173.177 - - [25/Oct/2018:00:33:08 +0000]  "GET /Helena/Products.aspx?pid=41255 HTTP/1.1" 404 196454 "-" "Mozilla/5.0 (iPhone; CPU iPhone OS 7_0 like Mac OS X) AppleWebKit/537.51.1 (KHTML, like Gecko) Version/7.0 Mobile/11A465 Safari/9537.53 (compatible; bingbot/2.0; +http://www.bing.com/bingbot.htm)" 0.560 "207.46.13.161, 207.46.13.161"
35.238.173.177 - - [25/Oct/2018:00:33:11 +0000]  "GET /label-comparison/label_compare/27429?destination=/loveland-products-inc/leaf-life-gavicide-green-440 HTTP/1.1" 200 1354 "-" "Mozilla/5.0 (compatible; bingbot/2.0; +http://www.bing.com/bingbot.htm)" 0.200 "207.46.13.161, 207.46.13.161"
35.238.173.177 - - [25/Oct/2018:00:33:15 +0000]  "GET /wilbur-ellis/bt-320-dust HTTP/1.1" 200 203674 "-" "Mozilla/5.0 (compatible; bingbot/2.0; +http://www.bing.com/bingbot.htm)" 1.531 "207.46.13.161, 207.46.13.161"
35.238.173.177 - - [25/Oct/2018:00:33:24 +0000]  "GET /search-results?q=&active_ingredient= HTTP/1.1" 200 384690 "-" "Mediapartners-Google" 2.860 "209.85.238.55, 209.85.238.55"
35.238.173.177 - - [25/Oct/2018:00:33:34 +0000]  "GET /widget/search HTTP/1.1" 200 1824 "https://www.agweb.com/" "Mozilla/5.0 (Windows NT 6.1; Win64; x64) AppleWebKit/537.36 (KHTML, like Gecko) Chrome/69.0.3497.100 Safari/537.36" 0.150 "96.42.78.10, 96.42.78.10"
35.238.173.177 - - [25/Oct/2018:00:33:41 +0000]  "GET /Helena/SearchResults.aspx?alter=yes&Pest=TL,1318 HTTP/1.1" 301 5 "-" "Mozilla/5.0 (iPhone; CPU iPhone OS 7_0 like Mac OS X) AppleWebKit/537.51.1 (KHTML, like Gecko) Version/7.0 Mobile/11A465 Safari/9537.53 (compatible; bingbot/2.0; +http://www.bing.com/bingbot.htm)" 0.006 "207.46.13.161"
35.239.122.215 - - [25/Oct/2018:00:33:34 +0000]  "GET /home-page-search/ajax/autocomplete/type/sites?q=O HTTP/1.1" 200 348 "https://www.greenbook.net/search-results?q=Orange%20tree%20&sites=Orange%20tree%20" "Mozilla/5.0 (iPhone; CPU iPhone OS 12_0_1 like Mac OS X) AppleWebKit/605.1.15 (KHTML, like Gecko) Version/12.0 Mobile/15E148 Safari/604.1" 1.568 "2601:206:8203:8490:fda5:da28:f701:e697, 2601:206:8203:8490:fda5:da28:f701:e697"
35.226.235.22 - - [25/Oct/2018:00:33:35 +0000]  "GET /pantheon_healthcheck HTTP/1.1" 200 34 "-" "Pingdom.com_bot_version_1.4_(http://www.pingdom.com/)" 0.003 "209.126.117.87"
35.238.80.36 - - [25/Oct/2018:00:33:37 +0000]  "GET /home-page-search/ajax/autocomplete/type/sites?q=Ora HTTP/1.1" 200 401 "https://www.greenbook.net/search-results?q=Orange%20tree%20&sites=Orange%20tree%20" "Mozilla/5.0 (iPhone; CPU iPhone OS 12_0_1 like Mac OS X) AppleWebKit/605.1.15 (KHTML, like Gecko) Version/12.0 Mobile/15E148 Safari/604.1" 0.207 "2601:206:8203:8490:fda5:da28:f701:e697, 2601:206:8203:8490:fda5:da28:f701:e697"
35.226.235.22 - - [25/Oct/2018:00:33:39 +0000]  "GET /crops/euonymous HTTP/1.1" 200 382788 "-" "Mozilla/5.0 (compatible; bingbot/2.0; +http://www.bing.com/bingbot.htm)" 3.548 "207.46.13.161, 207.46.13.161"
35.226.235.22 - - [25/Oct/2018:00:33:45 +0000]  "GET /Helena/SearchResults.aspx?alter=yes&Pest=TL,1318 HTTP/1.1" 404 193685 "-" "Mozilla/5.0 (iPhone; CPU iPhone OS 7_0 like Mac OS X) AppleWebKit/537.51.1 (KHTML, like Gecko) Version/7.0 Mobile/11A465 Safari/9537.53 (compatible; bingbot/2.0; +http://www.bing.com/bingbot.htm)" 0.521 "207.46.13.161, 207.46.13.161"
35.238.80.36 - - [25/Oct/2018:00:33:52 +0000]  "GET /node/203255 HTTP/1.1" 200 201253 "-" "Mozilla/5.0 (compatible; AhrefsBot/5.2; +http://ahrefs.com/robot/)" 0.794 "54.36.148.11, 54.36.148.11"
104.198.217.33 - - [25/Oct/2018:00:32:37 +0000]  "GET /widget/search HTTP/1.1" 200 1810 "https://www.agweb.com/" "Mozilla/5.0 (iPad; CPU OS 11_4 like Mac OS X) AppleWebKit/605.1.15 (KHTML, like Gecko) Version/11.0 Mobile/15E148 Safari/604.1" 0.162 "76.76.42.53, 76.76.42.53"
104.198.217.33 - - [25/Oct/2018:00:32:49 +0000]  "GET /widget/search HTTP/1.1" 200 1824 "https://www.agweb.com/" "Mozilla/5.0 (X11; Ubuntu; Linux x86_64; rv:61.0) Gecko/20100101 Firefox/61.0" 0.101 "184.100.146.4, 184.100.146.4"
104.198.217.33 - - [25/Oct/2018:00:33:01 +0000]  "GET /widget/search HTTP/1.1" 200 1811 "https://www.agweb.com/" "Mozilla/5.0 (Windows NT 10.0; Win64; x64) AppleWebKit/537.36 (KHTML, like Gecko) Chrome/69.0.3497.100 Safari/537.36" 0.113 "38.122.55.74, 38.122.55.74"
104.198.217.33 - - [25/Oct/2018:00:33:18 +0000]  "GET /widget/search HTTP/1.1" 200 1821 "https://www.agweb.com/" "Mozilla/5.0 (Windows NT 10.0; WOW64; Trident/7.0; rv:11.0) like Gecko" 0.135 "216.47.41.172, 216.47.41.172"
104.198.217.33 - - [25/Oct/2018:00:33:23 +0000]  "GET /ajax/continent HTTP/1.1" 200 60 "https://www.greenbook.net/basf-ag-products/cabrio-eg-fungicide" "Mozilla/5.0 (X11; CrOS x86_64 10895.56.0) AppleWebKit/537.36 (KHTML, like Gecko) Chrome/69.0.3497.95 Safari/537.36" 0.222 "2600:1700:d040:65b0:8cdd:b43d:f02f:446d, 2600:1700:d040:65b0:8cdd:b43d:f02f:446d"
104.198.217.33 - - [25/Oct/2018:00:33:28 +0000]  "GET /article/2016/02/03/ HTTP/1.1" 404 196538 "-" "Mozilla/5.0 (compatible; bingbot/2.0; +http://www.bing.com/bingbot.htm)" 0.801 "157.55.39.50, 157.55.39.50"
104.198.217.33 - - [25/Oct/2018:00:33:38 +0000]  "GET /category/fungicide?path=front HTTP/1.1" 200 201618 "-" "Mozilla/4.0 (compatible; MSIE 6.0; Windows NT 5.1)" 3.011 "79.171.81.63, 79.171.81.63"
35.239.52.76 - - [25/Oct/2018:00:33:30 +0000]  "GET /print/pdf/node/102162 HTTP/1.1" 200 1626591 "-" "Mozilla/5.0 (compatible; bingbot/2.0; +http://www.bing.com/bingbot.htm)" 0.826 "207.46.13.161, 207.46.13.161"
35.226.235.22 - - [25/Oct/2018:00:33:36 +0000]  "GET /widget/search HTTP/1.1" 200 1823 "https://www.agweb.com/" "Mozilla/5.0 (Windows NT 6.1; Win64; x64) AppleWebKit/537.36 (KHTML, like Gecko) Chrome/70.0.3538.77 Safari/537.36" 0.254 "71.28.132.79, 71.28.132.79"
35.239.52.76 - - [25/Oct/2018:00:33:37 +0000]  "GET /category/soil?path=front HTTP/1.1" 200 201499 "-" "Mozilla/4.0 (compatible; MSIE 6.0; Windows NT 5.1)" 2.375 "79.171.81.236, 79.171.81.236"
104.198.217.33 - - [25/Oct/2018:00:34:05 +0000]  "GET /amvac/durham-metaldehyde-granules-35 HTTP/1.1" 200 208056 "-" "Mozilla/5.0 (compatible; YandexBot/3.0; +http://yandex.com/bots)" 3.049 "213.180.203.4, 213.180.203.4"
104.198.217.33 - - [25/Oct/2018:00:34:14 +0000]  "GET /ajax/continent HTTP/1.1" 200 60 "https://www.greenbook.net/article/2018/10/22/inputs-forecast-fertilizer-prices-increase-first-time-years?mkt_tok=eyJpIjoiTkRJME16ZGpOVEEzTjJJeSIsInQiOiJDSnI1VjBPd0FHN2IrSzVYTjhzSXl2Z2ZKVGdTeWswb1VrbzUyM3ptU0RpOVc1azZ0QllcL29CXC8xdThxQkVHVHJweXdCTjBEUnRHWHN0b0VcL0VHQTRCalJaa2R6KzVhaHlFWXRiZ3NqQmowdTg0SEhwWFRFYkptUm5ISXBEMTVaZyJ9" "Mozilla/5.0 (Windows NT 6.3; ARM; Trident/7.0; Touch; rv:11.0) like Gecko" 0.326 "206.72.19.196, 206.72.19.196"
35.239.122.215 - - [25/Oct/2018:00:34:17 +0000]  "GET /widget/search HTTP/1.1" 200 1822 "https://www.agweb.com/" "Mozilla/5.0 (Macintosh; Intel Mac OS X 10_10_5) AppleWebKit/603.3.8 (KHTML, like Gecko) Version/10.1.2 Safari/603.3.8" 0.137 "65.186.201.44, 65.186.201.44"
35.239.122.215 - - [25/Oct/2018:00:34:18 +0000]  "GET /label-comparison/label_compare/31990?destination=/product-type/biological-fungicide HTTP/1.1" 200 1346 "-" "Mozilla/5.0 (compatible; AhrefsBot/5.2; +http://ahrefs.com/robot/)" 0.151 "54.36.149.33, 54.36.149.33"
35.239.122.215 - - [25/Oct/2018:00:34:21 +0000]  "GET /ajax/continent HTTP/1.1" 200 60 "https://www.greenbook.net/search-results?q=&active_ingredient=&text=&manufacturer=&sites=&pests=&labels=&state=&crops=&field_pdf=&product_type=&sort_by=article_title&sort_order=ASC&page=1" "Mozilla/5.0 (Linux; Android 4.4.4; SM-G360P Build/KTU84P) AppleWebKit/537.36 (KHTML, like Gecko) Chrome/69.0.3497.100 Mobile Safari/537.36" 0.375 "2601:407:c100:8d0:d54c:83c1:ec2e:dea, 2601:407:c100:8d0:d54c:83c1:ec2e:dea"
104.198.217.33 - - [25/Oct/2018:00:34:21 +0000]  "GET /widget/search HTTP/1.1" 200 1825 "https://www.agprofessional.com/" "Mozilla/5.0 (Windows NT 6.2; WOW64) AppleWebKit/538.1 (KHTML, like Gecko) PhantomJS/2.1.1 Safari/538.1" 0.169 "64.79.74.170, 64.79.74.170"
35.239.122.215 - - [25/Oct/2018:00:34:23 +0000]  "GET /node/166111 HTTP/1.1" 200 198893 "-" "Mozilla/5.0 (compatible; AhrefsBot/5.2; +http://ahrefs.com/robot/)" 0.870 "54.36.149.83, 54.36.149.83"
35.239.122.215 - - [25/Oct/2018:00:34:29 +0000]  "GET /widget/search HTTP/1.1" 200 1820 "https://www.agweb.com/" "Mozilla/5.0 (Windows NT 10.0; Win64; x64) AppleWebKit/537.36 (KHTML, like Gecko) Chrome/64.0.3282.140 Safari/537.36 Edge/17.17134" 0.113 "50.96.4.193, 50.96.4.193"
35.239.52.76 - - [25/Oct/2018:00:34:35 +0000]  "GET /pantheon_healthcheck HTTP/1.1" 200 34 "-" "Pingdom.com_bot_version_1.4_(http://www.pingdom.com/)" 0.004 "185.93.3.92"
35.239.122.215 - - [25/Oct/2018:00:34:35 +0000]  "GET /crops/asparagus HTTP/1.1" 200 382695 "-" "Mozilla/5.0 (compatible; GrapeshotCrawler/2.0; +http://www.grapeshot.co.uk/crawler.php)" 3.036 "148.64.56.67, 148.64.56.67"
104.198.217.33 - - [25/Oct/2018:00:34:36 +0000]  "GET /node/136844 HTTP/1.1" 200 196699 "-" "Mozilla/5.0 (compatible; AhrefsBot/5.2; +http://ahrefs.com/robot/)" 0.697 "54.36.149.21, 54.36.149.21"
35.239.122.215 - - [25/Oct/2018:00:33:59 +0000]  "GET /label-comparison/label_compare/32172?destination=/basf-ag-products/verdict%3Fref%3Dlabel_search%26page%3D6 HTTP/1.1" 200 1339 "-" "Mozilla/5.0 (compatible; AhrefsBot/5.2; +http://ahrefs.com/robot/)" 0.191 "54.36.148.237, 54.36.148.237"
35.226.235.22 - - [25/Oct/2018:00:34:03 +0000]  "GET /widget/search HTTP/1.1" 200 1803 "https://www.agweb.com/" "Mozilla/5.0 (Windows NT 10.0; Win64; x64) AppleWebKit/537.36 (KHTML, like Gecko) Chrome/69.0.3497.100 Safari/537.36" 0.127 "71.211.44.4, 71.211.44.4"
35.226.235.22 - - [25/Oct/2018:00:34:04 +0000]  "GET /widget/search HTTP/1.1" 200 1813 "https://www.agweb.com/" "Mozilla/5.0 (X11; CrOS x86_64 10895.56.0) AppleWebKit/537.36 (KHTML, like Gecko) Chrome/69.0.3497.95 Safari/537.36" 0.113 "76.77.214.243, 76.77.214.243"
35.239.122.215 - - [25/Oct/2018:00:34:16 +0000]  "GET /search-results?q=&active_ingredient=&text=&manufacturer=&sites=&pests=&labels=&state=&crops=&field_pdf=&product_type=&sort_by=article_title&sort_order=ASC&page=1 HTTP/1.1" 200 383849 "https://www.greenbook.net/search-results?q=&active_ingredient=" "Mozilla/5.0 (Linux; Android 4.4.4; SM-G360P Build/KTU84P) AppleWebKit/537.36 (KHTML, like Gecko) Chrome/69.0.3497.100 Mobile Safari/537.36" 2.356 "2601:407:c100:8d0:d54c:83c1:ec2e:dea, 2601:407:c100:8d0:d54c:83c1:ec2e:dea"
35.226.235.22 - - [25/Oct/2018:00:34:27 +0000]  "GET /widget/search HTTP/1.1" 200 1821 "https://www.agweb.com/" "Mozilla/5.0 (Macintosh; Intel Mac OS X 10.12; rv:62.0) Gecko/20100101 Firefox/62.0" 0.127 "206.72.19.117, 206.72.19.117"
35.226.235.22 - - [25/Oct/2018:00:34:53 +0000]  "GET /search-results?q=&active_ingredient=&text=&manufacturer=&sites=&pests=&labels=&state=&crops=&field_pdf=&product_type=&sort_by=article_title&sort_order=ASC&page=2 HTTP/1.1" 200 383732 "-" "Mediapartners-Google" 2.008 "209.85.238.55, 209.85.238.55"
35.238.80.36 - - [25/Oct/2018:00:34:57 +0000]  "GET /node/181295 HTTP/1.1" 200 197311 "-" "Mozilla/5.0 (compatible; AhrefsBot/5.2; +http://ahrefs.com/robot/)" 0.820 "54.36.148.115, 54.36.148.115"
35.238.80.36 - - [25/Oct/2018:00:35:10 +0000]  "GET /node/176513 HTTP/1.1" 200 198318 "-" "Mozilla/5.0 (compatible; AhrefsBot/5.2; +http://ahrefs.com/robot/)" 0.843 "54.36.148.74, 54.36.148.74"
35.238.80.36 - - [25/Oct/2018:00:35:16 +0000]  "GET /article/2018/10/17/killer-robots-weeds-wont-know-what-hit-em?mkt_tok=eyJpIjoiWlRRMU56VXlaV1UwWlRrMCIsInQiOiJXNUtBeG9HeG5sR1oweGdtSmFMK0k4UFRcLzBSVmhjWWdaUFFuQ3FxMlwvZzdhWU9DXC9sR2ZzRTZZbG9zdnprb0ttQ0YxOHZwSmQ0M2FLdStmZDNSQU5zVUIrNHhjRUdja2o2K3pZMlBEVzZGRVZzclNhMnNORWlcL3hHSzZETmRCbzEifQ%3D%3D HTTP/1.1" 200 201811 "-" "Mozilla/5.0 (compatible; GrapeshotCrawler/2.0; +http://www.grapeshot.co.uk/crawler.php)" 0.945 "148.64.56.66, 148.64.56.66"
35.238.80.36 - - [25/Oct/2018:00:35:17 +0000]  "GET /label-comparison/label_compare/30835?destination=/bayer-cropscience/wolverine-advanced%3Fpage%3D1 HTTP/1.1" 200 1345 "-" "Mozilla/5.0 (compatible; AhrefsBot/5.2; +http://ahrefs.com/robot/)" 0.257 "54.36.148.152, 54.36.148.152"
35.226.235.22 - - [25/Oct/2018:00:35:26 +0000]  "GET /label-comparison/label_compare/33333?destination=/loveland-products-inc/citraplex-20-copper%3Fpage%3D2%26ref%3Dlabel_search HTTP/1.1" 200 1342 "-" "Mozilla/5.0 (compatible; AhrefsBot/5.2; +http://ahrefs.com/robot/)" 0.195 "54.36.148.141, 54.36.148.141"
35.238.80.36 - - [25/Oct/2018:00:35:35 +0000]  "GET /label-comparison/label_compare/289480?destination=/custom-agricultural-formulators/boron-x-tra HTTP/1.1" 200 1347 "-" "Mozilla/5.0 (compatible; AhrefsBot/5.2; +http://ahrefs.com/robot/)" 0.203 "54.36.149.12, 54.36.149.12"
35.226.235.22 - - [25/Oct/2018:00:35:37 +0000]  "GET /node/108707 HTTP/1.1" 200 202142 "-" "Mozilla/5.0 (compatible; AhrefsBot/5.2; +http://ahrefs.com/robot/)" 1.210 "54.36.148.195, 54.36.148.195"
35.238.173.177 - - [25/Oct/2018:00:33:55 +0000]  "GET /article/2018/10/22/inputs-forecast-fertilizer-prices-increase-first-time-years?mkt_tok=eyJpIjoiTkRJME16ZGpOVEEzTjJJeSIsInQiOiJDSnI1VjBPd0FHN2IrSzVYTjhzSXl2Z2ZKVGdTeWswb1VrbzUyM3ptU0RpOVc1azZ0QllcL29CXC8xdThxQkVHVHJweXdCTjBEUnRHWHN0b0VcL0VHQTRCalJaa2R6KzVhaHlFWXRiZ3NqQmowdTg0SEhwWFRFYkptUm5ISXBEMTVaZyJ9 HTTP/1.1" 301 5 "http://info.farmjournal.com/dc/rkEZfow449TboG4KtFsIMzmy5VWX2ErX9INLaG_Ovd-pkSBIGP8qPY4Q3eDPx2dA4ZpOxLyst1DweMb43BzfA2TWtOL-rHLSLEeVr2hyPOfWHxbQeOIZ8BGomRdjJ_HXe6-EBZKgvn3Ke9HJwFRNpg==/dx0zZB7vGe0BF00GmC730Y0" "Mozilla/5.0 (Windows NT 6.3; ARM; Trident/7.0; Touch; rv:11.0) like Gecko" 0.005 "206.72.19.196"
35.238.173.177 - - [25/Oct/2018:00:34:07 +0000]  "GET /label-comparison/label_compare/289480?destination=/southern-agricultural/chelated-palm-nutritional HTTP/1.1" 200 1345 "-" "Mozilla/5.0 (compatible; AhrefsBot/5.2; +http://ahrefs.com/robot/)" 0.322 "54.36.148.148, 54.36.148.148"
35.238.173.177 - - [25/Oct/2018:00:34:09 +0000]  "GET / HTTP/1.1" 200 201777 "-" "Pingdom.com_bot_version_1.4_(http://www.pingdom.com/)" 0.699 "207.244.80.239, 207.244.80.239"
35.238.173.177 - - [25/Oct/2018:00:35:09 +0000]  "GET / HTTP/1.1" 200 201820 "-" "Pingdom.com_bot_version_1.4_(http://www.pingdom.com/)" 1.166 "209.126.120.29, 209.126.120.29"
35.238.173.177 - - [25/Oct/2018:00:35:16 +0000]  "GET /makhteshim-agan-north-america-inc/metribuzin-75df HTTP/1.1" 200 214317 "-" "Mozilla/5.0 (compatible; GrapeshotCrawler/2.0; +http://www.grapeshot.co.uk/crawler.php)" 4.138 "148.64.56.66, 148.64.56.66"
35.238.173.177 - - [25/Oct/2018:00:35:18 +0000]  "GET /label-comparison/label_compare/32379?destination=/albaugh-llc/azoxystar%3Fpage%3D4%26ref%3Dlabel_search HTTP/1.1" 200 1349 "-" "Mozilla/5.0 (compatible; AhrefsBot/5.2; +http://ahrefs.com/robot/)" 0.157 "54.36.148.161, 54.36.148.161"
35.239.122.215 - - [25/Oct/2018:00:34:44 +0000]  "GET /widget/search HTTP/1.1" 200 1825 "https://www.agweb.com/" "Mozilla/5.0 (Macintosh; Intel Mac OS X 10_13_6) AppleWebKit/605.1.15 (KHTML, like Gecko) Version/12.0 Safari/605.1.15" 0.170 "162.245.50.37, 162.245.50.37"
35.239.122.215 - - [25/Oct/2018:00:34:45 +0000]  "GET /widget/search HTTP/1.1" 200 1818 "https://www.agweb.com/?smartid=DGZGZZG111ZZZ11D2ZZZZZZ1BZ000000846191Z1206ZZZZ0710&spMailingID=46468585&spUserID=MTE5MTM3OTg2MDMS1&spJobID=481965574&spReportId=NDgxOTY1NTc0S0" "Mozilla/5.0 (Windows NT 10.0; Win64; x64) AppleWebKit/537.36 (KHTML, like Gecko) Chrome/69.0.3497.100 Safari/537.36" 0.105 "64.31.251.220, 64.31.251.220"
104.198.217.33 - - [25/Oct/2018:00:34:51 +0000]  "GET /brandt/nordox-75-wg HTTP/1.1" 200 214805 "-" "Mozilla/5.0 (Linux; Android 6.0.1; Nexus 5X Build/MMB29P) AppleWebKit/537.36 (KHTML, like Gecko) Chrome/41.0.2272.96 Mobile Safari/537.36 (compatible; Googlebot/2.1; +http://www.google.com/bot.html)" 2.354 "66.249.65.121, 66.249.65.121"
35.239.122.215 - - [25/Oct/2018:00:35:05 +0000]  "GET /node/156476 HTTP/1.1" 200 200004 "-" "Mozilla/5.0 (compatible; AhrefsBot/5.2; +http://ahrefs.com/robot/)" 0.907 "54.36.148.163, 54.36.148.163"
104.198.217.33 - - [25/Oct/2018:00:35:37 +0000]  "GET /widget/search HTTP/1.1" 200 1822 "https://www.agweb.com/" "Mozilla/5.0 (Windows NT 10.0; Win64; x64) AppleWebKit/537.36 (KHTML, like Gecko) Chrome/69.0.3497.100 Safari/537.36" 0.175 "70.44.81.222, 70.44.81.222"
104.198.217.33 - - [25/Oct/2018:00:35:43 +0000]  "GET /ajax/continent HTTP/1.1" 200 60 "https://www.greenbook.net/westbridge-agricultural/organic-biolink-cal-plus-6-calcium" "Mozilla/5.0 (Linux; Android 4.4.4; SM-G360P Build/KTU84P) AppleWebKit/537.36 (KHTML, like Gecko) Chrome/69.0.3497.100 Mobile Safari/537.36" 0.232 "2601:407:c100:8d0:d54c:83c1:ec2e:dea, 2601:407:c100:8d0:d54c:83c1:ec2e:dea"
35.238.80.36 - - [25/Oct/2018:00:35:39 +0000]  "GET /label-comparison/label_compare/34124?destination=/loveland-products-inc/clean-amine%3Fpage%3D1%26ref%3Dlabel_search HTTP/1.1" 200 1349 "-" "Mozilla/5.0 (compatible; AhrefsBot/5.2; +http://ahrefs.com/robot/)" 0.128 "54.36.149.59, 54.36.149.59"
35.238.80.36 - - [25/Oct/2018:00:35:39 +0000]  "GET /label-comparison/label_compare/34071?destination=/winfield-united/cornerstone-plus%3Fpage%3D12 HTTP/1.1" 200 1317 "-" "Mozilla/5.0 (compatible; AhrefsBot/5.2; +http://ahrefs.com/robot/)" 0.113 "54.36.148.159, 54.36.148.159"
35.238.80.36 - - [25/Oct/2018:00:35:56 +0000]  "GET /widget/search HTTP/1.1" 200 1821 "https://www.agweb.com/" "Mozilla/5.0 (iPad; CPU OS 12_0_1 like Mac OS X) AppleWebKit/605.1.15 (KHTML, like Gecko) Version/12.0 Mobile/15E148 Safari/604.1" 0.169 "50.80.61.73, 50.80.61.73"
35.226.235.22 - - [25/Oct/2018:00:36:14 +0000]  "GET /label-comparison/label_compare/32135?destination=/basf-professional-and-specialty-solutions/segment%3Fref%3Dlist_search%26page%3D1 HTTP/1.1" 200 1394 "-" "Mozilla/5.0 (compatible; AhrefsBot/5.2; +http://ahrefs.com/robot/)" 0.195 "54.36.148.245, 54.36.148.245"
35.238.80.36 - - [25/Oct/2018:00:36:15 +0000]  "GET /sipcam-pacific-australia/simazine-900-wdg HTTP/1.1" 200 200697 "-" "Mozilla/5.0 (compatible; YandexBot/3.0; +http://yandex.com/bots)" 1.191 "87.250.224.58, 87.250.224.58"
35.238.80.36 - - [25/Oct/2018:00:36:23 +0000]  "GET /?category=All&min=&max=&author_id=&sort_by=changed_1&title=&actions&0=&date_range_start=&date_range_end=&search-stories&page=1 HTTP/1.1" 200 202002 "-" "Mozilla/4.0 (compatible; MSIE 6.0; Windows NT 5.1)" 1.901 "79.171.81.236, 79.171.81.236"
35.238.80.36 - - [25/Oct/2018:00:36:24 +0000]  "GET /node/125193 HTTP/1.1" 200 197143 "-" "Mozilla/5.0 (compatible; AhrefsBot/5.2; +http://ahrefs.com/robot/)" 0.777 "54.36.148.90, 54.36.148.90"
35.239.122.215 - - [25/Oct/2018:00:35:49 +0000]  "GET /widget/search HTTP/1.1" 200 1816 "https://www.agweb.com/" "Mozilla/5.0 (Windows NT 10.0; Win64; x64; rv:62.0) Gecko/20100101 Firefox/62.0" 0.164 "2604:6000:a3c2:4600:c954:ff95:f5d7:b8f6, 2604:6000:a3c2:4600:c954:ff95:f5d7:b8f6"
35.239.122.215 - - [25/Oct/2018:00:35:53 +0000]  "GET /widget/search HTTP/1.1" 200 1814 "https://www.agweb.com/" "Mozilla/5.0 (Windows NT 10.0; Win64; x64) AppleWebKit/537.36 (KHTML, like Gecko) Chrome/69.0.3497.100 Safari/537.36" 0.189 "71.211.44.4, 71.211.44.4"
35.239.122.215 - - [25/Oct/2018:00:36:06 +0000]  "GET /widget/search HTTP/1.1" 200 1810 "https://www.agweb.com/" "Mozilla/5.0 (iPad; CPU OS 9_3_5 like Mac OS X) AppleWebKit/601.1.46 (KHTML, like Gecko) Version/9.0 Mobile/13G36 Safari/601.1" 0.181 "208.123.58.50, 208.123.58.50"
104.198.217.33 - - [25/Oct/2018:00:36:09 +0000]  "GET /widget/search HTTP/1.1" 200 1822 "https://www.agweb.com/" "Mozilla/5.0 (iPad; CPU OS 12_0_1 like Mac OS X) AppleWebKit/605.1.15 (KHTML, like Gecko) Version/12.0 Mobile/15E148 Safari/604.1" 0.125 "50.80.61.73, 50.80.61.73"
35.239.122.215 - - [25/Oct/2018:00:36:21 +0000]  "GET /user/password HTTP/1.1" 200 196127 "-" "Mozilla/4.0 (compatible; MSIE 6.0; Windows NT 5.1)" 0.608 "79.171.81.62, 79.171.81.62"
104.198.217.33 - - [25/Oct/2018:00:36:21 +0000]  "GET /node?category=All&min=&max=&author_id=&sort_by=changed_1&title=&actions&0=&date_range_start=&date_range_end=&search-stories&page=1 HTTP/1.1" 301 6447 "-" "Mozilla/4.0 (compatible; MSIE 6.0; Windows NT 5.1)" 0.050 "79.171.81.236, 79.171.81.236"
35.239.122.215 - - [25/Oct/2018:00:36:38 +0000]  "GET /widget/search HTTP/1.1" 200 1819 "https://www.agweb.com/" "Mozilla/5.0 (Macintosh; Intel Mac OS X 10_13_6) AppleWebKit/605.1.15 (KHTML, like Gecko) Version/11.1.2 Safari/605.1.15" 0.123 "173.0.19.132, 173.0.19.132"
35.226.235.22 - - [25/Oct/2018:00:36:44 +0000]  "GET /widget/search HTTP/1.1" 200 1820 "https://www.agweb.com/" "Mozilla/5.0 (iPad; CPU OS 11_4 like Mac OS X) AppleWebKit/605.1.15 (KHTML, like Gecko) Version/11.0 Mobile/15E148 Safari/604.1" 0.124 "207.155.86.166, 207.155.86.166"
35.238.80.36 - - [25/Oct/2018:00:36:54 +0000]  "GET /label-comparison/label_compare/289193?destination=/chemurgic-agricultural-chemicals-inc/chelstar-55-magnesium-chelate HTTP/1.1" 200 1350 "-" "Mozilla/5.0 (compatible; AhrefsBot/5.2; +http://ahrefs.com/robot/)" 0.201 "54.36.149.85, 54.36.149.85"
35.238.80.36 - - [25/Oct/2018:00:37:06 +0000]  "GET /ingredients/fluroxypyr-1-methylheptyl-ester HTTP/1.1" 200 382415 "-" "Mozilla/5.0 (compatible; GrapeshotCrawler/2.0; +http://www.grapeshot.co.uk/crawler.php)" 3.311 "148.64.56.65, 148.64.56.65"
35.238.80.36 - - [25/Oct/2018:00:37:10 +0000]  "GET /pests/webworm-fall HTTP/1.1" 200 382458 "-" "Mozilla/5.0 (compatible; Googlebot/2.1; +http://www.google.com/bot.html)" 2.558 "66.249.65.119, 66.249.65.119"
35.226.235.22 - - [25/Oct/2018:00:37:11 +0000]  "GET / HTTP/1.1" 200 201748 "https://www.greenbook.net/" "Mozilla/5.0+(compatible; UptimeRobot/2.0; http://www.uptimerobot.com/)" 0.030 "63.143.42.245, 63.143.42.245"
35.226.235.22 - - [25/Oct/2018:00:37:18 +0000]  "GET /field_collection_item/2193100 HTTP/1.1" 404 196431 "-" "Mozilla/5.0 (compatible; AhrefsBot/5.2; +http://ahrefs.com/robot/)" 0.630 "54.36.149.87, 54.36.149.87"
35.226.235.22 - - [25/Oct/2018:00:37:27 +0000]  "GET /label-comparison/label_compare/34536?destination=/basf-ag-products/stamina%3Fpage%3D1%26ref%3Dlabel_search HTTP/1.1" 200 1331 "-" "Mozilla/5.0 (compatible; AhrefsBot/5.2; +http://ahrefs.com/robot/)" 0.118 "54.36.148.232, 54.36.148.232"
104.198.217.33 - - [25/Oct/2018:00:36:54 +0000]  "GET /widget/search HTTP/1.1" 200 1817 "https://www.agweb.com/" "Mozilla/5.0 (Windows NT 10.0; Win64; x64) AppleWebKit/537.36 (KHTML, like Gecko) Chrome/69.0.3497.100 Safari/537.36" 0.190 "66.231.106.189, 66.231.106.189"
104.198.217.33 - - [25/Oct/2018:00:36:57 +0000]  "GET /node/151997 HTTP/1.1" 200 198964 "-" "Mozilla/5.0 (compatible; AhrefsBot/5.2; +http://ahrefs.com/robot/)" 0.902 "54.36.148.160, 54.36.148.160"
104.198.217.33 - - [25/Oct/2018:00:37:06 +0000]  "GET /field_collection_item/2394006 HTTP/1.1" 404 196425 "-" "Mozilla/5.0 (compatible; AhrefsBot/5.2; +http://ahrefs.com/robot/)" 0.623 "54.36.148.19, 54.36.148.19"
35.239.122.215 - - [25/Oct/2018:00:37:10 +0000]  "GET /ajax/continent HTTP/1.1" 200 60 "https://www.greenbook.net/article/2018/10/22/inputs-forecast-fertilizer-prices-increase-first-time-years" "Mozilla/5.0 (Windows NT 10.0; Win64; x64) AppleWebKit/537.36 (KHTML, like Gecko) Chrome/64.0.3282.140 Safari/537.36 Edge/17.17134" 0.232 "104.218.68.203, 104.218.68.203"
35.239.122.215 - - [25/Oct/2018:00:37:21 +0000]  "GET /widget/search HTTP/1.1" 200 1823 "https://www.agweb.com/" "Mozilla/5.0 (Windows NT 6.3; Win64; x64; Trident/7.0; Touch; rv:11.0) like Gecko" 0.144 "168.245.154.241, 168.245.154.241"
35.239.122.215 - - [25/Oct/2018:00:37:33 +0000]  "GET /label-comparison/label_compare/34530?destination=/product-type/nitrogen-stabilizer HTTP/1.1" 200 1335 "-" "Mozilla/5.0 (compatible; AhrefsBot/5.2; +http://ahrefs.com/robot/)" 0.199 "54.36.148.180, 54.36.148.180"
104.198.217.33 - - [25/Oct/2018:00:37:33 +0000]  "GET /scotts-company/contrast-70-wsp HTTP/1.1" 200 205710 "-" "Mozilla/5.0 (compatible; GrapeshotCrawler/2.0; +http://www.grapeshot.co.uk/crawler.php)" 2.756 "148.64.56.70, 148.64.56.70"
104.198.217.33 - - [25/Oct/2018:00:37:35 +0000]  "GET /pantheon_healthcheck HTTP/1.1" 200 34 "-" "Pingdom.com_bot_version_1.4_(http://www.pingdom.com/)" 0.004 "85.93.93.123"
104.198.217.33 - - [25/Oct/2018:00:37:48 +0000]  "GET //?network=d&matchtype=&keyword=insecticide&creative=251784795326&device=m&devicemodel=apple%2Biphone&placement=homeguides.sfgate.com&position=none&campaignid=1051500139&adgroupid=47067694450&loc_physical_ms=9030275&loc_interest_ms=&gclid=EAIaIQobChMIuOfI-6yg3gIVggKtBh1CDQhoEAEYASAAEgJY3vD_BwE HTTP/1.1" 302 7127 "https://googleads.g.doubleclick.net/pagead/ads?client=ca-pub-3235755782694080&output=html&h=190&w=414&bih=622&biw=414&slotname=1483013110&adk=2834116680&url=https://homeguides.sfgate.com/homemade-bug-spray-houseplants-41029.html&ref=https://www.google.com/&frm=20&guci=2.2.0.0.2.2.0&eid=21060853,21070025&u_his=2&brdim=0,0,0,0,414,0,0,0,414,622&prev_fmts=414x190_0ads_al&format=fpkc_al_lp&kw_type=radlink&hl=en&rt=ChBb0RBMAABlwQp9BJNPDahmEgEgGgiW4nbMQGQGICgBUhMI3tCn96yg3gIV_xitBh2ixAlleAGCASgKJEhvbWVtYWRlIEJ1ZyBTcHJheSBmb3IgSW5kb29yIFBsYW50cxIAggEcChhOYXR1cmFsIFJlbWVkeSBUcmVhdG1lbnQSAIIBEgoOSG9tZSBCdWcgU3ByYXkSAIIBIgoeTmF0dXJhbCBJbnNlY3RpY2lkZSBmb3IgUGxhbnRzEgCIAQA&ad_type=text" "Mozilla/5.0 (iPhone; CPU iPhone OS 11_4_1 like Mac OS X) AppleWebKit/605.1.15 (KHTML, like Gecko) Version/11.0 Mobile/15E148 Safari/604.1" 0.041 "96.18.211.168, 96.18.211.168"
35.239.122.215 - - [25/Oct/2018:00:37:49 +0000]  "GET /label-comparison/label_compare/30829?destination=/bayer-environmental-science/esplanade-200-sc%3Fpage%3D3%26ref%3Dlabel_search HTTP/1.1" 200 1359 "-" "Mozilla/5.0 (compatible; AhrefsBot/5.2; +http://ahrefs.com/robot/)" 0.244 "54.36.148.181, 54.36.148.181"
104.198.217.33 - - [25/Oct/2018:00:37:51 +0000]  "GET /widget/search HTTP/1.1" 200 1820 "https://www.agweb.com/" "Mozilla/5.0 (Windows NT 6.1; Win64; x64; rv:62.0) Gecko/20100101 Firefox/62.0" 0.106 "74.32.242.193, 74.32.242.193"
35.238.173.177 - - [25/Oct/2018:00:35:40 +0000]  "GET /ASP/free.asp HTTP/1.1" 404 2723 "-" "Mozilla/5.0 (Linux; Android 6.0.1; Nexus 5X Build/MMB29P) AppleWebKit/537.36 (KHTML, like Gecko) Chrome/41.0.2272.96 Mobile Safari/537.36 (compatible; Googlebot/2.1; +http://www.google.com/bot.html)" 0.046 "66.249.65.119, 66.249.65.119"
35.238.173.177 - - [25/Oct/2018:00:35:42 +0000]  "POST /westbridge-agricultural/organic-biolink-cal-plus-6-calcium?ajax_form=1&_wrapper_format=drupal_ajax HTTP/1.1" 200 656 "https://www.greenbook.net/westbridge-agricultural/organic-biolink-cal-plus-6-calcium" "Mozilla/5.0 (Linux; Android 4.4.4; SM-G360P Build/KTU84P) AppleWebKit/537.36 (KHTML, like Gecko) Chrome/69.0.3497.100 Mobile Safari/537.36" 0.637 "2601:407:c100:8d0:d54c:83c1:ec2e:dea, 2601:407:c100:8d0:d54c:83c1:ec2e:dea"
35.238.173.177 - - [25/Oct/2018:00:35:59 +0000]  "GET /widget/search HTTP/1.1" 200 1823 "https://www.agweb.com/" "Mozilla/5.0 (Windows NT 6.1; WOW64; Trident/7.0; rv:11.0) like Gecko" 0.173 "50.32.198.46, 50.32.198.46"
35.238.173.177 - - [25/Oct/2018:00:36:21 +0000]  "GET /register HTTP/1.1" 200 208837 "-" "Mozilla/4.0 (compatible; MSIE 6.0; Windows NT 5.1)" 1.066 "79.171.81.87, 79.171.81.87"
35.238.173.177 - - [25/Oct/2018:00:36:37 +0000]  "GET /node/84751 HTTP/1.1" 200 197155 "-" "Mozilla/5.0 (compatible; YandexBot/3.0; +http://yandex.com/bots)" 0.906 "178.154.200.26, 178.154.200.26"
35.238.173.177 - - [25/Oct/2018:00:37:04 +0000]  "GET /widget/search HTTP/1.1" 200 1825 "https://www.agweb.com/" "Mozilla/5.0 (Linux; Android 5.1.1; KFSUWI Build/LVY48F) AppleWebKit/537.36 (KHTML, like Gecko) Silk/69.4.17 like Chrome/69.0.3497.100 Safari/537.36" 0.134 "47.12.8.66, 47.12.8.66"
104.198.217.33 - awebb@farmjournal.com [25/Oct/2018:00:37:59 +0000]  "GET /sites/default/files/css/css__eZCPjdiwSqLTemfVCZfNRKwogvJU-Wf8Vor5nTli7g.css?ph4gh2 HTTP/1.1" 200 139 "-" "Go-http-client/1.1" 0.000 "104.198.200.186, 104.198.200.186"
35.239.122.215 - - [25/Oct/2018:00:38:00 +0000]  "GET /field_collection_item/2384836 HTTP/1.1" 404 196441 "-" "Mozilla/5.0 (compatible; AhrefsBot/5.2; +http://ahrefs.com/robot/)" 0.679 "54.36.149.23, 54.36.149.23"
104.198.217.33 - - [25/Oct/2018:00:38:02 +0000]  "GET /label-comparison/label_compare/29532?destination=/helena-agri-enterprises-llc/pro-mate-bifenthrin%3Fpage%3D5 HTTP/1.1" 200 1341 "-" "Mozilla/5.0 (compatible; AhrefsBot/5.2; +http://ahrefs.com/robot/)" 0.181 "54.36.148.217, 54.36.148.217"
35.239.122.215 - - [25/Oct/2018:00:38:04 +0000]  "GET /article/2018/10/17/killer-robots-weeds-wont-know-what-hit-em?mkt_tok=eyJpIjoiT0RVNE1HRmlPRFJpWlRSaSIsInQiOiIrbGpKbllOaVlEenBHY2dpVWw1QUVOdGthZlJNOU1SaFNOZmRiNDBCbWxDd1I0RWpxcGloWnBxUzFjTk4rWXdVMmU4TXRHczBkcFBzRjR6ZmhcLzV3VlwvRTRTcXZKOWdPaHI2YnBMbDQ0eFdqQWI0MGd5bXdZUVFEdCsxTWwyV01CIn0%3D HTTP/1.1" 301 5 "http://info.farmjournal.com/dc/rkEZfow449TboG4KtFsIMzmy5VWX2ErX9INLaG_Ovd9wkG1K1-PNZ9QJq5fVu3AbcBjUBwYWeoF9ABlWIAortfYOIWRNdo6hCMgk_rThD5hlKvLr_qOmWbUZmH-OTBPQ/f00Gx7z0c700BG3xYvBYv0m" "Mozilla/5.0 (Linux; Android 7.0; P00I Build/NRD90M) AppleWebKit/537.36 (KHTML, like Gecko) Chrome/68.0.3440.91 Safari/537.36" 0.004 "64.92.129.154"
35.239.122.215 - - [25/Oct/2018:00:38:06 +0000]  "GET /widget/search HTTP/1.1" 200 1818 "https://www.agweb.com/" "Mozilla/5.0 (Macintosh; Intel Mac OS X 10_13_6) AppleWebKit/605.1.15 (KHTML, like Gecko) Version/11.1.2 Safari/605.1.15" 0.124 "173.0.19.132, 173.0.19.132"
35.239.122.215 - - [25/Oct/2018:00:38:14 +0000]  "GET /widget/search HTTP/1.1" 200 1822 "https://www.agweb.com/" "Mozilla/5.0 (Macintosh; Intel Mac OS X 10_10_5) AppleWebKit/603.3.8 (KHTML, like Gecko) Version/10.1.2 Safari/603.3.8" 0.638 "204.16.58.20, 204.16.58.20"
35.238.80.36 - - [25/Oct/2018:00:37:32 +0000]  "GET /widget/search HTTP/1.1" 200 1814 "https://www.agweb.com/" "Mozilla/5.0 (Windows NT 6.1; Win64; x64) AppleWebKit/537.36 (KHTML, like Gecko) Chrome/70.0.3538.77 Safari/537.36" 0.142 "216.255.55.111, 216.255.55.111"
35.238.80.36 - - [25/Oct/2018:00:37:45 +0000]  "GET /label-comparison/label_compare/32870?destination=/loveland-products-inc/citraplex-20-iron%3Fref%3Dlabel_search%26page%3D2 HTTP/1.1" 200 1361 "-" "Mozilla/5.0 (compatible; AhrefsBot/5.2; +http://ahrefs.com/robot/)" 0.169 "54.36.148.151, 54.36.148.151"
35.238.80.36 - - [25/Oct/2018:00:38:16 +0000]  "GET /demosearch/showPDF.aspx?id=40683&type=l HTTP/1.1" 404 193655 "-" "Mozilla/5.0 (iPhone; CPU iPhone OS 7_0 like Mac OS X) AppleWebKit/537.51.1 (KHTML, like Gecko) Version/7.0 Mobile/11A465 Safari/9537.53 (compatible; bingbot/2.0; +http://www.bing.com/bingbot.htm)" 0.721 "207.46.13.161, 207.46.13.161"
35.238.80.36 - awebb@farmjournal.com [25/Oct/2018:00:38:18 +0000]  "GET /sites/default/files/css/css__eZCPjdiwSqLTemfVCZfNRKwogvJU-Wf8Vor5nTli7g.css?ph4gh2 HTTP/1.1" 200 139 "-" "Go-http-client/1.1" 0.000 "35.225.4.179, 35.225.4.179"
35.226.235.22 - awebb@farmjournal.com [25/Oct/2018:00:38:24 +0000]  "GET /sites/default/files/css/css__eZCPjdiwSqLTemfVCZfNRKwogvJU-Wf8Vor5nTli7g.css?ph4gh2 HTTP/1.1" 200 139 "-" "Go-http-client/1.1" 0.000 "104.198.200.186, 104.198.200.186"
35.238.80.36 - - [25/Oct/2018:00:38:27 +0000]  "GET /ajax/continent HTTP/1.1" 200 60 "https://www.greenbook.net/article/2018/10/17/killer-robots-weeds-wont-know-what-hit-em?mkt_tok=eyJpIjoiT0RVNE1HRmlPRFJpWlRSaSIsInQiOiIrbGpKbllOaVlEenBHY2dpVWw1QUVOdGthZlJNOU1SaFNOZmRiNDBCbWxDd1I0RWpxcGloWnBxUzFjTk4rWXdVMmU4TXRHczBkcFBzRjR6ZmhcLzV3VlwvRTRTcXZKOWdPaHI2YnBMbDQ0eFdqQWI0MGd5bXdZUVFEdCsxTWwyV01CIn0%3D" "Mozilla/5.0 (Windows NT 10.0; Win64; x64) AppleWebKit/537.36 (KHTML, like Gecko) Chrome/57.0.2987.133 Safari/537.36" 0.337 "40.107.226.22, 40.107.226.22"
104.198.217.33 - - [25/Oct/2018:00:34:02 +0000]  "GET /widget/search HTTP/1.1" 200 1824 "https://www.agweb.com/" "Mozilla/5.0 (X11; CrOS x86_64 10895.56.0) AppleWebKit/537.36 (KHTML, like Gecko) Chrome/69.0.3497.95 Safari/537.36" 0.176 "76.77.214.243, 76.77.214.243"
35.239.52.76 - - [25/Oct/2018:00:36:23 +0000]  "GET /promote-your-brands HTTP/1.1" 200 196975 "-" "Mozilla/4.0 (compatible; MSIE 6.0; Windows NT 5.1)" 0.033 "79.171.81.87, 79.171.81.87"
35.239.52.76 - - [25/Oct/2018:00:37:02 +0000]  "GET /label-comparison/label_compare/291023?destination=/dupont-crop-protection/aproach-prima%3Fref%3Dlabel_search HTTP/1.1" 200 1345 "-" "Mozilla/5.0 (compatible; AhrefsBot/5.2; +http://ahrefs.com/robot/)" 0.217 "54.36.148.58, 54.36.148.58"
35.239.52.76 - - [25/Oct/2018:00:37:51 +0000]  "GET /widget/search HTTP/1.1" 200 1819 "https://www.agweb.com/" "Mozilla/5.0 (Linux; Android 5.1.1; KFSUWI Build/LVY48F) AppleWebKit/537.36 (KHTML, like Gecko) Silk/69.4.17 like Chrome/69.0.3497.100 Safari/537.36" 0.140 "71.34.195.58, 71.34.195.58"
35.239.52.76 - - [25/Oct/2018:00:38:05 +0000]  "GET /widget/search HTTP/1.1" 200 1822 "https://www.agweb.com/" "Mozilla/5.0 (Macintosh; Intel Mac OS X 10_13_6) AppleWebKit/605.1.15 (KHTML, like Gecko) Version/11.1.2 Safari/605.1.15" 0.157 "173.0.19.132, 173.0.19.132"
35.239.122.215 - - [25/Oct/2018:00:38:18 +0000]  "GET /ajax/continent HTTP/1.1" 200 60 "https://www.greenbook.net/article/2018/10/18/us-farmers-add-460-new-certified-organic-farms?mkt_tok=eyJpIjoiWVRJMFpHVTBabUUxWm1SbSIsInQiOiJ4aXN3SWoxdFRIUGlEOUpOekFtOVhnR0R5MU8zYUFCcGxrYncyMnNLUkdmSGZQUlNmZndQOUhQWFJ4RnlEdU1tMEtcL0RPZFUyNlVQeGZ5TlBOMVVEMks2WEtDdGJDeXVjeGdNZTNFNHpTMHNOWGdISEpoMkRBQm5zRk0zZWx2elYifQ%3D%3D" "Mozilla/5.0 (Windows NT 10.0; WOW64; Trident/7.0; rv:11.0) like Gecko" 0.347 "66.76.154.252, 66.76.154.252"
35.239.122.215 - - [25/Oct/2018:00:38:19 +0000]  "GET /print/pdf/node/112292 HTTP/1.1" 200 1674880 "-" "Mozilla/5.0 (compatible; bingbot/2.0; +http://www.bing.com/bingbot.htm)" 1.421 "207.46.13.161, 207.46.13.161"
104.198.217.33 - - [25/Oct/2018:00:38:25 +0000]  "GET /article/2018/10/17/killer-robots-weeds-wont-know-what-hit-em?mkt_tok=eyJpIjoiT0RVNE1HRmlPRFJpWlRSaSIsInQiOiIrbGpKbllOaVlEenBHY2dpVWw1QUVOdGthZlJNOU1SaFNOZmRiNDBCbWxDd1I0RWpxcGloWnBxUzFjTk4rWXdVMmU4TXRHczBkcFBzRjR6ZmhcLzV3VlwvRTRTcXZKOWdPaHI2YnBMbDQ0eFdqQWI0MGd5bXdZUVFEdCsxTWwyV01CIn0%3D HTTP/1.1" 200 201721 "http://info.farmjournal.com/dc/rkEZfow449TboG4KtFsIMzmy5VWX2ErX9INLaG_Ovd9wkG1K1-PNZ9QJq5fVu3AbcBjUBwYWeoF9ABlWIAortfYOIWRNdo6hCMgk_rThD5hlKvLr_qOmWbUZmH-OTBPQ/f00Gx7z0c700BG3xYvBYv0m" "Mozilla/5.0 (Windows NT 10.0; Win64; x64) AppleWebKit/537.36 (KHTML, like Gecko) Chrome/57.0.2987.133 Safari/537.36" 0.041 "40.107.226.37, 40.107.226.37"
35.239.122.215 - - [25/Oct/2018:00:38:31 +0000]  "GET /crops/onion-seed-treatment HTTP/1.1" 200 382170 "-" "Mozilla/5.0 (compatible; YandexBot/3.0; +http://yandex.com/bots)" 3.640 "178.154.200.26, 178.154.200.26"
104.198.217.33 - - [25/Oct/2018:00:38:33 +0000]  "GET /widget/search HTTP/1.1" 200 1824 "https://www.agweb.com/" "Mozilla/5.0 (Windows NT 6.0; WOW64) AppleWebKit/537.36 (KHTML, like Gecko) Chrome/49.0.2623.112 Safari/537.36" 0.169 "199.193.212.253, 199.193.212.253"
104.198.217.33 - - [25/Oct/2018:00:38:45 +0000]  "GET /sepro/pentathlon-lf HTTP/1.1" 200 219905 "-" "Mozilla/5.0 (compatible; GrapeshotCrawler/2.0; +http://www.grapeshot.co.uk/crawler.php)" 5.783 "148.64.56.69, 148.64.56.69"
104.198.217.33 - - [25/Oct/2018:00:38:59 +0000]  "GET /pests/croton-tropic HTTP/1.1" 200 383102 "-" "Mozilla/5.0 (iPhone; CPU iPhone OS 7_0 like Mac OS X) AppleWebKit/537.51.1 (KHTML, like Gecko) Version/7.0 Mobile/11A465 Safari/9537.53 (compatible; bingbot/2.0; +http://www.bing.com/bingbot.htm)" 2.992 "207.46.13.161, 207.46.13.161"
35.238.80.36 - - [25/Oct/2018:00:38:33 +0000]  "GET /label-comparison/label_compare/33150?destination=/loveland-products-inc/tailspin HTTP/1.1" 200 1372 "-" "Mozilla/5.0 (compatible; AhrefsBot/5.2; +http://ahrefs.com/robot/)" 0.189 "54.36.149.40, 54.36.149.40"
35.226.235.22 - - [25/Oct/2018:00:38:39 +0000]  "GET /print/pdf/node/108407 HTTP/1.1" 200 1609403 "-" "Mozilla/5.0 (compatible; bingbot/2.0; +http://www.bing.com/bingbot.htm)" 0.642 "207.46.13.161, 207.46.13.161"
35.226.235.22 - - [25/Oct/2018:00:38:51 +0000]  "GET /van-diest-supply/cornbelt-base HTTP/1.1" 200 201624 "-" "Mozilla/5.0 (iPhone; CPU iPhone OS 7_0 like Mac OS X) AppleWebKit/537.51.1 (KHTML, like Gecko) Version/7.0 Mobile/11A465 Safari/9537.53 (compatible; bingbot/2.0; +http://www.bing.com/bingbot.htm)" 1.401 "207.46.13.161, 207.46.13.161"
35.226.235.22 - - [25/Oct/2018:00:38:54 +0000]  "GET /widget/search HTTP/1.1" 200 1818 "https://www.agweb.com/" "Mozilla/5.0 (Macintosh; Intel Mac OS X 10_10_5) AppleWebKit/603.3.8 (KHTML, like Gecko) Version/10.1.2 Safari/603.3.8" 0.163 "199.116.197.161, 199.116.197.161"
35.238.80.36 - awebb@farmjournal.com [25/Oct/2018:00:38:54 +0000]  "GET /sites/default/files/css/css__eZCPjdiwSqLTemfVCZfNRKwogvJU-Wf8Vor5nTli7g.css?ph4gh2 HTTP/1.1" 200 139 "-" "Go-http-client/1.1" 0.000 "104.198.200.186, 104.198.200.186"
35.226.235.22 - - [25/Oct/2018:00:38:59 +0000]  "GET /albaugh-llc/gly-star-plus HTTP/1.1" 200 242593 "https://www.google.com/" "Mozilla/5.0 (Windows NT 6.1) AppleWebKit/537.36 (KHTML, like Gecko) Chrome/69.0.3497.100 Safari/537.36" 3.554 "70.167.194.172, 70.167.194.172"
35.238.80.36 - - [25/Oct/2018:00:39:08 +0000]  "GET / HTTP/1.1" 200 201749 "-" "Pingdom.com_bot_version_1.4_(http://www.pingdom.com/)" 0.035 "104.129.30.18, 104.129.30.18"
35.239.52.76 - - [25/Oct/2018:00:38:43 +0000]  "GET /pests/brown-blight-1 HTTP/1.1" 200 381538 "-" "Mozilla/5.0 (iPhone; CPU iPhone OS 7_0 like Mac OS X) AppleWebKit/537.51.1 (KHTML, like Gecko) Version/7.0 Mobile/11A465 Safari/9537.53 (compatible; bingbot/2.0; +http://www.bing.com/bingbot.htm)" 2.680 "207.46.13.161, 207.46.13.161"
35.239.52.76 - - [25/Oct/2018:00:38:44 +0000]  "GET /widget/search HTTP/1.1" 200 1819 "https://www.agweb.com/" "Mozilla/5.0 (iPad; CPU OS 11_3 like Mac OS X) AppleWebKit/605.1.15 (KHTML, like Gecko) Version/11.0 Mobile/15E148 Safari/604.1" 0.142 "2601:151:8200:84f6:89e3:b242:913f:2bda, 2601:151:8200:84f6:89e3:b242:913f:2bda"
35.239.52.76 - - [25/Oct/2018:00:39:02 +0000]  "GET /crops/endivechicory HTTP/1.1" 200 382449 "-" "Mozilla/5.0 (iPhone; CPU iPhone OS 7_0 like Mac OS X) AppleWebKit/537.51.1 (KHTML, like Gecko) Version/7.0 Mobile/11A465 Safari/9537.53 (compatible; bingbot/2.0; +http://www.bing.com/bingbot.htm)" 0.064 "207.46.13.161, 207.46.13.161"
35.239.52.76 - - [25/Oct/2018:00:39:10 +0000]  "GET /widget/search HTTP/1.1" 200 1818 "https://www.agweb.com/" "Mozilla/5.0 (Windows NT 6.1; Win64; x64) AppleWebKit/537.36 (KHTML, like Gecko) Chrome/70.0.3538.77 Safari/537.36" 0.133 "216.255.55.111, 216.255.55.111"
35.239.52.76 - - [25/Oct/2018:00:39:11 +0000]  "GET /article/2018/10/18/us-farmers-add-460-new-certified-organic-farms?mkt_tok=eyJpIjoiTkRJeFpHRmhPVGxoTkRjeiIsInQiOiJxbEVmYWhtMXJINlVFZHhUc3E1cm9admVcL0hOQUJkNm03dWpNUUVpbnplT0FjcFJ2NlZsdWNteDhmQVowWk82OFhPYm1BeXZVa0htVmRoXC9uM1E2UmpENGtDVVNvaWZOSjJIWGdHUTdmQUNDMnRYdEkycmFpR0tnUTVrVGpFb0phIn0%3D HTTP/1.1" 200 201468 "http://info.farmjournal.com/dc/rkEZfow449TboG4KtFsIMzmy5VWX2ErX9INLaG_Ovd9gYFkAbJRP6UAjcfAEt4tRPs5pHRoV0LYZLAKXhwEVOwfdmveqMK3pC9uRLp65T9fBK96tHgBXHgGMyvIoWj_-/P070v0xYzG0k7l0G0WuBBv3" "Mozilla/5.0 (iPad; CPU OS 11_2_6 like Mac OS X) AppleWebKit/604.5.6 (KHTML, like Gecko) Version/11.0 Mobile/15D100 Safari/604.1" 0.799 "206.127.119.32, 206.127.119.32"
35.239.122.215 - - [25/Oct/2018:00:39:01 +0000]  "GET /label-comparison/label_compare/33297?destination=/cleary-chemical-corporation/spectro-90wdg%3Fpage%3D9 HTTP/1.1" 200 1333 "-" "Mozilla/5.0 (compatible; AhrefsBot/5.2; +http://ahrefs.com/robot/)" 0.170 "54.36.149.49, 54.36.149.49"
104.198.217.33 - - [25/Oct/2018:00:39:10 +0000]  "GET /article/2016/01/02/keep-plants-focused-growth HTTP/1.1" 200 201587 "-" "Mozilla/5.0 (iPhone; CPU iPhone OS 7_0 like Mac OS X) AppleWebKit/537.51.1 (KHTML, like Gecko) Version/7.0 Mobile/11A465 Safari/9537.53 (compatible; bingbot/2.0; +http://www.bing.com/bingbot.htm)" 1.494 "207.46.13.161, 207.46.13.161"
104.198.217.33 - - [25/Oct/2018:00:39:16 +0000]  "GET /agrienergy-resources/pillar-11 HTTP/1.1" 200 200713 "-" "Mozilla/5.0 (iPhone; CPU iPhone OS 7_0 like Mac OS X) AppleWebKit/537.51.1 (KHTML, like Gecko) Version/7.0 Mobile/11A465 Safari/9537.53 (compatible; bingbot/2.0; +http://www.bing.com/bingbot.htm)" 1.168 "207.46.13.161, 207.46.13.161"
104.198.217.33 - - [25/Oct/2018:00:39:20 +0000]  "GET /sites/default/files/styles/article_img/public/efae0f6f02db497cb33d3dab255d0e8a1.jpg?itok=q5h44x1s HTTP/1.1" 200 48428 "-" "Go-http-client/1.1" 0.000 "35.225.4.179, 35.225.4.179"
35.239.122.215 - - [25/Oct/2018:00:39:26 +0000]  "GET /label-comparison/label_compare/29701?destination=/tacoma-ag/dicamba-24-d%3Fref%3Dlabel_search%26page%3D3 HTTP/1.1" 200 1350 "-" "Mozilla/5.0 (compatible; AhrefsBot/5.2; +http://ahrefs.com/robot/)" 0.188 "54.36.148.94, 54.36.148.94"
104.198.217.33 - - [25/Oct/2018:00:39:34 +0000]  "GET /label-comparison/label_compare/29551?destination=/valent-usa-llc-agricultural-products/valor-sx%3Fref%3Dlabel_search%26page%3D1 HTTP/1.1" 200 1342 "-" "Mozilla/5.0 (compatible; AhrefsBot/5.2; +http://ahrefs.com/robot/)" 0.247 "54.36.148.28, 54.36.148.28"
35.238.173.177 - - [25/Oct/2018:00:38:05 +0000]  "GET /article/2018/10/17/killer-robots-weeds-wont-know-what-hit-em?mkt_tok=eyJpIjoiT0RVNE1HRmlPRFJpWlRSaSIsInQiOiIrbGpKbllOaVlEenBHY2dpVWw1QUVOdGthZlJNOU1SaFNOZmRiNDBCbWxDd1I0RWpxcGloWnBxUzFjTk4rWXdVMmU4TXRHczBkcFBzRjR6ZmhcLzV3VlwvRTRTcXZKOWdPaHI2YnBMbDQ0eFdqQWI0MGd5bXdZUVFEdCsxTWwyV01CIn0%3D HTTP/1.1" 200 201786 "http://info.farmjournal.com/dc/rkEZfow449TboG4KtFsIMzmy5VWX2ErX9INLaG_Ovd9wkG1K1-PNZ9QJq5fVu3AbcBjUBwYWeoF9ABlWIAortfYOIWRNdo6hCMgk_rThD5hlKvLr_qOmWbUZmH-OTBPQ/f00Gx7z0c700BG3xYvBYv0m" "Mozilla/5.0 (Linux; Android 7.0; P00I Build/NRD90M) AppleWebKit/537.36 (KHTML, like Gecko) Chrome/68.0.3440.91 Safari/537.36" 0.901 "64.92.129.154, 64.92.129.154"
35.238.173.177 - - [25/Oct/2018:00:38:36 +0000]  "GET /widget/search HTTP/1.1" 200 1821 "https://www.agprofessional.com/" "Mozilla/5.0 (Windows NT 6.2; Win64; x64; Trident/7.0; rv:11.0) like Gecko" 0.173 "40.77.181.122, 40.77.181.122"
35.238.173.177 - - [25/Oct/2018:00:38:36 +0000]  "GET /label-comparison/label_compare/29884?destination=/control-solutions-inc/cyonara-lawn-garden-rts%3Fref%3Dlabel_search%26page%3D4 HTTP/1.1" 200 1355 "-" "Mozilla/5.0 (compatible; AhrefsBot/5.2; +http://ahrefs.com/robot/)" 0.110 "54.36.149.105, 54.36.149.105"
35.238.173.177 - - [25/Oct/2018:00:38:46 +0000]  "GET /label-comparison/label_compare/33063?destination=/helena-agri-enterprises-llc/saurus%3Fpage%3D1%26ref%3Dlabel_search HTTP/1.1" 200 1374 "-" "Mozilla/5.0 (compatible; AhrefsBot/5.2; +http://ahrefs.com/robot/)" 0.227 "54.36.148.222, 54.36.148.222"
35.238.173.177 - - [25/Oct/2018:00:39:07 +0000]  "GET /crops/golf-course-aprons HTTP/1.1" 200 382322 "-" "Mozilla/5.0 (compatible; bingbot/2.0; +http://www.bing.com/bingbot.htm)" 2.425 "207.46.13.161, 207.46.13.161"
35.238.173.177 - - [25/Oct/2018:00:39:50 +0000]  "GET /field_collection_item/2089994 HTTP/1.1" 404 196427 "-" "Mozilla/5.0 (compatible; AhrefsBot/5.2; +http://ahrefs.com/robot/)" 0.717 "54.36.148.191, 54.36.148.191"
35.238.80.36 - - [25/Oct/2018:00:39:09 +0000]  "GET /label-comparison/label_compare/32117?destination=/chemical-dynamics-inc/dyna-gold-cb-mix HTTP/1.1" 200 1366 "-" "Mozilla/5.0 (compatible; AhrefsBot/5.2; +http://ahrefs.com/robot/)" 0.194 "54.36.149.25, 54.36.149.25"
35.238.80.36 - - [25/Oct/2018:00:39:10 +0000]  "GET /article/2018/10/18/us-farmers-add-460-new-certified-organic-farms?mkt_tok=eyJpIjoiTkRJeFpHRmhPVGxoTkRjeiIsInQiOiJxbEVmYWhtMXJINlVFZHhUc3E1cm9admVcL0hOQUJkNm03dWpNUUVpbnplT0FjcFJ2NlZsdWNteDhmQVowWk82OFhPYm1BeXZVa0htVmRoXC9uM1E2UmpENGtDVVNvaWZOSjJIWGdHUTdmQUNDMnRYdEkycmFpR0tnUTVrVGpFb0phIn0%3D HTTP/1.1" 301 5 "http://info.farmjournal.com/dc/rkEZfow449TboG4KtFsIMzmy5VWX2ErX9INLaG_Ovd9gYFkAbJRP6UAjcfAEt4tRPs5pHRoV0LYZLAKXhwEVOwfdmveqMK3pC9uRLp65T9fBK96tHgBXHgGMyvIoWj_-/P070v0xYzG0k7l0G0WuBBv3" "Mozilla/5.0 (iPad; CPU OS 11_2_6 like Mac OS X) AppleWebKit/604.5.6 (KHTML, like Gecko) Version/11.0 Mobile/15D100 Safari/604.1" 0.004 "206.127.119.32"
35.226.235.22 - - [25/Oct/2018:00:39:21 +0000]  "GET /article/2017/04/26/chasing-waterhemp-bell-cow-weed-resistance HTTP/1.1" 200 204189 "-" "Mozilla/5.0 (compatible; bingbot/2.0; +http://www.bing.com/bingbot.htm)" 1.180 "157.55.39.193, 157.55.39.193"
